Archive member included to satisfy reference by file (symbol)

c:/ciaa/tools/arm-none-eabi-gcc/bin/../lib/gcc/arm-none-eabi/8.2.1/thumb/v7e-m+fp/hard\libgcc.a(_aeabi_uldivmod.o)
                              lpc_chip_43xx/src/i2s_18xx_43xx.o (__aeabi_uldivmod)
c:/ciaa/tools/arm-none-eabi-gcc/bin/../lib/gcc/arm-none-eabi/8.2.1/thumb/v7e-m+fp/hard\libgcc.a(_udivmoddi4.o)
                              c:/ciaa/tools/arm-none-eabi-gcc/bin/../lib/gcc/arm-none-eabi/8.2.1/thumb/v7e-m+fp/hard\libgcc.a(_aeabi_uldivmod.o) (__udivmoddi4)
c:/ciaa/tools/arm-none-eabi-gcc/bin/../lib/gcc/arm-none-eabi/8.2.1/thumb/v7e-m+fp/hard\libgcc.a(_dvmd_tls.o)
                              c:/ciaa/tools/arm-none-eabi-gcc/bin/../lib/gcc/arm-none-eabi/8.2.1/thumb/v7e-m+fp/hard\libgcc.a(_aeabi_uldivmod.o) (__aeabi_ldiv0)
c:/ciaa/tools/arm-none-eabi-gcc/bin/../lib/gcc/arm-none-eabi/8.2.1/../../../../arm-none-eabi/lib/thumb/v7e-m+fp/hard\libc_nano.a(lib_a-memcpy-stub.o)
                              lpc_chip_43xx/src/ring_buffer.o (memcpy)
c:/ciaa/tools/arm-none-eabi-gcc/bin/../lib/gcc/arm-none-eabi/8.2.1/../../../../arm-none-eabi/lib/thumb/v7e-m+fp/hard\libc_nano.a(lib_a-memset.o)
                              lpc_chip_43xx/src/clock_18xx_43xx.o (memset)
c:/ciaa/tools/arm-none-eabi-gcc/bin/../lib/gcc/arm-none-eabi/8.2.1/../../../../arm-none-eabi/lib/thumb/v7e-m+fp/hard\libc_nano.a(lib_a-printf.o)
                              app/src/main.o (printf)
c:/ciaa/tools/arm-none-eabi-gcc/bin/../lib/gcc/arm-none-eabi/8.2.1/../../../../arm-none-eabi/lib/thumb/v7e-m+fp/hard\libc_nano.a(lib_a-findfp.o)
                              c:/ciaa/tools/arm-none-eabi-gcc/bin/../lib/gcc/arm-none-eabi/8.2.1/../../../../arm-none-eabi/lib/thumb/v7e-m+fp/hard\libc_nano.a(lib_a-printf.o) (__sinit)
c:/ciaa/tools/arm-none-eabi-gcc/bin/../lib/gcc/arm-none-eabi/8.2.1/../../../../arm-none-eabi/lib/thumb/v7e-m+fp/hard\libc_nano.a(lib_a-fwalk.o)
                              c:/ciaa/tools/arm-none-eabi-gcc/bin/../lib/gcc/arm-none-eabi/8.2.1/../../../../arm-none-eabi/lib/thumb/v7e-m+fp/hard\libc_nano.a(lib_a-findfp.o) (_fwalk)
c:/ciaa/tools/arm-none-eabi-gcc/bin/../lib/gcc/arm-none-eabi/8.2.1/../../../../arm-none-eabi/lib/thumb/v7e-m+fp/hard\libc_nano.a(lib_a-impure.o)
                              c:/ciaa/tools/arm-none-eabi-gcc/bin/../lib/gcc/arm-none-eabi/8.2.1/../../../../arm-none-eabi/lib/thumb/v7e-m+fp/hard\libc_nano.a(lib_a-findfp.o) (_global_impure_ptr)
c:/ciaa/tools/arm-none-eabi-gcc/bin/../lib/gcc/arm-none-eabi/8.2.1/../../../../arm-none-eabi/lib/thumb/v7e-m+fp/hard\libc_nano.a(lib_a-lock.o)
                              c:/ciaa/tools/arm-none-eabi-gcc/bin/../lib/gcc/arm-none-eabi/8.2.1/../../../../arm-none-eabi/lib/thumb/v7e-m+fp/hard\libc_nano.a(lib_a-findfp.o) (__retarget_lock_init_recursive)
c:/ciaa/tools/arm-none-eabi-gcc/bin/../lib/gcc/arm-none-eabi/8.2.1/../../../../arm-none-eabi/lib/thumb/v7e-m+fp/hard\libc_nano.a(lib_a-nano-mallocr.o)
                              c:/ciaa/tools/arm-none-eabi-gcc/bin/../lib/gcc/arm-none-eabi/8.2.1/../../../../arm-none-eabi/lib/thumb/v7e-m+fp/hard\libc_nano.a(lib_a-findfp.o) (_malloc_r)
c:/ciaa/tools/arm-none-eabi-gcc/bin/../lib/gcc/arm-none-eabi/8.2.1/../../../../arm-none-eabi/lib/thumb/v7e-m+fp/hard\libc_nano.a(lib_a-nano-vfprintf.o)
                              c:/ciaa/tools/arm-none-eabi-gcc/bin/../lib/gcc/arm-none-eabi/8.2.1/../../../../arm-none-eabi/lib/thumb/v7e-m+fp/hard\libc_nano.a(lib_a-printf.o) (_vfprintf_r)
c:/ciaa/tools/arm-none-eabi-gcc/bin/../lib/gcc/arm-none-eabi/8.2.1/../../../../arm-none-eabi/lib/thumb/v7e-m+fp/hard\libc_nano.a(lib_a-nano-vfprintf_i.o)
                              c:/ciaa/tools/arm-none-eabi-gcc/bin/../lib/gcc/arm-none-eabi/8.2.1/../../../../arm-none-eabi/lib/thumb/v7e-m+fp/hard\libc_nano.a(lib_a-nano-vfprintf.o) (_printf_i)
c:/ciaa/tools/arm-none-eabi-gcc/bin/../lib/gcc/arm-none-eabi/8.2.1/../../../../arm-none-eabi/lib/thumb/v7e-m+fp/hard\libc_nano.a(lib_a-stdio.o)
                              c:/ciaa/tools/arm-none-eabi-gcc/bin/../lib/gcc/arm-none-eabi/8.2.1/../../../../arm-none-eabi/lib/thumb/v7e-m+fp/hard\libc_nano.a(lib_a-findfp.o) (__sread)
c:/ciaa/tools/arm-none-eabi-gcc/bin/../lib/gcc/arm-none-eabi/8.2.1/../../../../arm-none-eabi/lib/thumb/v7e-m+fp/hard\libc_nano.a(lib_a-wbuf.o)
                              c:/ciaa/tools/arm-none-eabi-gcc/bin/../lib/gcc/arm-none-eabi/8.2.1/../../../../arm-none-eabi/lib/thumb/v7e-m+fp/hard\libc_nano.a(lib_a-nano-vfprintf.o) (__swbuf_r)
c:/ciaa/tools/arm-none-eabi-gcc/bin/../lib/gcc/arm-none-eabi/8.2.1/../../../../arm-none-eabi/lib/thumb/v7e-m+fp/hard\libc_nano.a(lib_a-wsetup.o)
                              c:/ciaa/tools/arm-none-eabi-gcc/bin/../lib/gcc/arm-none-eabi/8.2.1/../../../../arm-none-eabi/lib/thumb/v7e-m+fp/hard\libc_nano.a(lib_a-nano-vfprintf.o) (__swsetup_r)
c:/ciaa/tools/arm-none-eabi-gcc/bin/../lib/gcc/arm-none-eabi/8.2.1/../../../../arm-none-eabi/lib/thumb/v7e-m+fp/hard\libc_nano.a(lib_a-fflush.o)
[...]
Memory Configuration

Name             Origin             Length             Attributes
MFlashA512       0x1a000000         0x00080000         xr
MFlashB512       0x1b000000         0x00080000         xr
RamLoc32         0x10000000         0x00008000         xrw
RamLoc40         0x10080000         0x0000a000         xrw
RamAHB32         0x20000000         0x00008000         xrw
RamAHB16         0x20008000         0x00004000         xrw
RamAHB_ETB16     0x2000c000         0x00004000         xrw
*default*        0x00000000         0xffffffff

Linker script and memory map

LOAD app/src/main.o
LOAD app/src/enigmaAPI.o
LOAD app/src/my_program.o
LOAD lpc_chip_43xx/src/adc_18xx_43xx.o
LOAD lpc_chip_43xx/src/evrt_18xx_43xx.o
LOAD lpc_chip_43xx/src/ccan_18xx_43xx.o
LOAD lpc_chip_43xx/src/sysinit_18xx_43xx.o
LOAD lpc_chip_43xx/src/sdmmc_18xx_43xx.o
LOAD lpc_chip_43xx/src/fpu_init.o
LOAD lpc_chip_43xx/src/chip_18xx_43xx.o
LOAD lpc_chip_43xx/src/rtc_18xx_43xx.o
LOAD lpc_chip_43xx/src/eeprom_18xx_43xx.o
LOAD lpc_chip_43xx/src/pinint_18xx_43xx.o
LOAD lpc_chip_43xx/src/i2cm_18xx_43xx.o
LOAD lpc_chip_43xx/src/timer_18xx_43xx.o
LOAD lpc_chip_43xx/src/sdio_18xx_43xx.o
LOAD lpc_chip_43xx/src/i2s_18xx_43xx.o
LOAD lpc_chip_43xx/src/aes_18xx_43xx.o
LOAD lpc_chip_43xx/src/otp_18xx_43xx.o
LOAD lpc_chip_43xx/src/emc_18xx_43xx.o
LOAD lpc_chip_43xx/src/dac_18xx_43xx.o
LOAD lpc_chip_43xx/src/gpiogroup_18xx_43xx.o
LOAD lpc_chip_43xx/src/pmc_18xx_43xx.o
LOAD lpc_chip_43xx/src/uart_18xx_43xx.o
LOAD lpc_chip_43xx/src/ssp_18xx_43xx.o
LOAD lpc_chip_43xx/src/enet_18xx_43xx.o
LOAD lpc_chip_43xx/src/gpdma_18xx_43xx.o
LOAD lpc_chip_43xx/src/gpio_18xx_43xx.o
LOAD lpc_chip_43xx/src/spi_18xx_43xx.o
LOAD lpc_chip_43xx/src/wwdt_18xx_43xx.o
LOAD lpc_chip_43xx/src/iap_18xx_43xx.o
LOAD lpc_chip_43xx/src/stopwatch_18xx_43xx.o
LOAD lpc_chip_43xx/src/atimer_18xx_43xx.o
LOAD lpc_chip_43xx/src/sct_pwm_18xx_43xx.o
LOAD lpc_chip_43xx/src/clock_18xx_43xx.o
LOAD lpc_chip_43xx/src/sdif_18xx_43xx.o
LOAD lpc_chip_43xx/src/ring_buffer.o
LOAD lpc_chip_43xx/src/lcd_18xx_43xx.o
LOAD lpc_chip_43xx/src/i2c_18xx_43xx.o
LOAD lpc_chip_43xx/src/ritimer_18xx_43xx.o
LOAD lpc_chip_43xx/src/sct_18xx_43xx.o
LOAD lpc_chip_43xx/src/hsadc_18xx_43xx.o
LOAD lpc_board_ciaa_edu_4337/src/sysinit.o
LOAD lpc_board_ciaa_edu_4337/src/system.o
LOAD lpc_board_ciaa_edu_4337/src/crp.o
LOAD lpc_board_ciaa_edu_4337/src/board_sysinit.o
LOAD lpc_board_ciaa_edu_4337/src/cr_startup_lpc43xx.o
LOAD lpc_board_ciaa_edu_4337/src/board.o
START GROUP
LOAD c:/ciaa/tools/arm-none-eabi-gcc/bin/../lib/gcc/arm-none-eabi/8.2.1/thumb/v7e-m+fp/hard\libgcc.a
LOAD c:/ciaa/tools/arm-none-eabi-gcc/bin/../lib/gcc/arm-none-eabi/8.2.1/../../../../arm-none-eabi/lib/thumb/v7e-m+fp/hard\libc_nano.a
END GROUP
START GROUP
LOAD c:/ciaa/tools/arm-none-eabi-gcc/bin/../lib/gcc/arm-none-eabi/8.2.1/thumb/v7e-m+fp/hard\libgcc.a
LOAD c:/ciaa/tools/arm-none-eabi-gcc/bin/../lib/gcc/arm-none-eabi/8.2.1/../../../../arm-none-eabi/lib/thumb/v7e-m+fp/hard\libc_nano.a
END GROUP
START GROUP
LOAD c:/ciaa/tools/arm-none-eabi-gcc/bin/../lib/gcc/arm-none-eabi/8.2.1/thumb/v7e-m+fp/hard\libgcc.a
LOAD c:/ciaa/tools/arm-none-eabi-gcc/bin/../lib/gcc/arm-none-eabi/8.2.1/../../../../arm-none-eabi/lib/thumb/v7e-m+fp/hard\libc.a
LOAD c:/ciaa/tools/arm-none-eabi-gcc/bin/../lib/gcc/arm-none-eabi/8.2.1/../../../../arm-none-eabi/lib/thumb/v7e-m+fp/hard\libm.a
END GROUP
                0x1a080000                __top_MFlashA512 = 0x1a080000
                0x1b080000                __top_MFlashB512 = 0x1b080000
                0x10008000                __top_RamLoc32 = 0x10008000
                0x1008a000                __top_RamLoc40 = 0x1008a000
                0x20008000                __top_RamAHB32 = 0x20008000
                0x2000c000                __top_RamAHB16 = 0x2000c000
                0x20010000                __top_RamAHB_ETB16 = 0x20010000

.text_Flash2    0x1b000000        0x0
 FILL mask 0xff
 *(.text_Flash2*)
 *(.text_MFlashB512*)
 *(.text.$Flash2*)
 *(.text.$MFlashB512*)
 *(.rodata.$Flash2*)
 *(.rodata.$MFlashB512*)

.text           0x1a000000     0x2290
 FILL mask 0xff
                0x1a000000                __vectors_start__ = ABSOLUTE (.)
 *(.isr_vector)
 .isr_vector    0x1a000000      0x114 lpc_board_ciaa_edu_4337/src/cr_startup_lpc43xx.o
                0x1a000000                g_pfnVectors
                0x1a000114                . = ALIGN (0x4)
                0x1a000114                __section_table_start = .
                0x1a000114                __data_section_table = .
                0x1a000114        0x4 LONG 0x1a002298 LOADADDR (.data)
                0x1a000118        0x4 LONG 0x10000000 ADDR (.data)
                0x1a00011c        0x4 LONG 0x64 SIZEOF (.data)
                0x1a000120        0x4 LONG 0x1a002298 LOADADDR (.data_RAM2)
                0x1a000124        0x4 LONG 0x10080000 ADDR (.data_RAM2)
                0x1a000128        0x4 LONG 0x0 SIZEOF (.data_RAM2)
                0x1a00012c        0x4 LONG 0x1a002298 LOADADDR (.data_RAM3)
                0x1a000130        0x4 LONG 0x20000000 ADDR (.data_RAM3)
                0x1a000134        0x4 LONG 0x0 SIZEOF (.data_RAM3)
                0x1a000138        0x4 LONG 0x1a002298 LOADADDR (.data_RAM4)
                0x1a00013c        0x4 LONG 0x20008000 ADDR (.data_RAM4)
                0x1a000140        0x4 LONG 0x0 SIZEOF (.data_RAM4)
                0x1a000144        0x4 LONG 0x1a002298 LOADADDR (.data_RAM5)
                0x1a000148        0x4 LONG 0x2000c000 ADDR (.data_RAM5)
                0x1a00014c        0x4 LONG 0x0 SIZEOF (.data_RAM5)
                0x1a000150                __data_section_table_end = .
                0x1a000150                __bss_section_table = .
                0x1a000150        0x4 LONG 0x10000064 ADDR (.bss)
                0x1a000154        0x4 LONG 0x28 SIZEOF (.bss)
                0x1a000158        0x4 LONG 0x10080000 ADDR (.bss_RAM2)
                0x1a00015c        0x4 LONG 0x0 SIZEOF (.bss_RAM2)
                0x1a000160        0x4 LONG 0x20000000 ADDR (.bss_RAM3)
                0x1a000164        0x4 LONG 0x0 SIZEOF (.bss_RAM3)
                0x1a000168        0x4 LONG 0x20008000 ADDR (.bss_RAM4)
                0x1a00016c        0x4 LONG 0x0 SIZEOF (.bss_RAM4)
                0x1a000170        0x4 LONG 0x2000c000 ADDR (.bss_RAM5)
                0x1a000174        0x4 LONG 0x0 SIZEOF (.bss_RAM5)
                0x1a000178                __bss_section_table_end = .
                0x1a000178                __section_table_end = .
 *(.after_vectors*)
 .after_vectors
                0x1a000178       0x44 lpc_board_ciaa_edu_4337/src/cr_startup_lpc43xx.o
                0x1a000178                NMI_Handler
                0x1a00017a                HardFault_Handler
                0x1a00017c                MemManage_Handler
                0x1a00017e                BusFault_Handler
                0x1a000180                UsageFault_Handler
                0x1a000182                SVC_Handler
                0x1a000184                DebugMon_Handler
                0x1a000186                PendSV_Handler
                0x1a00018a                ATIMER_IRQHandler
                0x1a00018a                SDIO_IRQHandler
                0x1a00018a                ADCHS_IRQHandler
                0x1a00018a                I2C1_IRQHandler
                0x1a00018a                UART1_IRQHandler
                0x1a00018a                GPIO5_IRQHandler
                0x1a00018a                CAN1_IRQHandler
                0x1a00018a                USB1_IRQHandler
                0x1a00018a                I2S0_IRQHandler
                0x1a00018a                TIMER3_IRQHandler
                0x1a00018a                UART0_IRQHandler
                0x1a00018a                GINT1_IRQHandler
                0x1a00018a                SGPIO_IRQHandler
                0x1a00018a                ADC0_IRQHandler
                0x1a00018a                RIT_IRQHandler
                0x1a00018a                FLASH_EEPROM_IRQHandler
                0x1a00018a                IntDefaultHandler
                0x1a00018a                GPIO1_IRQHandler
                0x1a00018a                SSP0_IRQHandler
                0x1a00018a                ADC1_IRQHandler
                0x1a00018a                RTC_IRQHandler
                0x1a00018a                TIMER0_IRQHandler
                0x1a00018a                SPI_IRQHandler
                0x1a00018a                LCD_IRQHandler
                0x1a00018a                M0APP_IRQHandler
                0x1a00018a                TIMER1_IRQHandler
                0x1a00018a                UART2_IRQHandler
                0x1a00018a                GPIO2_IRQHandler
                0x1a00018a                I2S1_IRQHandler
                0x1a00018a                SSP1_IRQHandler
                0x1a00018a                USB0_IRQHandler
                0x1a00018a                GPIO3_IRQHandler
                0x1a00018a                SCT_IRQHandler
                0x1a00018a                GPIO6_IRQHandler
                0x1a00018a                WDT_IRQHandler
                0x1a00018a                I2C0_IRQHandler
                0x1a00018a                GPIO7_IRQHandler
                0x1a00018a                SPIFI_IRQHandler
                0x1a00018a                QEI_IRQHandler
                0x1a00018a                ETH_IRQHandler
                0x1a00018a                CAN0_IRQHandler
                0x1a00018a                GINT0_IRQHandler
                0x1a00018a                DAC_IRQHandler
                0x1a00018a                M0SUB_IRQHandler
                0x1a00018a                GPIO0_IRQHandler
                0x1a00018a                DMA_IRQHandler
                0x1a00018a                EVRT_IRQHandler
                0x1a00018a                TIMER2_IRQHandler
                0x1a00018a                UART3_IRQHandler
                0x1a00018a                MCPWM_IRQHandler
                0x1a00018a                GPIO4_IRQHandler
                0x1a00018c                data_init
                0x1a0001aa                bss_init
                0x000002fc                . = 0x2fc
 *fill*         0x1a0001bc      0x140 ff
                0x1a0002fc                PROVIDE (__CRP_WORD_START__ = .)
 *(.crp)
 .crp           0x1a0002fc        0x4 lpc_board_ciaa_edu_4337/src/crp.o
                0x1a0002fc                CRP_WORD
                0x1a000300                PROVIDE (__CRP_WORD_END__ = .)
                0x00000001                ASSERT (! ((__CRP_WORD_START__ == __CRP_WORD_END__)), Linker CRP Enabled, but no CRP_WORD provided within application)
 *(.text*)
 .text.SysTick_Handler
                0x1a000300       0x10 app/src/main.o
                0x1a000300                SysTick_Handler
 .text.delay    0x1a000310       0x18 app/src/main.o
                0x1a000310                delay
 .text.main     0x1a000328       0x68 app/src/main.o
                0x1a000328                main
 .text.hello    0x1a000390       0x10 app/src/my_program.o
                0x1a000390                hello
 .text.Chip_SetupCoreClock
                0x1a0003a0      0x158 lpc_chip_43xx/src/sysinit_18xx_43xx.o
                0x1a0003a0                Chip_SetupCoreClock
 .text.fpuInit  0x1a0004f8       0x54 lpc_chip_43xx/src/fpu_init.o
                0x1a0004f8                fpuInit
 .text.SystemCoreClockUpdate
                0x1a00054c       0x14 lpc_chip_43xx/src/chip_18xx_43xx.o
                0x1a00054c                SystemCoreClockUpdate
 .text.Chip_UART_GetIndex
                0x1a000560       0x2c lpc_chip_43xx/src/uart_18xx_43xx.o
 .text.Chip_UART_Init
                0x1a00058c       0x54 lpc_chip_43xx/src/uart_18xx_43xx.o
                0x1a00058c                Chip_UART_Init
 .text.Chip_UART_SetBaudFDR
                0x1a0005e0       0xdc lpc_chip_43xx/src/uart_18xx_43xx.o
                0x1a0005e0                Chip_UART_SetBaudFDR
 .text.Chip_GPIO_Init
                0x1a0006bc        0x2 lpc_chip_43xx/src/gpio_18xx_43xx.o
                0x1a0006bc                Chip_GPIO_Init
 *fill*         0x1a0006be        0x2 ff
 .text.pll_calc_divs
                0x1a0006c0       0xa0 lpc_chip_43xx/src/clock_18xx_43xx.o
 .text.pll_get_frac
                0x1a000760      0x100 lpc_chip_43xx/src/clock_18xx_43xx.o
 .text.Chip_Clock_FindBaseClock
                0x1a000860       0x4c lpc_chip_43xx/src/clock_18xx_43xx.o
 .text.Chip_Clock_EnableCrystal
                0x1a0008ac       0x4c lpc_chip_43xx/src/clock_18xx_43xx.o
                0x1a0008ac                Chip_Clock_EnableCrystal
 .text.Chip_Clock_GetDividerSource
                0x1a0008f8       0x1c lpc_chip_43xx/src/clock_18xx_43xx.o
                0x1a0008f8                Chip_Clock_GetDividerSource
 .text.Chip_Clock_GetDividerDivisor
                0x1a000914       0x1c lpc_chip_43xx/src/clock_18xx_43xx.o
                0x1a000914                Chip_Clock_GetDividerDivisor
 .text.Chip_Clock_GetClockInputHz
                0x1a000930       0xb8 lpc_chip_43xx/src/clock_18xx_43xx.o
                0x1a000930                Chip_Clock_GetClockInputHz
 .text.Chip_Clock_CalcMainPLLValue
                0x1a0009e8       0x80 lpc_chip_43xx/src/clock_18xx_43xx.o
                0x1a0009e8                Chip_Clock_CalcMainPLLValue
 .text.Chip_Clock_GetMainPLLHz
                0x1a000a68       0x6c lpc_chip_43xx/src/clock_18xx_43xx.o
                0x1a000a68                Chip_Clock_GetMainPLLHz
 .text.Chip_Clock_GetDivRate
                0x1a000ad4       0x22 lpc_chip_43xx/src/clock_18xx_43xx.o
 *fill*         0x1a000af6        0x2 ff
 .text.Chip_Clock_SetBaseClock
                0x1a000af8       0x58 lpc_chip_43xx/src/clock_18xx_43xx.o
                0x1a000af8                Chip_Clock_SetBaseClock
 .text.Chip_Clock_GetBaseClock
                0x1a000b50       0x26 lpc_chip_43xx/src/clock_18xx_43xx.o
                0x1a000b50                Chip_Clock_GetBaseClock
 .text.Chip_Clock_GetBaseClocktHz
                0x1a000b76        0xc lpc_chip_43xx/src/clock_18xx_43xx.o
                0x1a000b76                Chip_Clock_GetBaseClocktHz
 *fill*         0x1a000b82        0x2 ff
 .text.Chip_Clock_EnableOpts
                0x1a000b84       0x3c lpc_chip_43xx/src/clock_18xx_43xx.o
                0x1a000b84                Chip_Clock_EnableOpts
 .text.Chip_Clock_GetRate
                0x1a000bc0       0x4c lpc_chip_43xx/src/clock_18xx_43xx.o
                0x1a000bc0                Chip_Clock_GetRate
 .text.SystemInit
                0x1a000c0c        0xc lpc_board_ciaa_edu_4337/src/sysinit.o
                0x1a000c0c                SystemInit
 .text._close_r
                0x1a000c18        0xa lpc_board_ciaa_edu_4337/src/system.o
                0x1a000c18                _close_r
 .text._fstat_r
                0x1a000c22        0xa lpc_board_ciaa_edu_4337/src/system.o
                0x1a000c22                _fstat_r
 .text._isatty_r
                0x1a000c2c       0x12 lpc_board_ciaa_edu_4337/src/system.o
                0x1a000c2c                _isatty_r
 .text._lseek_r
                0x1a000c3e        0xa lpc_board_ciaa_edu_4337/src/system.o
                0x1a000c3e                _lseek_r
 .text._read_r  0x1a000c48       0x28 lpc_board_ciaa_edu_4337/src/system.o
                0x1a000c48                _read_r
 .text._sbrk_r  0x1a000c70       0x20 lpc_board_ciaa_edu_4337/src/system.o
                0x1a000c70                _sbrk_r
 .text._write_r
                0x1a000c90       0x28 lpc_board_ciaa_edu_4337/src/system.o
                0x1a000c90                _write_r
 .text.Board_SetupMuxing
                0x1a000cb8       0x38 lpc_board_ciaa_edu_4337/src/board_sysinit.o
                0x1a000cb8                Board_SetupMuxing
 .text.Board_SetupClocking
                0x1a000cf0       0x6c lpc_board_ciaa_edu_4337/src/board_sysinit.o
                0x1a000cf0                Board_SetupClocking
 .text.Board_SystemInit
                0x1a000d5c        0xc lpc_board_ciaa_edu_4337/src/board_sysinit.o
                0x1a000d5c                Board_SystemInit
 .text.ResetISR
                0x1a000d68       0x7c lpc_board_ciaa_edu_4337/src/cr_startup_lpc43xx.o
                0x1a000d68                ResetISR
 .text.Board_LED_Init
                0x1a000de4       0x44 lpc_board_ciaa_edu_4337/src/board.o
 .text.Board_UART_Init
                0x1a000e28       0x14 lpc_board_ciaa_edu_4337/src/board.o
                0x1a000e28                Board_UART_Init
 .text.Board_Debug_Init
                0x1a000e3c       0x28 lpc_board_ciaa_edu_4337/src/board.o
                0x1a000e3c                Board_Debug_Init
 .text.Board_UARTPutChar
                0x1a000e64       0x14 lpc_board_ciaa_edu_4337/src/board.o
                0x1a000e64                Board_UARTPutChar
 .text.Board_UARTGetChar
                0x1a000e78       0x1c lpc_board_ciaa_edu_4337/src/board.o
                0x1a000e78                Board_UARTGetChar
 .text.Board_LED_Set
                0x1a000e94       0x28 lpc_board_ciaa_edu_4337/src/board.o
                0x1a000e94                Board_LED_Set
 .text.Board_LED_Test
                0x1a000ebc       0x2c lpc_board_ciaa_edu_4337/src/board.o
                0x1a000ebc                Board_LED_Test
 .text.Board_LED_Toggle
                0x1a000ee8       0x16 lpc_board_ciaa_edu_4337/src/board.o
                0x1a000ee8                Board_LED_Toggle
 *fill*         0x1a000efe        0x2 ff
 .text.Board_Init
                0x1a000f00       0x28 lpc_board_ciaa_edu_4337/src/board.o
                0x1a000f00                Board_Init
 .text          0x1a000f28       0x30 c:/ciaa/tools/arm-none-eabi-gcc/bin/../lib/gcc/arm-none-eabi/8.2.1/thumb/v7e-m+fp/hard\libgcc.a(_aeabi_uldivmod.o)
                0x1a000f28                __aeabi_uldivmod
 .text.__udivmoddi4
                0x1a000f58      0x2d0 c:/ciaa/tools/arm-none-eabi-gcc/bin/../lib/gcc/arm-none-eabi/8.2.1/thumb/v7e-m+fp/hard\libgcc.a(_udivmoddi4.o)
                0x1a000f58                __udivmoddi4
 .text          0x1a001228        0x4 c:/ciaa/tools/arm-none-eabi-gcc/bin/../lib/gcc/arm-none-eabi/8.2.1/thumb/v7e-m+fp/hard\libgcc.a(_dvmd_tls.o)
                0x1a001228                __aeabi_idiv0
                0x1a001228                __aeabi_ldiv0
 .text.memset   0x1a00122c       0x10 c:/ciaa/tools/arm-none-eabi-gcc/bin/../lib/gcc/arm-none-eabi/8.2.1/../../../../arm-none-eabi/lib/thumb/v7e-m+fp/hard\libc_nano.a(lib_a-memset.o)
                0x1a00122c                memset
 .text.printf   0x1a00123c       0x30 c:/ciaa/tools/arm-none-eabi-gcc/bin/../lib/gcc/arm-none-eabi/8.2.1/../../../../arm-none-eabi/lib/thumb/v7e-m+fp/hard\libc_nano.a(lib_a-printf.o)
                0x1a00123c                iprintf
                0x1a00123c                printf
 .text.std      0x1a00126c       0x48 c:/ciaa/tools/arm-none-eabi-gcc/bin/../lib/gcc/arm-none-eabi/8.2.1/../../../../arm-none-eabi/lib/thumb/v7e-m+fp/hard\libc_nano.a(lib_a-findfp.o)
 .text._cleanup_r
                0x1a0012b4        0xc c:/ciaa/tools/arm-none-eabi-gcc/bin/../lib/gcc/arm-none-eabi/8.2.1/../../../../arm-none-eabi/lib/thumb/v7e-m+fp/hard\libc_nano.a(lib_a-findfp.o)
                0x1a0012b4                _cleanup_r
 .text.__sfmoreglue
                0x1a0012c0       0x2c c:/ciaa/tools/arm-none-eabi-gcc/bin/../lib/gcc/arm-none-eabi/8.2.1/../../../../arm-none-eabi/lib/thumb/v7e-m+fp/hard\libc_nano.a(lib_a-findfp.o)
                0x1a0012c0                __sfmoreglue
 .text.__sfp_lock_acquire
                0x1a0012ec        0xc c:/ciaa/tools/arm-none-eabi-gcc/bin/../lib/gcc/arm-none-eabi/8.2.1/../../../../arm-none-eabi/lib/thumb/v7e-m+fp/hard\libc_nano.a(lib_a-findfp.o)
                0x1a0012ec                __sfp_lock_acquire
 .text.__sfp_lock_release
                0x1a0012f8        0xc c:/ciaa/tools/arm-none-eabi-gcc/bin/../lib/gcc/arm-none-eabi/8.2.1/../../../../arm-none-eabi/lib/thumb/v7e-m+fp/hard\libc_nano.a(lib_a-findfp.o)
                0x1a0012f8                __sfp_lock_release
 .text.__sinit_lock_acquire
                0x1a001304        0xc c:/ciaa/tools/arm-none-eabi-gcc/bin/../lib/gcc/arm-none-eabi/8.2.1/../../../../arm-none-eabi/lib/thumb/v7e-m+fp/hard\libc_nano.a(lib_a-findfp.o)
                0x1a001304                __sinit_lock_acquire
 .text.__sinit_lock_release
                0x1a001310        0xc c:/ciaa/tools/arm-none-eabi-gcc/bin/../lib/gcc/arm-none-eabi/8.2.1/../../../../arm-none-eabi/lib/thumb/v7e-m+fp/hard\libc_nano.a(lib_a-findfp.o)
                0x1a001310                __sinit_lock_release
 .text.__sinit  0x1a00131c       0x70 c:/ciaa/tools/arm-none-eabi-gcc/bin/../lib/gcc/arm-none-eabi/8.2.1/../../../../arm-none-eabi/lib/thumb/v7e-m+fp/hard\libc_nano.a(lib_a-findfp.o)
                0x1a00131c                __sinit
 .text.__sfp    0x1a00138c       0x8c c:/ciaa/tools/arm-none-eabi-gcc/bin/../lib/gcc/arm-none-eabi/8.2.1/../../../../arm-none-eabi/lib/thumb/v7e-m+fp/hard\libc_nano.a(lib_a-findfp.o)
                0x1a00138c                __sfp
 .text._fwalk_reent
                0x1a001418       0x3c c:/ciaa/tools/arm-none-eabi-gcc/bin/../lib/gcc/arm-none-eabi/8.2.1/../../../../arm-none-eabi/lib/thumb/v7e-m+fp/hard\libc_nano.a(lib_a-fwalk.o)
                0x1a001418                _fwalk_reent
 .text.__retarget_lock_init_recursive
                0x1a001454        0x2 c:/ciaa/tools/arm-none-eabi-gcc/bin/../lib/gcc/arm-none-eabi/8.2.1/../../../../arm-none-eabi/lib/thumb/v7e-m+fp/hard\libc_nano.a(lib_a-lock.o)
                0x1a001454                __retarget_lock_init_recursive
 .text.__retarget_lock_acquire_recursive
                0x1a001456        0x2 c:/ciaa/tools/arm-none-eabi-gcc/bin/../lib/gcc/arm-none-eabi/8.2.1/../../../../arm-none-eabi/lib/thumb/v7e-m+fp/hard\libc_nano.a(lib_a-lock.o)
                0x1a001456                __retarget_lock_acquire_recursive
 .text.__retarget_lock_release_recursive
                0x1a001458        0x2 c:/ciaa/tools/arm-none-eabi-gcc/bin/../lib/gcc/arm-none-eabi/8.2.1/../../../../arm-none-eabi/lib/thumb/v7e-m+fp/hard\libc_nano.a(lib_a-lock.o)
                0x1a001458                __retarget_lock_release_recursive
 *fill*         0x1a00145a        0x2 ff
 .text._malloc_r
                0x1a00145c       0xb4 c:/ciaa/tools/arm-none-eabi-gcc/bin/../lib/gcc/arm-none-eabi/8.2.1/../../../../arm-none-eabi/lib/thumb/v7e-m+fp/hard\libc_nano.a(lib_a-nano-mallocr.o)
                0x1a00145c                _malloc_r
 .text.__sfputc_r
                0x1a001510       0x2e c:/ciaa/tools/arm-none-eabi-gcc/bin/../lib/gcc/arm-none-eabi/8.2.1/../../../../arm-none-eabi/lib/thumb/v7e-m+fp/hard\libc_nano.a(lib_a-nano-vfprintf.o)
 .text.__sfputs_r
                0x1a00153e       0x24 c:/ciaa/tools/arm-none-eabi-gcc/bin/../lib/gcc/arm-none-eabi/8.2.1/../../../../arm-none-eabi/lib/thumb/v7e-m+fp/hard\libc_nano.a(lib_a-nano-vfprintf.o)
                0x1a00153e                __sfputs_r
 *fill*         0x1a001562        0x2 ff
 .text._vfprintf_r
                0x1a001564      0x250 c:/ciaa/tools/arm-none-eabi-gcc/bin/../lib/gcc/arm-none-eabi/8.2.1/../../../../arm-none-eabi/lib/thumb/v7e-m+fp/hard\libc_nano.a(lib_a-nano-vfprintf.o)
                0x1a001564                _vfprintf_r
                0x1a001564                _vfiprintf_r
 .text._printf_common
                0x1a0017b4       0xea c:/ciaa/tools/arm-none-eabi-gcc/bin/../lib/gcc/arm-none-eabi/8.2.1/../../../../arm-none-eabi/lib/thumb/v7e-m+fp/hard\libc_nano.a(lib_a-nano-vfprintf_i.o)
                0x1a0017b4                _printf_common
 *fill*         0x1a00189e        0x2 ff
 .text._printf_i
                0x1a0018a0      0x228 c:/ciaa/tools/arm-none-eabi-gcc/bin/../lib/gcc/arm-none-eabi/8.2.1/../../../../arm-none-eabi/lib/thumb/v7e-m+fp/hard\libc_nano.a(lib_a-nano-vfprintf_i.o)
                0x1a0018a0                _printf_i
 .text.__sread  0x1a001ac8       0x22 c:/ciaa/tools/arm-none-eabi-gcc/bin/../lib/gcc/arm-none-eabi/8.2.1/../../../../arm-none-eabi/lib/thumb/v7e-m+fp/hard\libc_nano.a(lib_a-stdio.o)
                0x1a001ac8                __sread
 .text.__swrite
                0x1a001aea       0x38 c:/ciaa/tools/arm-none-eabi-gcc/bin/../lib/gcc/arm-none-eabi/8.2.1/../../../../arm-none-eabi/lib/thumb/v7e-m+fp/hard\libc_nano.a(lib_a-stdio.o)
                0x1a001aea                __swrite
 .text.__sseek  0x1a001b22       0x24 c:/ciaa/tools/arm-none-eabi-gcc/bin/../lib/gcc/arm-none-eabi/8.2.1/../../../../arm-none-eabi/lib/thumb/v7e-m+fp/hard\libc_nano.a(lib_a-stdio.o)
                0x1a001b22                __sseek
 .text.__sclose
                0x1a001b46        0x8 c:/ciaa/tools/arm-none-eabi-gcc/bin/../lib/gcc/arm-none-eabi/8.2.1/../../../../arm-none-eabi/lib/thumb/v7e-m+fp/hard\libc_nano.a(lib_a-stdio.o)
                0x1a001b46                __sclose
 *fill*         0x1a001b4e        0x2 ff
 .text.__swbuf_r
                0x1a001b50       0xa4 c:/ciaa/tools/arm-none-eabi-gcc/bin/../lib/gcc/arm-none-eabi/8.2.1/../../../../arm-none-eabi/lib/thumb/v7e-m+fp/hard\libc_nano.a(lib_a-wbuf.o)
                0x1a001b50                __swbuf_r
 .text.__swsetup_r
                0x1a001bf4       0xdc c:/ciaa/tools/arm-none-eabi-gcc/bin/../lib/gcc/arm-none-eabi/8.2.1/../../../../arm-none-eabi/lib/thumb/v7e-m+fp/hard\libc_nano.a(lib_a-wsetup.o)
                0x1a001bf4                __swsetup_r
 .text.__sflush_r
                0x1a001cd0      0x10c c:/ciaa/tools/arm-none-eabi-gcc/bin/../lib/gcc/arm-none-eabi/8.2.1/../../../../arm-none-eabi/lib/thumb/v7e-m+fp/hard\libc_nano.a(lib_a-fflush.o)
                0x1a001cd0                __sflush_r
 .text._fflush_r
                0x1a001ddc       0x78 c:/ciaa/tools/arm-none-eabi-gcc/bin/../lib/gcc/arm-none-eabi/8.2.1/../../../../arm-none-eabi/lib/thumb/v7e-m+fp/hard\libc_nano.a(lib_a-fflush.o)
                0x1a001ddc                _fflush_r
 .text.__swhatbuf_r
                0x1a001e54       0x48 c:/ciaa/tools/arm-none-eabi-gcc/bin/../lib/gcc/arm-none-eabi/8.2.1/../../../../arm-none-eabi/lib/thumb/v7e-m+fp/hard\libc_nano.a(lib_a-makebuf.o)
                0x1a001e54                __swhatbuf_r
 .text.__smakebuf_r
                0x1a001e9c       0x80 c:/ciaa/tools/arm-none-eabi-gcc/bin/../lib/gcc/arm-none-eabi/8.2.1/../../../../arm-none-eabi/lib/thumb/v7e-m+fp/hard\libc_nano.a(lib_a-makebuf.o)
                0x1a001e9c                __smakebuf_r
 *fill*         0x1a001f1c        0x4 ff
 .text          0x1a001f20       0xa0 c:/ciaa/tools/arm-none-eabi-gcc/bin/../lib/gcc/arm-none-eabi/8.2.1/../../../../arm-none-eabi/lib/thumb/v7e-m+fp/hard\libc_nano.a(lib_a-memchr.o)
                0x1a001f20                memchr
 .text.__malloc_lock
                0x1a001fc0        0xc c:/ciaa/tools/arm-none-eabi-gcc/bin/../lib/gcc/arm-none-eabi/8.2.1/../../../../arm-none-eabi/lib/thumb/v7e-m+fp/hard\libc_nano.a(lib_a-mlock.o)
                0x1a001fc0                __malloc_lock
 .text.__malloc_unlock
                0x1a001fcc        0xc c:/ciaa/tools/arm-none-eabi-gcc/bin/../lib/gcc/arm-none-eabi/8.2.1/../../../../arm-none-eabi/lib/thumb/v7e-m+fp/hard\libc_nano.a(lib_a-mlock.o)
                0x1a001fcc                __malloc_unlock
 .text._free_r  0x1a001fd8       0x9c c:/ciaa/tools/arm-none-eabi-gcc/bin/../lib/gcc/arm-none-eabi/8.2.1/../../../../arm-none-eabi/lib/thumb/v7e-m+fp/hard\libc_nano.a(lib_a-nano-freer.o)
                0x1a001fd8                _free_r
 *(.rodata .rodata.* .constdata .constdata.*)
 .rodata.main.str1.4
                0x1a002074       0x13 app/src/main.o
 *fill*         0x1a002087        0x1 ff
 .rodata.hello.str1.4
                0x1a002088       0x1f app/src/my_program.o
 *fill*         0x1a0020a7        0x1 ff
 .rodata.InitClkStates
                0x1a0020a8       0x48 lpc_chip_43xx/src/sysinit_18xx_43xx.o
 .rodata.UART_BClock
                0x1a0020f0        0x8 lpc_chip_43xx/src/uart_18xx_43xx.o
 .rodata.UART_PClock
                0x1a0020f8        0x8 lpc_chip_43xx/src/uart_18xx_43xx.o
 .rodata        0x1a002100        0x4 lpc_chip_43xx/src/clock_18xx_43xx.o
 .rodata.Chip_Clock_SetDivider.str1.4
                0x1a002104        0x8 lpc_chip_43xx/src/clock_18xx_43xx.o
                                  0x6 (size before relaxing)
 .rodata.periph_to_base
                0x1a00210c       0x6c lpc_chip_43xx/src/clock_18xx_43xx.o
 .rodata.InitClkStates
                0x1a002178        0xc lpc_board_ciaa_edu_4337/src/board_sysinit.o
 .rodata.pinmuxing
                0x1a002184       0x60 lpc_board_ciaa_edu_4337/src/board_sysinit.o
 .rodata.ExtRateIn
                0x1a0021e4        0x4 lpc_board_ciaa_edu_4337/src/board.o
                0x1a0021e4                ExtRateIn
 .rodata.OscRateIn
                0x1a0021e8        0x4 lpc_board_ciaa_edu_4337/src/board.o
                0x1a0021e8                OscRateIn
 .rodata.gpioLEDBits
                0x1a0021ec        0xc lpc_board_ciaa_edu_4337/src/board.o
 .rodata.__sf_fake_stderr
                0x1a0021f8       0x20 c:/ciaa/tools/arm-none-eabi-gcc/bin/../lib/gcc/arm-none-eabi/8.2.1/../../../../arm-none-eabi/lib/thumb/v7e-m+fp/hard\libc_nano.a(lib_a-findfp.o)
                0x1a0021f8                __sf_fake_stderr
 .rodata.__sf_fake_stdin
                0x1a002218       0x20 c:/ciaa/tools/arm-none-eabi-gcc/bin/../lib/gcc/arm-none-eabi/8.2.1/../../../../arm-none-eabi/lib/thumb/v7e-m+fp/hard\libc_nano.a(lib_a-findfp.o)
                0x1a002218                __sf_fake_stdin
 .rodata.__sf_fake_stdout
                0x1a002238       0x20 c:/ciaa/tools/arm-none-eabi-gcc/bin/../lib/gcc/arm-none-eabi/8.2.1/../../../../arm-none-eabi/lib/thumb/v7e-m+fp/hard\libc_nano.a(lib_a-findfp.o)
                0x1a002238                __sf_fake_stdout
 .rodata._global_impure_ptr
                0x1a002258        0x4 c:/ciaa/tools/arm-none-eabi-gcc/bin/../lib/gcc/arm-none-eabi/8.2.1/../../../../arm-none-eabi/lib/thumb/v7e-m+fp/hard\libc_nano.a(lib_a-impure.o)
                0x1a002258                _global_impure_ptr
 .rodata._vfprintf_r.str1.1
                0x1a00225c       0x11 c:/ciaa/tools/arm-none-eabi-gcc/bin/../lib/gcc/arm-none-eabi/8.2.1/../../../../arm-none-eabi/lib/thumb/v7e-m+fp/hard\libc_nano.a(lib_a-nano-vfprintf.o)
 .rodata._printf_i.str1.1
                0x1a00226d       0x22 c:/ciaa/tools/arm-none-eabi-gcc/bin/../lib/gcc/arm-none-eabi/8.2.1/../../../../arm-none-eabi/lib/thumb/v7e-m+fp/hard\libc_nano.a(lib_a-nano-vfprintf_i.o)
                0x1a002290                . = ALIGN (0x4)
 *fill*         0x1a00228f        0x1 ff

.glue_7         0x1a002290        0x0
 .glue_7        0x1a002290        0x0 linker stubs

.glue_7t        0x1a002290        0x0
 .glue_7t       0x1a002290        0x0 linker stubs

.vfp11_veneer   0x1a002290        0x0
 .vfp11_veneer  0x1a002290        0x0 linker stubs

.v4_bx          0x1a002290        0x0
 .v4_bx         0x1a002290        0x0 linker stubs

.iplt           0x1a002290        0x0
 .iplt          0x1a002290        0x0 app/src/main.o

.ARM.extab
 *(.ARM.extab* .gnu.linkonce.armextab.*)
                0x1a002290                __exidx_start = .

.ARM.exidx      0x1a002290        0x8
 *(.ARM.exidx* .gnu.linkonce.armexidx.*)
 .ARM.exidx.text.__udivmoddi4
                0x1a002290        0x8 c:/ciaa/tools/arm-none-eabi-gcc/bin/../lib/gcc/arm-none-eabi/8.2.1/thumb/v7e-m+fp/hard\libgcc.a(_udivmoddi4.o)
                0x1a002298                __exidx_end = .
                0x1a002298                _etext = .

.rel.dyn        0x1a002298        0x0
 .rel.iplt      0x1a002298        0x0 app/src/main.o

.data_RAM2      0x10080000        0x0 load address 0x1a002298
 FILL mask 0xff
 *(.ramfunc.$RAM2)
 *(.ramfunc.$RamLoc40)
 *(.data.$RAM2*)
 *(.data.$RamLoc40*)
                0x10080000                . = ALIGN (0x4)

.data_RAM3      0x20000000        0x0 load address 0x1a002298
 FILL mask 0xff
 *(.ramfunc.$RAM3)
 *(.ramfunc.$RamAHB32)
 *(.data.$RAM3*)
 *(.data.$RamAHB32*)
                0x20000000                . = ALIGN (0x4)

.data_RAM4      0x20008000        0x0 load address 0x1a002298
 FILL mask 0xff
 *(.ramfunc.$RAM4)
 *(.ramfunc.$RamAHB16)
 *(.data.$RAM4*)
 *(.data.$RamAHB16*)
                0x20008000                . = ALIGN (0x4)

.data_RAM5      0x2000c000        0x0 load address 0x1a002298
 FILL mask 0xff
 *(.ramfunc.$RAM5)
 *(.ramfunc.$RamAHB_ETB16)
 *(.data.$RAM5*)
 *(.data.$RamAHB_ETB16*)
                0x2000c000                . = ALIGN (0x4)

.uninit_RESERVED
                0x10000000        0x0
 *(.bss.$RESERVED*)
                0x10000000                . = ALIGN (0x4)
                0x10000000                _end_uninit_RESERVED = .

.data           0x10000000       0x64 load address 0x1a002298
 FILL mask 0xff
                0x10000000                _data = .
 *(vtable)
 *(.ramfunc*)
 *(.data*)
 .data._impure_ptr
                0x10000000        0x4 c:/ciaa/tools/arm-none-eabi-gcc/bin/../lib/gcc/arm-none-eabi/8.2.1/../../../../arm-none-eabi/lib/thumb/v7e-m+fp/hard\libc_nano.a(lib_a-impure.o)
                0x10000000                _impure_ptr
 .data.impure_data
                0x10000004       0x60 c:/ciaa/tools/arm-none-eabi-gcc/bin/../lib/gcc/arm-none-eabi/8.2.1/../../../../arm-none-eabi/lib/thumb/v7e-m+fp/hard\libc_nano.a(lib_a-impure.o)
                0x10000064                . = ALIGN (0x4)
                0x10000064                _edata = .

.igot.plt       0x10000064        0x0 load address 0x1a0022fc
 .igot.plt      0x10000064        0x0 app/src/main.o

.bss_RAM2       0x10080000        0x0
 *(.bss.$RAM2*)
 *(.bss.$RamLoc40*)
                0x10080000                . = ALIGN (0x4)

.bss_RAM3       0x20000000        0x0
 *(.bss.$RAM3*)
 *(.bss.$RamAHB32*)
                0x20000000                . = ALIGN (0x4)

.bss_RAM4       0x20008000        0x0
 *(.bss.$RAM4*)
 *(.bss.$RamAHB16*)
                0x20008000                . = ALIGN (0x4)

.bss_RAM5       0x2000c000        0x0
 *(.bss.$RAM5*)
 *(.bss.$RamAHB_ETB16*)
                0x2000c000                . = ALIGN (0x4)

.bss            0x10000064       0x28
                0x10000064                _bss = .
 *(.bss*)
 .bss.tick_ct   0x10000064        0x4 app/src/main.o
 .bss.audio_usb_pll_freq
                0x10000068        0x8 lpc_chip_43xx/src/clock_18xx_43xx.o
 .bss.heap_end.11990
                0x10000070        0x4 lpc_board_ciaa_edu_4337/src/system.o
 .bss.__malloc_free_list
                0x10000074        0x4 c:/ciaa/tools/arm-none-eabi-gcc/bin/../lib/gcc/arm-none-eabi/8.2.1/../../../../arm-none-eabi/lib/thumb/v7e-m+fp/hard\libc_nano.a(lib_a-nano-mallocr.o)
                0x10000074                __malloc_free_list
 .bss.__malloc_sbrk_start
                0x10000078        0x4 c:/ciaa/tools/arm-none-eabi-gcc/bin/../lib/gcc/arm-none-eabi/8.2.1/../../../../arm-none-eabi/lib/thumb/v7e-m+fp/hard\libc_nano.a(lib_a-nano-mallocr.o)
                0x10000078                __malloc_sbrk_start
 *(COMMON)
 COMMON         0x1000007c        0x4 lpc_chip_43xx/src/chip_18xx_43xx.o
                0x1000007c                SystemCoreClock
 COMMON         0x10000080        0x9 c:/ciaa/tools/arm-none-eabi-gcc/bin/../lib/gcc/arm-none-eabi/8.2.1/../../../../arm-none-eabi/lib/thumb/v7e-m+fp/hard\libc_nano.a(lib_a-lock.o)
                0x10000080                __lock___atexit_recursive_mutex
                0x10000081                __lock___arc4random_mutex
                0x10000082                __lock___env_recursive_mutex
                0x10000083                __lock___sinit_recursive_mutex
                0x10000084                __lock___malloc_recursive_mutex
                0x10000085                __lock___at_quick_exit_mutex
                0x10000086                __lock___dd_hash_mutex
                0x10000087                __lock___tz_mutex
                0x10000088                __lock___sfp_recursive_mutex
                0x1000008c                . = ALIGN (0x4)
 *fill*         0x10000089        0x3 
                0x1000008c                _ebss = .
                [!provide]                PROVIDE (end = .)

.noinit_RAM2    0x10080000        0x0
 *(.noinit.$RAM2*)
 *(.noinit.$RamLoc40*)
                0x10080000                . = ALIGN (0x4)

.noinit_RAM3    0x20000000        0x0
 *(.noinit.$RAM3*)
 *(.noinit.$RamAHB32*)
                0x20000000                . = ALIGN (0x4)

.noinit_RAM4    0x20008000        0x0
 *(.noinit.$RAM4*)
 *(.noinit.$RamAHB16*)
                0x20008000                . = ALIGN (0x4)

.noinit_RAM5    0x2000c000        0x0
 *(.noinit.$RAM5*)
 *(.noinit.$RamAHB_ETB16*)
                0x2000c000                . = ALIGN (0x4)

.noinit         0x1000008c        0x0
                0x1000008c                _noinit = .
 *(.noinit*)
                0x1000008c                . = ALIGN (0x4)
                0x1000008c                _end_noinit = .
                0x1000008c                PROVIDE (_pvHeapStart = .)
                0x10008000                PROVIDE (_vStackTop = (__top_RamLoc32 - 0x0))
OUTPUT(blinking.elf elf32-littlearm)

.debug_info     0x00000000     0xcb68
 .debug_info    0x00000000     0x150d app/src/main.o
 .debug_info    0x0000150d      0x9c1 app/src/my_program.o
 .debug_info    0x00001ece      0xb94 lpc_chip_43xx/src/sysinit_18xx_43xx.o
 .debug_info    0x00002a62      0x156 lpc_chip_43xx/src/fpu_init.o
 .debug_info    0x00002bb8      0xc97 lpc_chip_43xx/src/chip_18xx_43xx.o
 .debug_info    0x0000384f     0x1981 lpc_chip_43xx/src/uart_18xx_43xx.o
 .debug_info    0x000051d0      0x568 lpc_chip_43xx/src/gpio_18xx_43xx.o
 .debug_info    0x00005738     0x1b68 lpc_chip_43xx/src/clock_18xx_43xx.o
 .debug_info    0x000072a0      0x9e3 lpc_board_ciaa_edu_4337/src/sysinit.o
 .debug_info    0x00007c83     0x1138 lpc_board_ciaa_edu_4337/src/system.o
 .debug_info    0x00008dbb       0x40 lpc_board_ciaa_edu_4337/src/crp.o
 .debug_info    0x00008dfb     0x15bc lpc_board_ciaa_edu_4337/src/board_sysinit.o
 .debug_info    0x0000a3b7      0x33f lpc_board_ciaa_edu_4337/src/cr_startup_lpc43xx.o
 .debug_info    0x0000a6f6     0x2472 lpc_board_ciaa_edu_4337/src/board.o

.debug_abbrev   0x00000000     0x2274
 .debug_abbrev  0x00000000      0x398 app/src/main.o
 .debug_abbrev  0x00000398      0x205 app/src/my_program.o
 .debug_abbrev  0x0000059d      0x250 lpc_chip_43xx/src/sysinit_18xx_43xx.o
 .debug_abbrev  0x000007ed       0xb1 lpc_chip_43xx/src/fpu_init.o
 .debug_abbrev  0x0000089e      0x1ee lpc_chip_43xx/src/chip_18xx_43xx.o
 .debug_abbrev  0x00000a8c      0x42c lpc_chip_43xx/src/uart_18xx_43xx.o
 .debug_abbrev  0x00000eb8      0x1af lpc_chip_43xx/src/gpio_18xx_43xx.o
 .debug_abbrev  0x00001067      0x3ef lpc_chip_43xx/src/clock_18xx_43xx.o
 .debug_abbrev  0x00001456      0x20a lpc_board_ciaa_edu_4337/src/sysinit.o
 .debug_abbrev  0x00001660      0x301 lpc_board_ciaa_edu_4337/src/system.o
 .debug_abbrev  0x00001961       0x38 lpc_board_ciaa_edu_4337/src/crp.o
 .debug_abbrev  0x00001999      0x356 lpc_board_ciaa_edu_4337/src/board_sysinit.o
 .debug_abbrev  0x00001cef      0x130 lpc_board_ciaa_edu_4337/src/cr_startup_lpc43xx.o
 .debug_abbrev  0x00001e1f      0x455 lpc_board_ciaa_edu_4337/src/board.o

.debug_loc      0x00000000     0x3a1a
 .debug_loc     0x00000000       0x9d app/src/main.o
 .debug_loc     0x0000009d      0x15a lpc_chip_43xx/src/sysinit_18xx_43xx.o
 .debug_loc     0x000001f7       0x31 lpc_chip_43xx/src/fpu_init.o
 .debug_loc     0x00000228      0xf38 lpc_chip_43xx/src/uart_18xx_43xx.o
 .debug_loc     0x00001160      0x39e lpc_chip_43xx/src/gpio_18xx_43xx.o
 .debug_loc     0x000014fe     0x1505 lpc_chip_43xx/src/clock_18xx_43xx.o
 .debug_loc     0x00002a03      0x60b lpc_board_ciaa_edu_4337/src/system.o
 .debug_loc     0x0000300e       0xd9 lpc_board_ciaa_edu_4337/src/board_sysinit.o
 .debug_loc     0x000030e7      0x282 lpc_board_ciaa_edu_4337/src/cr_startup_lpc43xx.o
 .debug_loc     0x00003369      0x6b1 lpc_board_ciaa_edu_4337/src/board.o

.debug_aranges  0x00000000      0x538
 .debug_aranges
                0x00000000       0x30 app/src/main.o
 .debug_aranges
                0x00000030       0x20 app/src/my_program.o
 .debug_aranges
                0x00000050       0x38 lpc_chip_43xx/src/sysinit_18xx_43xx.o
 .debug_aranges
                0x00000088       0x20 lpc_chip_43xx/src/fpu_init.o
 .debug_aranges
                0x000000a8       0x38 lpc_chip_43xx/src/chip_18xx_43xx.o
 .debug_aranges
                0x000000e0       0xa8 lpc_chip_43xx/src/uart_18xx_43xx.o
 .debug_aranges
                0x00000188       0x48 lpc_chip_43xx/src/gpio_18xx_43xx.o
 .debug_aranges
                0x000001d0      0x128 lpc_chip_43xx/src/clock_18xx_43xx.o
 .debug_aranges
                0x000002f8       0x20 lpc_board_ciaa_edu_4337/src/sysinit.o
 .debug_aranges
                0x00000318       0xc8 lpc_board_ciaa_edu_4337/src/system.o
 .debug_aranges
                0x000003e0       0x18 lpc_board_ciaa_edu_4337/src/crp.o
 .debug_aranges
                0x000003f8       0x30 lpc_board_ciaa_edu_4337/src/board_sysinit.o
 .debug_aranges
                0x00000428       0x80 lpc_board_ciaa_edu_4337/src/cr_startup_lpc43xx.o
 .debug_aranges
                0x000004a8       0x90 lpc_board_ciaa_edu_4337/src/board.o

.debug_ranges   0x00000000      0x500
 .debug_ranges  0x00000000       0x20 app/src/main.o
 .debug_ranges  0x00000020       0x10 app/src/my_program.o
 .debug_ranges  0x00000030       0x28 lpc_chip_43xx/src/sysinit_18xx_43xx.o
 .debug_ranges  0x00000058       0x10 lpc_chip_43xx/src/fpu_init.o
 .debug_ranges  0x00000068       0x28 lpc_chip_43xx/src/chip_18xx_43xx.o
 .debug_ranges  0x00000090       0xb0 lpc_chip_43xx/src/uart_18xx_43xx.o
 .debug_ranges  0x00000140       0x38 lpc_chip_43xx/src/gpio_18xx_43xx.o
 .debug_ranges  0x00000178      0x198 lpc_chip_43xx/src/clock_18xx_43xx.o
 .debug_ranges  0x00000310       0x10 lpc_board_ciaa_edu_4337/src/sysinit.o
 .debug_ranges  0x00000320       0xb8 lpc_board_ciaa_edu_4337/src/system.o
 .debug_ranges  0x000003d8       0x38 lpc_board_ciaa_edu_4337/src/board_sysinit.o
 .debug_ranges  0x00000410       0x70 lpc_board_ciaa_edu_4337/src/cr_startup_lpc43xx.o
 .debug_ranges  0x00000480       0x80 lpc_board_ciaa_edu_4337/src/board.o

.debug_macro    0x00000000     0x811c
 .debug_macro   0x00000000      0x48f app/src/main.o
 .debug_macro   0x0000048f      0xa9c app/src/main.o
 .debug_macro   0x00000f2b       0x10 app/src/main.o
 .debug_macro   0x00000f3b       0x22 app/src/main.o
 .debug_macro   0x00000f5d       0x8e app/src/main.o
 .debug_macro   0x00000feb       0x51 app/src/main.o
 .debug_macro   0x0000103c       0xef app/src/main.o
 .debug_macro   0x0000112b       0x6a app/src/main.o
 .debug_macro   0x00001195      0x1df app/src/main.o
 .debug_macro   0x00001374       0x22 app/src/main.o
 .debug_macro   0x00001396       0x66 app/src/main.o
 .debug_macro   0x000013fc       0x28 app/src/main.o
 .debug_macro   0x00001424       0x3b app/src/main.o
 .debug_macro   0x0000145f       0x2d app/src/main.o
 .debug_macro   0x0000148c       0x42 app/src/main.o
 .debug_macro   0x000014ce      0xd39 app/src/main.o
 .debug_macro   0x00002207      0x2bc app/src/main.o
 .debug_macro   0x000024c3      0x112 app/src/main.o
 .debug_macro   0x000025d5       0x11 app/src/main.o
 .debug_macro   0x000025e6       0x2a app/src/main.o
 .debug_macro   0x00002610       0x16 app/src/main.o
 .debug_macro   0x00002626      0x2e6 app/src/main.o
 .debug_macro   0x0000290c       0x82 app/src/main.o
 .debug_macro   0x0000298e      0x13d app/src/main.o
 .debug_macro   0x00002acb      0x198 app/src/main.o
 .debug_macro   0x00002c63       0x34 app/src/main.o
 .debug_macro   0x00002c97       0x58 app/src/main.o
 .debug_macro   0x00002cef      0x236 app/src/main.o
 .debug_macro   0x00002f25      0x572 app/src/main.o
 .debug_macro   0x00003497       0x16 app/src/main.o
 .debug_macro   0x000034ad      0x18a app/src/main.o
 .debug_macro   0x00003637       0x88 app/src/main.o
 .debug_macro   0x000036bf      0x1b9 app/src/main.o
 .debug_macro   0x00003878      0x1da app/src/main.o
 .debug_macro   0x00003a52       0x40 app/src/main.o
 .debug_macro   0x00003a92       0x1c app/src/main.o
 .debug_macro   0x00003aae       0x2e app/src/main.o
 .debug_macro   0x00003adc       0x2e app/src/main.o
 .debug_macro   0x00003b0a       0x22 app/src/main.o
 .debug_macro   0x00003b2c      0x201 app/src/main.o
 .debug_macro   0x00003d2d       0xe0 app/src/main.o
 .debug_macro   0x00003e0d      0x34c app/src/main.o
 .debug_macro   0x00004159       0xdc app/src/main.o
 .debug_macro   0x00004235       0xc4 app/src/main.o
 .debug_macro   0x000042f9       0x94 app/src/main.o
 .debug_macro   0x0000438d       0xb8 app/src/main.o
 .debug_macro   0x00004445       0x4c app/src/main.o
 .debug_macro   0x00004491       0x16 app/src/main.o
 .debug_macro   0x000044a7      0x328 app/src/main.o
 .debug_macro   0x000047cf       0x3a app/src/main.o
 .debug_macro   0x00004809       0xd0 app/src/main.o
 .debug_macro   0x000048d9       0x18 app/src/main.o
 .debug_macro   0x000048f1       0x22 app/src/main.o
 .debug_macro   0x00004913       0x40 app/src/main.o
 .debug_macro   0x00004953       0x46 app/src/main.o
 .debug_macro   0x00004999       0x64 app/src/main.o
 .debug_macro   0x000049fd       0x18 app/src/main.o
 .debug_macro   0x00004a15       0x35 app/src/main.o
 .debug_macro   0x00004a4a       0x34 app/src/main.o
 .debug_macro   0x00004a7e       0x16 app/src/main.o
 .debug_macro   0x00004a94       0x97 app/src/main.o
 .debug_macro   0x00004b2b      0x339 app/src/main.o
 .debug_macro   0x00004e64       0xfd app/src/main.o
 .debug_macro   0x00004f61       0x10 app/src/main.o
 .debug_macro   0x00004f71       0x58 app/src/main.o
 .debug_macro   0x00004fc9       0x1f app/src/main.o
 .debug_macro   0x00004fe8       0x43 app/src/main.o
 .debug_macro   0x0000502b       0x20 app/src/main.o
 .debug_macro   0x0000504b      0x18e app/src/main.o
 .debug_macro   0x000051d9       0x10 app/src/main.o
 .debug_macro   0x000051e9       0x1c app/src/main.o
 .debug_macro   0x00005205       0x52 app/src/main.o
 .debug_macro   0x00005257       0x40 app/src/main.o
 .debug_macro   0x00005297       0x10 app/src/main.o
 .debug_macro   0x000052a7       0x40 app/src/main.o
 .debug_macro   0x000052e7       0xd7 app/src/main.o
 .debug_macro   0x000053be       0x1c app/src/main.o
 .debug_macro   0x000053da       0x3d app/src/main.o
 .debug_macro   0x00005417       0x16 app/src/main.o
 .debug_macro   0x0000542d      0x16f app/src/main.o
 .debug_macro   0x0000559c       0x20 app/src/main.o
 .debug_macro   0x000055bc      0x47f app/src/my_program.o
 .debug_macro   0x00005a3b      0x301 lpc_chip_43xx/src/sysinit_18xx_43xx.o
 .debug_macro   0x00005d3c       0xe7 lpc_chip_43xx/src/fpu_init.o
 .debug_macro   0x00005e23      0x301 lpc_chip_43xx/src/chip_18xx_43xx.o
 .debug_macro   0x00006124      0x301 lpc_chip_43xx/src/uart_18xx_43xx.o
 .debug_macro   0x00006425      0x301 lpc_chip_43xx/src/gpio_18xx_43xx.o
 .debug_macro   0x00006726      0x307 lpc_chip_43xx/src/clock_18xx_43xx.o
 .debug_macro   0x00006a2d      0x47f lpc_board_ciaa_edu_4337/src/sysinit.o
 .debug_macro   0x00006eac      0x4c0 lpc_board_ciaa_edu_4337/src/system.o
 .debug_macro   0x0000736c       0x10 lpc_board_ciaa_edu_4337/src/system.o
 .debug_macro   0x0000737c       0x10 lpc_board_ciaa_edu_4337/src/system.o
 .debug_macro   0x0000738c      0x241 lpc_board_ciaa_edu_4337/src/system.o
 .debug_macro   0x000075cd      0x183 lpc_board_ciaa_edu_4337/src/system.o
 .debug_macro   0x00007750       0x16 lpc_board_ciaa_edu_4337/src/system.o
 .debug_macro   0x00007766       0x11 lpc_board_ciaa_edu_4337/src/system.o
 .debug_macro   0x00007777       0x1c lpc_board_ciaa_edu_4337/src/system.o
 .debug_macro   0x00007793       0x10 lpc_board_ciaa_edu_4337/src/system.o
 .debug_macro   0x000077a3       0x17 lpc_board_ciaa_edu_4337/src/crp.o
 .debug_macro   0x000077ba      0x47f lpc_board_ciaa_edu_4337/src/board_sysinit.o
 .debug_macro   0x00007c39       0x1d lpc_board_ciaa_edu_4337/src/cr_startup_lpc43xx.o
 .debug_macro   0x00007c56      0x4b0 lpc_board_ciaa_edu_4337/src/board.o
 .debug_macro   0x00008106       0x16 lpc_board_ciaa_edu_4337/src/board.o

.debug_line     0x00000000     0x75fc
 .debug_line    0x00000000      0x87e app/src/main.o
 .debug_line    0x0000087e      0x7aa app/src/my_program.o
 .debug_line    0x00001028      0x893 lpc_chip_43xx/src/sysinit_18xx_43xx.o
 .debug_line    0x000018bb      0x2ae lpc_chip_43xx/src/fpu_init.o
 .debug_line    0x00001b69      0x6f1 lpc_chip_43xx/src/chip_18xx_43xx.o
 .debug_line    0x0000225a      0xe23 lpc_chip_43xx/src/uart_18xx_43xx.o
 .debug_line    0x0000307d      0x78b lpc_chip_43xx/src/gpio_18xx_43xx.o
 .debug_line    0x00003808     0x1389 lpc_chip_43xx/src/clock_18xx_43xx.o
 .debug_line    0x00004b91      0x7c1 lpc_board_ciaa_edu_4337/src/sysinit.o
 .debug_line    0x00005352      0xb0b lpc_board_ciaa_edu_4337/src/system.o
 .debug_line    0x00005e5d       0x42 lpc_board_ciaa_edu_4337/src/crp.o
 .debug_line    0x00005e9f      0x8a3 lpc_board_ciaa_edu_4337/src/board_sysinit.o
 .debug_line    0x00006742      0x24b lpc_board_ciaa_edu_4337/src/cr_startup_lpc43xx.o
 .debug_line    0x0000698d      0xc6f lpc_board_ciaa_edu_4337/src/board.o

.debug_str      0x00000000    0x1c1d2
 .debug_str     0x00000000    0x19eff app/src/main.o
                              0x1a1e4 (size before relaxing)
 .debug_str     0x00019eff       0x15 app/src/my_program.o
                              0x19312 (size before relaxing)
 .debug_str     0x00019f14      0x33f lpc_chip_43xx/src/sysinit_18xx_43xx.o
                              0x15de6 (size before relaxing)
 .debug_str     0x0001a253       0xc0 lpc_chip_43xx/src/fpu_init.o
                               0x9945 (size before relaxing)
 .debug_str     0x0001a313      0x272 lpc_chip_43xx/src/chip_18xx_43xx.o
                              0x15e88 (size before relaxing)
 .debug_str     0x0001a585      0x492 lpc_chip_43xx/src/uart_18xx_43xx.o
                              0x15f98 (size before relaxing)
 .debug_str     0x0001aa17      0x145 lpc_chip_43xx/src/gpio_18xx_43xx.o
                              0x151d6 (size before relaxing)
 .debug_str     0x0001ab5c      0x400 lpc_chip_43xx/src/clock_18xx_43xx.o
                              0x1635b (size before relaxing)
 .debug_str     0x0001af5c       0x41 lpc_board_ciaa_edu_4337/src/sysinit.o
                              0x19344 (size before relaxing)
 .debug_str     0x0001af9d      0x9f3 lpc_board_ciaa_edu_4337/src/system.o
                              0x19cf8 (size before relaxing)
 .debug_str     0x0001b990       0x41 lpc_board_ciaa_edu_4337/src/crp.o
                               0x2de5 (size before relaxing)
 .debug_str     0x0001b9d1       0xf0 lpc_board_ciaa_edu_4337/src/board_sysinit.o
                              0x1a11d (size before relaxing)
 .debug_str     0x0001bac1      0x1f7 lpc_board_ciaa_edu_4337/src/cr_startup_lpc43xx.o
                               0x2fc6 (size before relaxing)
 .debug_str     0x0001bcb8      0x51a lpc_board_ciaa_edu_4337/src/board.o
                              0x1a57c (size before relaxing)

.comment        0x00000000       0x68
 .comment       0x00000000       0x68 app/src/main.o
                                 0x69 (size before relaxing)
 .comment       0x00000068       0x69 app/src/my_program.o
 .comment       0x00000068       0x69 lpc_chip_43xx/src/sysinit_18xx_43xx.o
 .comment       0x00000068       0x69 lpc_chip_43xx/src/fpu_init.o
 .comment       0x00000068       0x69 lpc_chip_43xx/src/chip_18xx_43xx.o
 .comment       0x00000068       0x69 lpc_chip_43xx/src/uart_18xx_43xx.o
 .comment       0x00000068       0x69 lpc_chip_43xx/src/gpio_18xx_43xx.o
 .comment       0x00000068       0x69 lpc_chip_43xx/src/clock_18xx_43xx.o
 .comment       0x00000068       0x69 lpc_board_ciaa_edu_4337/src/sysinit.o
 .comment       0x00000068       0x69 lpc_board_ciaa_edu_4337/src/system.o
 .comment       0x00000068       0x69 lpc_board_ciaa_edu_4337/src/crp.o
 .comment       0x00000068       0x69 lpc_board_ciaa_edu_4337/src/board_sysinit.o
 .comment       0x00000068       0x69 lpc_board_ciaa_edu_4337/src/cr_startup_lpc43xx.o
 .comment       0x00000068       0x69 lpc_board_ciaa_edu_4337/src/board.o

.ARM.attributes
                0x00000000       0x32
 .ARM.attributes
                0x00000000       0x34 app/src/main.o
 .ARM.attributes
                0x00000034       0x34 app/src/my_program.o
 .ARM.attributes
                0x00000068       0x34 lpc_chip_43xx/src/sysinit_18xx_43xx.o
 .ARM.attributes
                0x0000009c       0x34 lpc_chip_43xx/src/fpu_init.o
 .ARM.attributes
                0x000000d0       0x34 lpc_chip_43xx/src/chip_18xx_43xx.o
 .ARM.attributes
                0x00000104       0x34 lpc_chip_43xx/src/uart_18xx_43xx.o
 .ARM.attributes
                0x00000138       0x34 lpc_chip_43xx/src/gpio_18xx_43xx.o
 .ARM.attributes
                0x0000016c       0x34 lpc_chip_43xx/src/clock_18xx_43xx.o
 .ARM.attributes
                0x000001a0       0x34 lpc_board_ciaa_edu_4337/src/sysinit.o
 .ARM.attributes
                0x000001d4       0x34 lpc_board_ciaa_edu_4337/src/system.o
 .ARM.attributes
                0x00000208       0x39 lpc_board_ciaa_edu_4337/src/crp.o
 .ARM.attributes
                0x00000241       0x34 lpc_board_ciaa_edu_4337/src/board_sysinit.o
 .ARM.attributes
                0x00000275       0x34 lpc_board_ciaa_edu_4337/src/cr_startup_lpc43xx.o
 .ARM.attributes
                0x000002a9       0x34 lpc_board_ciaa_edu_4337/src/board.o
 .ARM.attributes
                0x000002dd       0x1e c:/ciaa/tools/arm-none-eabi-gcc/bin/../lib/gcc/arm-none-eabi/8.2.1/thumb/v7e-m+fp/hard\libgcc.a(_aeabi_uldivmod.o)
 .ARM.attributes
                0x000002fb       0x34 c:/ciaa/tools/arm-none-eabi-gcc/bin/../lib/gcc/arm-none-eabi/8.2.1/thumb/v7e-m+fp/hard\libgcc.a(_udivmoddi4.o)
 .ARM.attributes
                0x0000032f       0x1e c:/ciaa/tools/arm-none-eabi-gcc/bin/../lib/gcc/arm-none-eabi/8.2.1/thumb/v7e-m+fp/hard\libgcc.a(_dvmd_tls.o)
 .ARM.attributes
                0x0000034d       0x34 c:/ciaa/tools/arm-none-eabi-gcc/bin/../lib/gcc/arm-none-eabi/8.2.1/../../../../arm-none-eabi/lib/thumb/v7e-m+fp/hard\libc_nano.a(lib_a-memset.o)
 .ARM.attributes
                0x00000381       0x34 c:/ciaa/tools/arm-none-eabi-gcc/bin/../lib/gcc/arm-none-eabi/8.2.1/../../../../arm-none-eabi/lib/thumb/v7e-m+fp/hard\libc_nano.a(lib_a-printf.o)
 .ARM.attributes
                0x000003b5       0x34 c:/ciaa/tools/arm-none-eabi-gcc/bin/../lib/gcc/arm-none-eabi/8.2.1/../../../../arm-none-eabi/lib/thumb/v7e-m+fp/hard\libc_nano.a(lib_a-findfp.o)
 .ARM.attributes
                0x000003e9       0x34 c:/ciaa/tools/arm-none-eabi-gcc/bin/../lib/gcc/arm-none-eabi/8.2.1/../../../../arm-none-eabi/lib/thumb/v7e-m+fp/hard\libc_nano.a(lib_a-fwalk.o)
 .ARM.attributes
                0x0000041d       0x32 c:/ciaa/tools/arm-none-eabi-gcc/bin/../lib/gcc/arm-none-eabi/8.2.1/../../../../arm-none-eabi/lib/thumb/v7e-m+fp/hard\libc_nano.a(lib_a-impure.o)
 .ARM.attributes
                0x0000044f       0x34 c:/ciaa/tools/arm-none-eabi-gcc/bin/../lib/gcc/arm-none-eabi/8.2.1/../../../../arm-none-eabi/lib/thumb/v7e-m+fp/hard\libc_nano.a(lib_a-lock.o)
 .ARM.attributes
                0x00000483       0x34 c:/ciaa/tools/arm-none-eabi-gcc/bin/../lib/gcc/arm-none-eabi/8.2.1/../../../../arm-none-eabi/lib/thumb/v7e-m+fp/hard\libc_nano.a(lib_a-nano-mallocr.o)
 .ARM.attributes
                0x000004b7       0x34 c:/ciaa/tools/arm-none-eabi-gcc/bin/../lib/gcc/arm-none-eabi/8.2.1/../../../../arm-none-eabi/lib/thumb/v7e-m+fp/hard\libc_nano.a(lib_a-nano-vfprintf.o)
 .ARM.attributes
                0x000004eb       0x34 c:/ciaa/tools/arm-none-eabi-gcc/bin/../lib/gcc/arm-none-eabi/8.2.1/../../../../arm-none-eabi/lib/thumb/v7e-m+fp/hard\libc_nano.a(lib_a-nano-vfprintf_i.o)
 .ARM.attributes
                0x0000051f       0x34 c:/ciaa/tools/arm-none-eabi-gcc/bin/../lib/gcc/arm-none-eabi/8.2.1/../../../../arm-none-eabi/lib/thumb/v7e-m+fp/hard\libc_nano.a(lib_a-stdio.o)
 .ARM.attributes
                0x00000553       0x34 c:/ciaa/tools/arm-none-eabi-gcc/bin/../lib/gcc/arm-none-eabi/8.2.1/../../../../arm-none-eabi/lib/thumb/v7e-m+fp/hard\libc_nano.a(lib_a-wbuf.o)
 .ARM.attributes
                0x00000587       0x34 c:/ciaa/tools/arm-none-eabi-gcc/bin/../lib/gcc/arm-none-eabi/8.2.1/../../../../arm-none-eabi/lib/thumb/v7e-m+fp/hard\libc_nano.a(lib_a-wsetup.o)
 .ARM.attributes
                0x000005bb       0x34 c:/ciaa/tools/arm-none-eabi-gcc/bin/../lib/gcc/arm-none-eabi/8.2.1/../../../../arm-none-eabi/lib/thumb/v7e-m+fp/hard\libc_nano.a(lib_a-fflush.o)
 .ARM.attributes
                0x000005ef       0x34 c:/ciaa/tools/arm-none-eabi-gcc/bin/../lib/gcc/arm-none-eabi/8.2.1/../../../../arm-none-eabi/lib/thumb/v7e-m+fp/hard\libc_nano.a(lib_a-makebuf.o)
 .ARM.attributes
                0x00000623       0x1c c:/ciaa/tools/arm-none-eabi-gcc/bin/../lib/gcc/arm-none-eabi/8.2.1/../../../../arm-none-eabi/lib/thumb/v7e-m+fp/hard\libc_nano.a(lib_a-memchr.o)
 .ARM.attributes
                0x0000063f       0x34 c:/ciaa/tools/arm-none-eabi-gcc/bin/../lib/gcc/arm-none-eabi/8.2.1/../../../../arm-none-eabi/lib/thumb/v7e-m+fp/hard\libc_nano.a(lib_a-mlock.o)
 .ARM.attributes
                0x00000673       0x34 c:/ciaa/tools/arm-none-eabi-gcc/bin/../lib/gcc/arm-none-eabi/8.2.1/../../../../arm-none-eabi/lib/thumb/v7e-m+fp/hard\libc_nano.a(lib_a-nano-freer.o)

.debug_frame    0x00000000     0x1210
 .debug_frame   0x00000000       0x48 app/src/main.o
 .debug_frame   0x00000048       0x28 app/src/my_program.o
 .debug_frame   0x00000070       0x80 lpc_chip_43xx/src/sysinit_18xx_43xx.o
 .debug_frame   0x000000f0       0x2c lpc_chip_43xx/src/fpu_init.o
 .debug_frame   0x0000011c       0x70 lpc_chip_43xx/src/chip_18xx_43xx.o
 .debug_frame   0x0000018c      0x1f4 lpc_chip_43xx/src/uart_18xx_43xx.o
 .debug_frame   0x00000380       0x90 lpc_chip_43xx/src/gpio_18xx_43xx.o
 .debug_frame   0x00000410      0x31c lpc_chip_43xx/src/clock_18xx_43xx.o
 .debug_frame   0x0000072c       0x28 lpc_board_ciaa_edu_4337/src/sysinit.o
 .debug_frame   0x00000754      0x1a4 lpc_board_ciaa_edu_4337/src/system.o
 .debug_frame   0x000008f8       0x5c lpc_board_ciaa_edu_4337/src/board_sysinit.o
 .debug_frame   0x00000954       0xf4 lpc_board_ciaa_edu_4337/src/cr_startup_lpc43xx.o
 .debug_frame   0x00000a48      0x138 lpc_board_ciaa_edu_4337/src/board.o
 .debug_frame   0x00000b80       0x2c c:/ciaa/tools/arm-none-eabi-gcc/bin/../lib/gcc/arm-none-eabi/8.2.1/thumb/v7e-m+fp/hard\libgcc.a(_aeabi_uldivmod.o)
 .debug_frame   0x00000bac       0x34 c:/ciaa/tools/arm-none-eabi-gcc/bin/../lib/gcc/arm-none-eabi/8.2.1/thumb/v7e-m+fp/hard\libgcc.a(_udivmoddi4.o)
 .debug_frame   0x00000be0       0x20 c:/ciaa/tools/arm-none-eabi-gcc/bin/../lib/gcc/arm-none-eabi/8.2.1/../../../../arm-none-eabi/lib/thumb/v7e-m+fp/hard\libc_nano.a(lib_a-memset.o)
 .debug_frame   0x00000c00       0x74 c:/ciaa/tools/arm-none-eabi-gcc/bin/../lib/gcc/arm-none-eabi/8.2.1/../../../../arm-none-eabi/lib/thumb/v7e-m+fp/hard\libc_nano.a(lib_a-printf.o)
 .debug_frame   0x00000c74      0x14c c:/ciaa/tools/arm-none-eabi-gcc/bin/../lib/gcc/arm-none-eabi/8.2.1/../../../../arm-none-eabi/lib/thumb/v7e-m+fp/hard\libc_nano.a(lib_a-findfp.o)
 .debug_frame   0x00000dc0       0x54 c:/ciaa/tools/arm-none-eabi-gcc/bin/../lib/gcc/arm-none-eabi/8.2.1/../../../../arm-none-eabi/lib/thumb/v7e-m+fp/hard\libc_nano.a(lib_a-fwalk.o)
 .debug_frame   0x00000e14       0xb0 c:/ciaa/tools/arm-none-eabi-gcc/bin/../lib/gcc/arm-none-eabi/8.2.1/../../../../arm-none-eabi/lib/thumb/v7e-m+fp/hard\libc_nano.a(lib_a-lock.o)
 .debug_frame   0x00000ec4       0x30 c:/ciaa/tools/arm-none-eabi-gcc/bin/../lib/gcc/arm-none-eabi/8.2.1/../../../../arm-none-eabi/lib/thumb/v7e-m+fp/hard\libc_nano.a(lib_a-nano-mallocr.o)
 .debug_frame   0x00000ef4       0xac c:/ciaa/tools/arm-none-eabi-gcc/bin/../lib/gcc/arm-none-eabi/8.2.1/../../../../arm-none-eabi/lib/thumb/v7e-m+fp/hard\libc_nano.a(lib_a-nano-vfprintf.o)
 .debug_frame   0x00000fa0       0x60 c:/ciaa/tools/arm-none-eabi-gcc/bin/../lib/gcc/arm-none-eabi/8.2.1/../../../../arm-none-eabi/lib/thumb/v7e-m+fp/hard\libc_nano.a(lib_a-nano-vfprintf_i.o)
 .debug_frame   0x00001000       0x88 c:/ciaa/tools/arm-none-eabi-gcc/bin/../lib/gcc/arm-none-eabi/8.2.1/../../../../arm-none-eabi/lib/thumb/v7e-m+fp/hard\libc_nano.a(lib_a-stdio.o)
 .debug_frame   0x00001088       0x40 c:/ciaa/tools/arm-none-eabi-gcc/bin/../lib/gcc/arm-none-eabi/8.2.1/../../../../arm-none-eabi/lib/thumb/v7e-m+fp/hard\libc_nano.a(lib_a-wbuf.o)
 .debug_frame   0x000010c8       0x2c c:/ciaa/tools/arm-none-eabi-gcc/bin/../lib/gcc/arm-none-eabi/8.2.1/../../../../arm-none-eabi/lib/thumb/v7e-m+fp/hard\libc_nano.a(lib_a-wsetup.o)
 .debug_frame   0x000010f4       0x5c c:/ciaa/tools/arm-none-eabi-gcc/bin/../lib/gcc/arm-none-eabi/8.2.1/../../../../arm-none-eabi/lib/thumb/v7e-m+fp/hard\libc_nano.a(lib_a-fflush.o)
 .debug_frame   0x00001150       0x58 c:/ciaa/tools/arm-none-eabi-gcc/bin/../lib/gcc/arm-none-eabi/8.2.1/../../../../arm-none-eabi/lib/thumb/v7e-m+fp/hard\libc_nano.a(lib_a-makebuf.o)
 .debug_frame   0x000011a8       0x30 c:/ciaa/tools/arm-none-eabi-gcc/bin/../lib/gcc/arm-none-eabi/8.2.1/../../../../arm-none-eabi/lib/thumb/v7e-m+fp/hard\libc_nano.a(lib_a-mlock.o)
 .debug_frame   0x000011d8       0x38 c:/ciaa/tools/arm-none-eabi-gcc/bin/../lib/gcc/arm-none-eabi/8.2.1/../../../../arm-none-eabi/lib/thumb/v7e-m+fp/hard\libc_nano.a(lib_a-nano-freer.o)

Cross Reference Table

Symbol                                            File
ADC0_IRQHandler                                   lpc_board_ciaa_edu_4337/src/cr_startup_lpc43xx.o
ADC1_IRQHandler                                   lpc_board_ciaa_edu_4337/src/cr_startup_lpc43xx.o
ADCHS_IRQHandler                                  lpc_board_ciaa_edu_4337/src/cr_startup_lpc43xx.o
ATIMER_IRQHandler                                 lpc_board_ciaa_edu_4337/src/cr_startup_lpc43xx.o
Board_DAC_Init                                    lpc_board_ciaa_edu_4337/src/board.o
Board_Debug_Init                                  lpc_board_ciaa_edu_4337/src/board.o
Board_ENET_GetMacADDR                             lpc_board_ciaa_edu_4337/src/board.o
Board_I2C_Init                                    lpc_board_ciaa_edu_4337/src/board.o
Board_Init                                        lpc_board_ciaa_edu_4337/src/board.o
                                                  app/src/main.o
Board_LED_Set                                     lpc_board_ciaa_edu_4337/src/board.o
Board_LED_Test                                    lpc_board_ciaa_edu_4337/src/board.o
Board_LED_Toggle                                  lpc_board_ciaa_edu_4337/src/board.o
                                                  app/src/main.o
Board_SDMMC_Init                                  lpc_board_ciaa_edu_4337/src/board.o
Board_SSP_Init                                    lpc_board_ciaa_edu_4337/src/board.o
Board_SetupClocking                               lpc_board_ciaa_edu_4337/src/board_sysinit.o
Board_SetupMuxing                                 lpc_board_ciaa_edu_4337/src/board_sysinit.o
Board_SystemInit                                  lpc_board_ciaa_edu_4337/src/board_sysinit.o
                                                  lpc_board_ciaa_edu_4337/src/sysinit.o
Board_UARTGetChar                                 lpc_board_ciaa_edu_4337/src/board.o
                                                  lpc_board_ciaa_edu_4337/src/system.o
Board_UARTPutChar                                 lpc_board_ciaa_edu_4337/src/board.o
                                                  lpc_board_ciaa_edu_4337/src/system.o
Board_UARTPutSTR                                  lpc_board_ciaa_edu_4337/src/board.o
Board_UART_Init                                   lpc_board_ciaa_edu_4337/src/board.o
BusFault_Handler                                  lpc_board_ciaa_edu_4337/src/cr_startup_lpc43xx.o
CAN0_IRQHandler                                   lpc_board_ciaa_edu_4337/src/cr_startup_lpc43xx.o
CAN1_IRQHandler                                   lpc_board_ciaa_edu_4337/src/cr_startup_lpc43xx.o
CRP_WORD                                          lpc_board_ciaa_edu_4337/src/crp.o
Chip_ADC_DeInit                                   lpc_chip_43xx/src/adc_18xx_43xx.o
Chip_ADC_EnableChannel                            lpc_chip_43xx/src/adc_18xx_43xx.o
Chip_ADC_Init                                     lpc_chip_43xx/src/adc_18xx_43xx.o
Chip_ADC_Int_SetChannelCmd                        lpc_chip_43xx/src/adc_18xx_43xx.o
Chip_ADC_ReadByte                                 lpc_chip_43xx/src/adc_18xx_43xx.o
Chip_ADC_ReadStatus                               lpc_chip_43xx/src/adc_18xx_43xx.o
Chip_ADC_ReadValue                                lpc_chip_43xx/src/adc_18xx_43xx.o
Chip_ADC_SetBurstCmd                              lpc_chip_43xx/src/adc_18xx_43xx.o
Chip_ADC_SetResolution                            lpc_chip_43xx/src/adc_18xx_43xx.o
Chip_ADC_SetSampleRate                            lpc_chip_43xx/src/adc_18xx_43xx.o
Chip_ADC_SetStartMode                             lpc_chip_43xx/src/adc_18xx_43xx.o
Chip_AES_Config_DMA                               lpc_chip_43xx/src/aes_18xx_43xx.o
Chip_AES_GetStatusDMA                             lpc_chip_43xx/src/aes_18xx_43xx.o
Chip_AES_Init                                     lpc_chip_43xx/src/aes_18xx_43xx.o
Chip_AES_LoadIV_IC                                lpc_chip_43xx/src/aes_18xx_43xx.o
Chip_AES_LoadIV_SW                                lpc_chip_43xx/src/aes_18xx_43xx.o
Chip_AES_LoadKey                                  lpc_chip_43xx/src/aes_18xx_43xx.o
Chip_AES_LoadKeyRNG                               lpc_chip_43xx/src/aes_18xx_43xx.o
Chip_AES_LoadKeySW                                lpc_chip_43xx/src/aes_18xx_43xx.o
Chip_AES_Operate                                  lpc_chip_43xx/src/aes_18xx_43xx.o
Chip_AES_OperateDMA                               lpc_chip_43xx/src/aes_18xx_43xx.o
Chip_AES_ProgramKey                               lpc_chip_43xx/src/aes_18xx_43xx.o
Chip_AES_SetMode                                  lpc_chip_43xx/src/aes_18xx_43xx.o
Chip_ATIMER_DeInit                                lpc_chip_43xx/src/atimer_18xx_43xx.o
Chip_ATIMER_Init                                  lpc_chip_43xx/src/atimer_18xx_43xx.o
Chip_CCAN_AddReceiveID                            lpc_chip_43xx/src/ccan_18xx_43xx.o
Chip_CCAN_ClearStatus                             lpc_chip_43xx/src/ccan_18xx_43xx.o
Chip_CCAN_DeInit                                  lpc_chip_43xx/src/ccan_18xx_43xx.o
Chip_CCAN_DeleteReceiveID                         lpc_chip_43xx/src/ccan_18xx_43xx.o
Chip_CCAN_GetMsgObject                            lpc_chip_43xx/src/ccan_18xx_43xx.o
Chip_CCAN_Init                                    lpc_chip_43xx/src/ccan_18xx_43xx.o
Chip_CCAN_Send                                    lpc_chip_43xx/src/ccan_18xx_43xx.o
Chip_CCAN_SetBitRate                              lpc_chip_43xx/src/ccan_18xx_43xx.o
Chip_CCAN_SetMsgObject                            lpc_chip_43xx/src/ccan_18xx_43xx.o
Chip_CCAN_SetValidMsg                             lpc_chip_43xx/src/ccan_18xx_43xx.o
Chip_CCAN_TransferMsgObject                       lpc_chip_43xx/src/ccan_18xx_43xx.o
Chip_Clock_CalcMainPLLValue                       lpc_chip_43xx/src/clock_18xx_43xx.o
                                                  lpc_chip_43xx/src/sysinit_18xx_43xx.o
Chip_Clock_ClearPowerDown                         lpc_chip_43xx/src/clock_18xx_43xx.o
Chip_Clock_Disable                                lpc_chip_43xx/src/clock_18xx_43xx.o
                                                  lpc_chip_43xx/src/hsadc_18xx_43xx.o
                                                  lpc_chip_43xx/src/sct_18xx_43xx.o
                                                  lpc_chip_43xx/src/ritimer_18xx_43xx.o
                                                  lpc_chip_43xx/src/i2c_18xx_43xx.o
                                                  lpc_chip_43xx/src/lcd_18xx_43xx.o
                                                  lpc_chip_43xx/src/sdif_18xx_43xx.o
                                                  lpc_chip_43xx/src/spi_18xx_43xx.o
                                                  lpc_chip_43xx/src/gpdma_18xx_43xx.o
                                                  lpc_chip_43xx/src/enet_18xx_43xx.o
                                                  lpc_chip_43xx/src/ssp_18xx_43xx.o
                                                  lpc_chip_43xx/src/uart_18xx_43xx.o
                                                  lpc_chip_43xx/src/dac_18xx_43xx.o
                                                  lpc_chip_43xx/src/i2s_18xx_43xx.o
                                                  lpc_chip_43xx/src/timer_18xx_43xx.o
                                                  lpc_chip_43xx/src/i2cm_18xx_43xx.o
                                                  lpc_chip_43xx/src/ccan_18xx_43xx.o
                                                  lpc_chip_43xx/src/adc_18xx_43xx.o
Chip_Clock_DisableBaseClock                       lpc_chip_43xx/src/clock_18xx_43xx.o
Chip_Clock_DisableCrystal                         lpc_chip_43xx/src/clock_18xx_43xx.o
Chip_Clock_DisablePLL                             lpc_chip_43xx/src/clock_18xx_43xx.o
Chip_Clock_Enable                                 lpc_chip_43xx/src/clock_18xx_43xx.o
                                                  lpc_chip_43xx/src/hsadc_18xx_43xx.o
                                                  lpc_chip_43xx/src/i2c_18xx_43xx.o
                                                  lpc_chip_43xx/src/spi_18xx_43xx.o
                                                  lpc_chip_43xx/src/ssp_18xx_43xx.o
                                                  lpc_chip_43xx/src/i2s_18xx_43xx.o
                                                  lpc_chip_43xx/src/timer_18xx_43xx.o
                                                  lpc_chip_43xx/src/i2cm_18xx_43xx.o
Chip_Clock_EnableBaseClock                        lpc_chip_43xx/src/clock_18xx_43xx.o
                                                  lpc_chip_43xx/src/chip_18xx_43xx.o
Chip_Clock_EnableCrystal                          lpc_chip_43xx/src/clock_18xx_43xx.o
                                                  lpc_chip_43xx/src/sysinit_18xx_43xx.o
Chip_Clock_EnableOpts                             lpc_chip_43xx/src/clock_18xx_43xx.o
                                                  lpc_chip_43xx/src/hsadc_18xx_43xx.o
                                                  lpc_chip_43xx/src/sct_18xx_43xx.o
                                                  lpc_chip_43xx/src/ritimer_18xx_43xx.o
                                                  lpc_chip_43xx/src/lcd_18xx_43xx.o
                                                  lpc_chip_43xx/src/sdif_18xx_43xx.o
                                                  lpc_chip_43xx/src/gpdma_18xx_43xx.o
                                                  lpc_chip_43xx/src/enet_18xx_43xx.o
                                                  lpc_chip_43xx/src/uart_18xx_43xx.o
                                                  lpc_chip_43xx/src/dac_18xx_43xx.o
                                                  lpc_chip_43xx/src/chip_18xx_43xx.o
                                                  lpc_chip_43xx/src/ccan_18xx_43xx.o
                                                  lpc_chip_43xx/src/adc_18xx_43xx.o
Chip_Clock_EnablePLL                              lpc_chip_43xx/src/clock_18xx_43xx.o
                                                  lpc_chip_43xx/src/chip_18xx_43xx.o
Chip_Clock_GetBaseClock                           lpc_chip_43xx/src/clock_18xx_43xx.o
Chip_Clock_GetBaseClockOpts                       lpc_chip_43xx/src/clock_18xx_43xx.o
Chip_Clock_GetBaseClocktHz                        lpc_chip_43xx/src/clock_18xx_43xx.o
                                                  lpc_chip_43xx/src/sdio_18xx_43xx.o
                                                  lpc_chip_43xx/src/sdmmc_18xx_43xx.o
Chip_Clock_GetClockInputHz                        lpc_chip_43xx/src/clock_18xx_43xx.o
                                                  lpc_chip_43xx/src/chip_18xx_43xx.o
Chip_Clock_GetDividerDivisor                      lpc_chip_43xx/src/clock_18xx_43xx.o
Chip_Clock_GetDividerSource                       lpc_chip_43xx/src/clock_18xx_43xx.o
Chip_Clock_GetEMCRate                             lpc_chip_43xx/src/clock_18xx_43xx.o
                                                  lpc_chip_43xx/src/emc_18xx_43xx.o
Chip_Clock_GetMainPLLHz                           lpc_chip_43xx/src/clock_18xx_43xx.o
Chip_Clock_GetPLLStatus                           lpc_chip_43xx/src/clock_18xx_43xx.o
                                                  lpc_chip_43xx/src/chip_18xx_43xx.o
Chip_Clock_GetRate                                lpc_chip_43xx/src/clock_18xx_43xx.o
                                                  lpc_chip_43xx/src/hsadc_18xx_43xx.o
                                                  lpc_chip_43xx/src/ritimer_18xx_43xx.o
                                                  lpc_chip_43xx/src/i2c_18xx_43xx.o
                                                  lpc_chip_43xx/src/sct_pwm_18xx_43xx.o
                                                  lpc_chip_43xx/src/stopwatch_18xx_43xx.o
                                                  lpc_chip_43xx/src/spi_18xx_43xx.o
                                                  lpc_chip_43xx/src/ssp_18xx_43xx.o
                                                  lpc_chip_43xx/src/uart_18xx_43xx.o
                                                  lpc_chip_43xx/src/i2s_18xx_43xx.o
                                                  lpc_chip_43xx/src/i2cm_18xx_43xx.o
                                                  lpc_chip_43xx/src/eeprom_18xx_43xx.o
                                                  lpc_chip_43xx/src/chip_18xx_43xx.o
                                                  lpc_chip_43xx/src/ccan_18xx_43xx.o
                                                  lpc_chip_43xx/src/adc_18xx_43xx.o
Chip_Clock_IsBaseClockEnabled                     lpc_chip_43xx/src/clock_18xx_43xx.o
Chip_Clock_RTCEnable                              lpc_chip_43xx/src/clock_18xx_43xx.o
                                                  lpc_chip_43xx/src/rtc_18xx_43xx.o
Chip_Clock_SetBaseClock                           lpc_chip_43xx/src/clock_18xx_43xx.o
                                                  lpc_board_ciaa_edu_4337/src/board_sysinit.o
                                                  lpc_chip_43xx/src/chip_18xx_43xx.o
                                                  lpc_chip_43xx/src/sysinit_18xx_43xx.o
Chip_Clock_SetDivider                             lpc_chip_43xx/src/clock_18xx_43xx.o
                                                  lpc_chip_43xx/src/chip_18xx_43xx.o
Chip_Clock_SetupMainPLLHz                         lpc_chip_43xx/src/clock_18xx_43xx.o
Chip_Clock_SetupMainPLLMult                       lpc_chip_43xx/src/clock_18xx_43xx.o
Chip_Clock_SetupPLL                               lpc_chip_43xx/src/clock_18xx_43xx.o
                                                  lpc_chip_43xx/src/chip_18xx_43xx.o
Chip_Clock_StartPowerDown                         lpc_chip_43xx/src/clock_18xx_43xx.o
Chip_DAC_DeInit                                   lpc_chip_43xx/src/dac_18xx_43xx.o
Chip_DAC_Init                                     lpc_chip_43xx/src/dac_18xx_43xx.o
Chip_DAC_SetBias                                  lpc_chip_43xx/src/dac_18xx_43xx.o
Chip_DAC_UpdateValue                              lpc_chip_43xx/src/dac_18xx_43xx.o
Chip_EEPROM_EraseProgramPage                      lpc_chip_43xx/src/eeprom_18xx_43xx.o
Chip_EEPROM_Init                                  lpc_chip_43xx/src/eeprom_18xx_43xx.o
Chip_EEPROM_WaitForIntStatus                      lpc_chip_43xx/src/eeprom_18xx_43xx.o
Chip_EMC_Dynamic_Enable                           lpc_chip_43xx/src/emc_18xx_43xx.o
Chip_EMC_Dynamic_Init                             lpc_chip_43xx/src/emc_18xx_43xx.o
Chip_EMC_Enable                                   lpc_chip_43xx/src/emc_18xx_43xx.o
Chip_EMC_Init                                     lpc_chip_43xx/src/emc_18xx_43xx.o
Chip_EMC_LowPowerMode                             lpc_chip_43xx/src/emc_18xx_43xx.o
Chip_EMC_Mirror                                   lpc_chip_43xx/src/emc_18xx_43xx.o
Chip_EMC_Static_Init                              lpc_chip_43xx/src/emc_18xx_43xx.o
Chip_ENET_DeInit                                  lpc_chip_43xx/src/enet_18xx_43xx.o
Chip_ENET_Init                                    lpc_chip_43xx/src/enet_18xx_43xx.o
Chip_ENET_SetDuplex                               lpc_chip_43xx/src/enet_18xx_43xx.o
Chip_ENET_SetSpeed                                lpc_chip_43xx/src/enet_18xx_43xx.o
Chip_ENET_SetupMII                                lpc_chip_43xx/src/enet_18xx_43xx.o
Chip_ENET_StartMIIRead                            lpc_chip_43xx/src/enet_18xx_43xx.o
Chip_ENET_StartMIIWrite                           lpc_chip_43xx/src/enet_18xx_43xx.o
Chip_EVRT_ConfigIntSrcActiveType                  lpc_chip_43xx/src/evrt_18xx_43xx.o
Chip_EVRT_Init                                    lpc_chip_43xx/src/evrt_18xx_43xx.o
Chip_EVRT_IsSourceInterrupting                    lpc_chip_43xx/src/evrt_18xx_43xx.o
Chip_EVRT_SetUpIntSrc                             lpc_chip_43xx/src/evrt_18xx_43xx.o
Chip_GPDMA_ChannelCmd                             lpc_chip_43xx/src/gpdma_18xx_43xx.o
Chip_GPDMA_ClearIntPending                        lpc_chip_43xx/src/gpdma_18xx_43xx.o
Chip_GPDMA_DeInit                                 lpc_chip_43xx/src/gpdma_18xx_43xx.o
Chip_GPDMA_GetFreeChannel                         lpc_chip_43xx/src/gpdma_18xx_43xx.o
Chip_GPDMA_Init                                   lpc_chip_43xx/src/gpdma_18xx_43xx.o
Chip_GPDMA_InitChannelCfg                         lpc_chip_43xx/src/gpdma_18xx_43xx.o
Chip_GPDMA_IntGetStatus                           lpc_chip_43xx/src/gpdma_18xx_43xx.o
Chip_GPDMA_Interrupt                              lpc_chip_43xx/src/gpdma_18xx_43xx.o
Chip_GPDMA_PrepareDescriptor                      lpc_chip_43xx/src/gpdma_18xx_43xx.o
Chip_GPDMA_SGTransfer                             lpc_chip_43xx/src/gpdma_18xx_43xx.o
Chip_GPDMA_Stop                                   lpc_chip_43xx/src/gpdma_18xx_43xx.o
Chip_GPDMA_Transfer                               lpc_chip_43xx/src/gpdma_18xx_43xx.o
Chip_GPIO_DeInit                                  lpc_chip_43xx/src/gpio_18xx_43xx.o
Chip_GPIO_Init                                    lpc_chip_43xx/src/gpio_18xx_43xx.o
                                                  lpc_board_ciaa_edu_4337/src/board.o
Chip_GPIO_SetDir                                  lpc_chip_43xx/src/gpio_18xx_43xx.o
Chip_GPIO_SetPinDIR                               lpc_chip_43xx/src/gpio_18xx_43xx.o
Chip_GPIO_SetPortDIR                              lpc_chip_43xx/src/gpio_18xx_43xx.o
Chip_GPIO_WriteDirBit                             lpc_chip_43xx/src/gpio_18xx_43xx.o
Chip_HSADC_DeInit                                 lpc_chip_43xx/src/hsadc_18xx_43xx.o
Chip_HSADC_Init                                   lpc_chip_43xx/src/hsadc_18xx_43xx.o
Chip_HSADC_SetACDCBias                            lpc_chip_43xx/src/hsadc_18xx_43xx.o
Chip_HSADC_SetPowerSpeed                          lpc_chip_43xx/src/hsadc_18xx_43xx.o
Chip_HSADC_SetSpeed                               lpc_chip_43xx/src/hsadc_18xx_43xx.o
Chip_HSADC_SetThrHighValue                        lpc_chip_43xx/src/hsadc_18xx_43xx.o
Chip_HSADC_SetThrLowValue                         lpc_chip_43xx/src/hsadc_18xx_43xx.o
Chip_HSADC_SetupFIFO                              lpc_chip_43xx/src/hsadc_18xx_43xx.o
Chip_I2CM_DeInit                                  lpc_chip_43xx/src/i2cm_18xx_43xx.o
Chip_I2CM_Init                                    lpc_chip_43xx/src/i2cm_18xx_43xx.o
Chip_I2CM_Read                                    lpc_chip_43xx/src/i2cm_18xx_43xx.o
Chip_I2CM_SetBusSpeed                             lpc_chip_43xx/src/i2cm_18xx_43xx.o
Chip_I2CM_Write                                   lpc_chip_43xx/src/i2cm_18xx_43xx.o
Chip_I2CM_Xfer                                    lpc_chip_43xx/src/i2cm_18xx_43xx.o
Chip_I2CM_XferBlocking                            lpc_chip_43xx/src/i2cm_18xx_43xx.o
Chip_I2CM_XferHandler                             lpc_chip_43xx/src/i2cm_18xx_43xx.o
Chip_I2C_DeInit                                   lpc_chip_43xx/src/i2c_18xx_43xx.o
Chip_I2C_Disable                                  lpc_chip_43xx/src/i2c_18xx_43xx.o
Chip_I2C_EventHandler                             lpc_chip_43xx/src/i2c_18xx_43xx.o
Chip_I2C_EventHandlerPolling                      lpc_chip_43xx/src/i2c_18xx_43xx.o
Chip_I2C_GetClockRate                             lpc_chip_43xx/src/i2c_18xx_43xx.o
Chip_I2C_GetMasterEventHandler                    lpc_chip_43xx/src/i2c_18xx_43xx.o
Chip_I2C_Init                                     lpc_chip_43xx/src/i2c_18xx_43xx.o
Chip_I2C_IsMasterActive                           lpc_chip_43xx/src/i2c_18xx_43xx.o
Chip_I2C_IsStateChanged                           lpc_chip_43xx/src/i2c_18xx_43xx.o
Chip_I2C_MasterCmdRead                            lpc_chip_43xx/src/i2c_18xx_43xx.o
Chip_I2C_MasterRead                               lpc_chip_43xx/src/i2c_18xx_43xx.o
Chip_I2C_MasterSend                               lpc_chip_43xx/src/i2c_18xx_43xx.o
Chip_I2C_MasterStateHandler                       lpc_chip_43xx/src/i2c_18xx_43xx.o
Chip_I2C_MasterTransfer                           lpc_chip_43xx/src/i2c_18xx_43xx.o
Chip_I2C_SetClockRate                             lpc_chip_43xx/src/i2c_18xx_43xx.o
Chip_I2C_SetMasterEventHandler                    lpc_chip_43xx/src/i2c_18xx_43xx.o
Chip_I2C_SlaveSetup                               lpc_chip_43xx/src/i2c_18xx_43xx.o
Chip_I2C_SlaveStateHandler                        lpc_chip_43xx/src/i2c_18xx_43xx.o
Chip_I2S_DMA_RxCmd                                lpc_chip_43xx/src/i2s_18xx_43xx.o
Chip_I2S_DMA_TxCmd                                lpc_chip_43xx/src/i2s_18xx_43xx.o
Chip_I2S_DeInit                                   lpc_chip_43xx/src/i2s_18xx_43xx.o
Chip_I2S_Init                                     lpc_chip_43xx/src/i2s_18xx_43xx.o
Chip_I2S_Int_RxCmd                                lpc_chip_43xx/src/i2s_18xx_43xx.o
Chip_I2S_Int_TxCmd                                lpc_chip_43xx/src/i2s_18xx_43xx.o
Chip_I2S_RxConfig                                 lpc_chip_43xx/src/i2s_18xx_43xx.o
Chip_I2S_TxConfig                                 lpc_chip_43xx/src/i2s_18xx_43xx.o
Chip_IAP_BlankCheckSector                         lpc_chip_43xx/src/iap_18xx_43xx.o
Chip_IAP_Compare                                  lpc_chip_43xx/src/iap_18xx_43xx.o
Chip_IAP_CopyRamToFlash                           lpc_chip_43xx/src/iap_18xx_43xx.o
Chip_IAP_ErasePage                                lpc_chip_43xx/src/iap_18xx_43xx.o
Chip_IAP_EraseSector                              lpc_chip_43xx/src/iap_18xx_43xx.o
Chip_IAP_PreSectorForReadWrite                    lpc_chip_43xx/src/iap_18xx_43xx.o
Chip_IAP_ReadBootCode                             lpc_chip_43xx/src/iap_18xx_43xx.o
Chip_IAP_ReadPID                                  lpc_chip_43xx/src/iap_18xx_43xx.o
Chip_IAP_ReadUID                                  lpc_chip_43xx/src/iap_18xx_43xx.o
Chip_IAP_ReinvokeISP                              lpc_chip_43xx/src/iap_18xx_43xx.o
Chip_IAP_SetBootFlashBank                         lpc_chip_43xx/src/iap_18xx_43xx.o
Chip_LCD_Cursor_Config                            lpc_chip_43xx/src/lcd_18xx_43xx.o
Chip_LCD_Cursor_WriteImage                        lpc_chip_43xx/src/lcd_18xx_43xx.o
Chip_LCD_DeInit                                   lpc_chip_43xx/src/lcd_18xx_43xx.o
Chip_LCD_Init                                     lpc_chip_43xx/src/lcd_18xx_43xx.o
Chip_LCD_LoadPalette                              lpc_chip_43xx/src/lcd_18xx_43xx.o
Chip_OTP_GenRand                                  lpc_chip_43xx/src/otp_18xx_43xx.o
Chip_OTP_Init                                     lpc_chip_43xx/src/otp_18xx_43xx.o
Chip_OTP_ProgBootSrc                              lpc_chip_43xx/src/otp_18xx_43xx.o
Chip_OTP_ProgGPWord                               lpc_chip_43xx/src/otp_18xx_43xx.o
Chip_OTP_ProgJTAGDis                              lpc_chip_43xx/src/otp_18xx_43xx.o
Chip_OTP_ProgKey                                  lpc_chip_43xx/src/otp_18xx_43xx.o
Chip_OTP_ProgUSBID                                lpc_chip_43xx/src/otp_18xx_43xx.o
Chip_PMC_Set_PwrState                             lpc_chip_43xx/src/pmc_18xx_43xx.o
Chip_PMC_Sleep                                    lpc_chip_43xx/src/pmc_18xx_43xx.o
Chip_RIT_DeInit                                   lpc_chip_43xx/src/ritimer_18xx_43xx.o
Chip_RIT_GetIntStatus                             lpc_chip_43xx/src/ritimer_18xx_43xx.o
Chip_RIT_Init                                     lpc_chip_43xx/src/ritimer_18xx_43xx.o
Chip_RIT_SetTimerInterval                         lpc_chip_43xx/src/ritimer_18xx_43xx.o
Chip_RTC_AlarmIntConfig                           lpc_chip_43xx/src/rtc_18xx_43xx.o
Chip_RTC_CalibCounterCmd                          lpc_chip_43xx/src/rtc_18xx_43xx.o
Chip_RTC_CntIncrIntConfig                         lpc_chip_43xx/src/rtc_18xx_43xx.o
Chip_RTC_DeInit                                   lpc_chip_43xx/src/rtc_18xx_43xx.o
Chip_RTC_EV_GetFirstTimeStamp                     lpc_chip_43xx/src/rtc_18xx_43xx.o
Chip_RTC_EV_GetLastTimeStamp                      lpc_chip_43xx/src/rtc_18xx_43xx.o
Chip_RTC_Enable                                   lpc_chip_43xx/src/rtc_18xx_43xx.o
Chip_RTC_GetFullAlarmTime                         lpc_chip_43xx/src/rtc_18xx_43xx.o
Chip_RTC_GetFullTime                              lpc_chip_43xx/src/rtc_18xx_43xx.o
Chip_RTC_Init                                     lpc_chip_43xx/src/rtc_18xx_43xx.o
Chip_RTC_ResetClockTickCounter                    lpc_chip_43xx/src/rtc_18xx_43xx.o
Chip_RTC_SetFullAlarmTime                         lpc_chip_43xx/src/rtc_18xx_43xx.o
Chip_RTC_SetFullTime                              lpc_chip_43xx/src/rtc_18xx_43xx.o
Chip_SCTPWM_SetOutPin                             lpc_chip_43xx/src/sct_pwm_18xx_43xx.o
Chip_SCTPWM_SetRate                               lpc_chip_43xx/src/sct_pwm_18xx_43xx.o
Chip_SCT_DeInit                                   lpc_chip_43xx/src/sct_18xx_43xx.o
Chip_SCT_Init                                     lpc_chip_43xx/src/sct_18xx_43xx.o
Chip_SCT_SetClrControl                            lpc_chip_43xx/src/sct_18xx_43xx.o
Chip_SCT_SetConflictResolution                    lpc_chip_43xx/src/sct_18xx_43xx.o
Chip_SDIF_DeInit                                  lpc_chip_43xx/src/sdif_18xx_43xx.o
Chip_SDIF_DmaSetup                                lpc_chip_43xx/src/sdif_18xx_43xx.o
                                                  lpc_chip_43xx/src/sdio_18xx_43xx.o
                                                  lpc_chip_43xx/src/sdmmc_18xx_43xx.o
Chip_SDIF_GetResponse                             lpc_chip_43xx/src/sdif_18xx_43xx.o
                                                  lpc_chip_43xx/src/sdio_18xx_43xx.o
                                                  lpc_chip_43xx/src/sdmmc_18xx_43xx.o
Chip_SDIF_Init                                    lpc_chip_43xx/src/sdif_18xx_43xx.o
Chip_SDIF_SendCmd                                 lpc_chip_43xx/src/sdif_18xx_43xx.o
                                                  lpc_chip_43xx/src/sdio_18xx_43xx.o
                                                  lpc_chip_43xx/src/sdmmc_18xx_43xx.o
Chip_SDIF_SetClearIntFifo                         lpc_chip_43xx/src/sdif_18xx_43xx.o
                                                  lpc_chip_43xx/src/sdmmc_18xx_43xx.o
Chip_SDIF_SetClock                                lpc_chip_43xx/src/sdif_18xx_43xx.o
                                                  lpc_chip_43xx/src/sdio_18xx_43xx.o
                                                  lpc_chip_43xx/src/sdmmc_18xx_43xx.o
Chip_SDMMC_Acquire                                lpc_chip_43xx/src/sdmmc_18xx_43xx.o
Chip_SDMMC_GetDeviceBlocks                        lpc_chip_43xx/src/sdmmc_18xx_43xx.o
Chip_SDMMC_GetDeviceSize                          lpc_chip_43xx/src/sdmmc_18xx_43xx.o
Chip_SDMMC_GetState                               lpc_chip_43xx/src/sdmmc_18xx_43xx.o
Chip_SDMMC_ReadBlocks                             lpc_chip_43xx/src/sdmmc_18xx_43xx.o
Chip_SDMMC_WriteBlocks                            lpc_chip_43xx/src/sdmmc_18xx_43xx.o
Chip_SPI_DeInit                                   lpc_chip_43xx/src/spi_18xx_43xx.o
Chip_SPI_Init                                     lpc_chip_43xx/src/spi_18xx_43xx.o
Chip_SPI_Int_FlushData                            lpc_chip_43xx/src/spi_18xx_43xx.o
Chip_SPI_Int_RWFrames                             lpc_chip_43xx/src/spi_18xx_43xx.o
Chip_SPI_Int_RWFrames16Bits                       lpc_chip_43xx/src/spi_18xx_43xx.o
Chip_SPI_Int_RWFrames8Bits                        lpc_chip_43xx/src/spi_18xx_43xx.o
Chip_SPI_RWFrames_Blocking                        lpc_chip_43xx/src/spi_18xx_43xx.o
Chip_SPI_SetBitRate                               lpc_chip_43xx/src/spi_18xx_43xx.o
Chip_SSP_DeInit                                   lpc_chip_43xx/src/ssp_18xx_43xx.o
Chip_SSP_Init                                     lpc_chip_43xx/src/ssp_18xx_43xx.o
Chip_SSP_Int_FlushData                            lpc_chip_43xx/src/ssp_18xx_43xx.o
Chip_SSP_Int_RWFrames16Bits                       lpc_chip_43xx/src/ssp_18xx_43xx.o
Chip_SSP_Int_RWFrames8Bits                        lpc_chip_43xx/src/ssp_18xx_43xx.o
Chip_SSP_RWFrames_Blocking                        lpc_chip_43xx/src/ssp_18xx_43xx.o
Chip_SSP_ReadFrames_Blocking                      lpc_chip_43xx/src/ssp_18xx_43xx.o
Chip_SSP_SetBitRate                               lpc_chip_43xx/src/ssp_18xx_43xx.o
Chip_SSP_SetClockRate                             lpc_chip_43xx/src/ssp_18xx_43xx.o
Chip_SSP_SetMaster                                lpc_chip_43xx/src/ssp_18xx_43xx.o
Chip_SSP_WriteFrames_Blocking                     lpc_chip_43xx/src/ssp_18xx_43xx.o
Chip_SetupCoreClock                               lpc_chip_43xx/src/sysinit_18xx_43xx.o
                                                  lpc_board_ciaa_edu_4337/src/board_sysinit.o
Chip_SetupIrcClocking                             lpc_chip_43xx/src/sysinit_18xx_43xx.o
Chip_SetupXtalClocking                            lpc_chip_43xx/src/sysinit_18xx_43xx.o
Chip_SystemInit                                   lpc_chip_43xx/src/sysinit_18xx_43xx.o
Chip_TIMER_DeInit                                 lpc_chip_43xx/src/timer_18xx_43xx.o
Chip_TIMER_ExtMatchControlSet                     lpc_chip_43xx/src/timer_18xx_43xx.o
Chip_TIMER_Init                                   lpc_chip_43xx/src/timer_18xx_43xx.o
                                                  lpc_chip_43xx/src/stopwatch_18xx_43xx.o
Chip_TIMER_Reset                                  lpc_chip_43xx/src/timer_18xx_43xx.o
Chip_UART_ABCmd                                   lpc_chip_43xx/src/uart_18xx_43xx.o
Chip_UART_CheckBusy                               lpc_chip_43xx/src/uart_18xx_43xx.o
Chip_UART_DeInit                                  lpc_chip_43xx/src/uart_18xx_43xx.o
Chip_UART_GetABEOStatus                           lpc_chip_43xx/src/uart_18xx_43xx.o
Chip_UART_IRQRBHandler                            lpc_chip_43xx/src/uart_18xx_43xx.o
Chip_UART_Init                                    lpc_chip_43xx/src/uart_18xx_43xx.o
                                                  lpc_board_ciaa_edu_4337/src/board.o
Chip_UART_RXIntHandlerRB                          lpc_chip_43xx/src/uart_18xx_43xx.o
Chip_UART_Read                                    lpc_chip_43xx/src/uart_18xx_43xx.o
Chip_UART_ReadBlocking                            lpc_chip_43xx/src/uart_18xx_43xx.o
Chip_UART_ReadRB                                  lpc_chip_43xx/src/uart_18xx_43xx.o
Chip_UART_Send                                    lpc_chip_43xx/src/uart_18xx_43xx.o
Chip_UART_SendBlocking                            lpc_chip_43xx/src/uart_18xx_43xx.o
Chip_UART_SendRB                                  lpc_chip_43xx/src/uart_18xx_43xx.o
Chip_UART_SetBaud                                 lpc_chip_43xx/src/uart_18xx_43xx.o
Chip_UART_SetBaudFDR                              lpc_chip_43xx/src/uart_18xx_43xx.o
                                                  lpc_board_ciaa_edu_4337/src/board.o
Chip_UART_TXIntHandlerRB                          lpc_chip_43xx/src/uart_18xx_43xx.o
Chip_USB0_Init                                    lpc_chip_43xx/src/chip_18xx_43xx.o
Chip_USB1_Init                                    lpc_chip_43xx/src/chip_18xx_43xx.o
Chip_WWDT_ClearStatusFlag                         lpc_chip_43xx/src/wwdt_18xx_43xx.o
Chip_WWDT_DeInit                                  lpc_chip_43xx/src/wwdt_18xx_43xx.o
Chip_WWDT_Init                                    lpc_chip_43xx/src/wwdt_18xx_43xx.o
DAC_IRQHandler                                    lpc_board_ciaa_edu_4337/src/cr_startup_lpc43xx.o
DMA_IRQHandler                                    lpc_board_ciaa_edu_4337/src/cr_startup_lpc43xx.o
DebugMon_Handler                                  lpc_board_ciaa_edu_4337/src/cr_startup_lpc43xx.o
ETH_IRQHandler                                    lpc_board_ciaa_edu_4337/src/cr_startup_lpc43xx.o
EVRT_IRQHandler                                   lpc_board_ciaa_edu_4337/src/cr_startup_lpc43xx.o
ExtRateIn                                         lpc_board_ciaa_edu_4337/src/board.o
                                                  lpc_chip_43xx/src/clock_18xx_43xx.o
FLASH_EEPROM_IRQHandler                           lpc_board_ciaa_edu_4337/src/cr_startup_lpc43xx.o
GINT0_IRQHandler                                  lpc_board_ciaa_edu_4337/src/cr_startup_lpc43xx.o
GINT1_IRQHandler                                  lpc_board_ciaa_edu_4337/src/cr_startup_lpc43xx.o
GPIO0_IRQHandler                                  lpc_board_ciaa_edu_4337/src/cr_startup_lpc43xx.o
GPIO1_IRQHandler                                  lpc_board_ciaa_edu_4337/src/cr_startup_lpc43xx.o
GPIO2_IRQHandler                                  lpc_board_ciaa_edu_4337/src/cr_startup_lpc43xx.o
GPIO3_IRQHandler                                  lpc_board_ciaa_edu_4337/src/cr_startup_lpc43xx.o
GPIO4_IRQHandler                                  lpc_board_ciaa_edu_4337/src/cr_startup_lpc43xx.o
GPIO5_IRQHandler                                  lpc_board_ciaa_edu_4337/src/cr_startup_lpc43xx.o
GPIO6_IRQHandler                                  lpc_board_ciaa_edu_4337/src/cr_startup_lpc43xx.o