Archive member included to satisfy reference by file (symbol)

c:/ciaa/ciaa_software_1.1-win/tools/arm-none-eabi-gcc/bin/../lib/gcc/arm-none-eabi/8.2.1/thumb/v7e-m+fp/hard\libgcc.a(_aeabi_uldivmod.o)
                              lpc_chip_43xx/src/i2s_18xx_43xx.o (__aeabi_uldivmod)
c:/ciaa/ciaa_software_1.1-win/tools/arm-none-eabi-gcc/bin/../lib/gcc/arm-none-eabi/8.2.1/thumb/v7e-m+fp/hard\libgcc.a(_udivmoddi4.o)
                              c:/ciaa/ciaa_software_1.1-win/tools/arm-none-eabi-gcc/bin/../lib/gcc/arm-none-eabi/8.2.1/thumb/v7e-m+fp/hard\libgcc.a(_aeabi_uldivmod.o) (__udivmoddi4)
c:/ciaa/ciaa_software_1.1-win/tools/arm-none-eabi-gcc/bin/../lib/gcc/arm-none-eabi/8.2.1/thumb/v7e-m+fp/hard\libgcc.a(_dvmd_tls.o)
                              c:/ciaa/ciaa_software_1.1-win/tools/arm-none-eabi-gcc/bin/../lib/gcc/arm-none-eabi/8.2.1/thumb/v7e-m+fp/hard\libgcc.a(_aeabi_uldivmod.o) (__aeabi_ldiv0)
c:/ciaa/ciaa_software_1.1-win/tools/arm-none-eabi-gcc/bin/../lib/gcc/arm-none-eabi/8.2.1/../../../../arm-none-eabi/lib/thumb/v7e-m+fp/hard\libc_nano.a(lib_a-ctype_.o)
                              app/src/enigma.o (_ctype_)
c:/ciaa/ciaa_software_1.1-win/tools/arm-none-eabi-gcc/bin/../lib/gcc/arm-none-eabi/8.2.1/../../../../arm-none-eabi/lib/thumb/v7e-m+fp/hard\libc_nano.a(lib_a-memcpy-stub.o)
                              lpc_chip_43xx/src/ring_buffer.o (memcpy)
c:/ciaa/ciaa_software_1.1-win/tools/arm-none-eabi-gcc/bin/../lib/gcc/arm-none-eabi/8.2.1/../../../../arm-none-eabi/lib/thumb/v7e-m+fp/hard\libc_nano.a(lib_a-memset.o)
                              lpc_chip_43xx/src/clock_18xx_43xx.o (memset)
c:/ciaa/ciaa_software_1.1-win/tools/arm-none-eabi-gcc/bin/../lib/gcc/arm-none-eabi/8.2.1/../../../../arm-none-eabi/lib/thumb/v7e-m+fp/hard\libc_nano.a(lib_a-printf.o)
                              app/src/main.o (printf)
c:/ciaa/ciaa_software_1.1-win/tools/arm-none-eabi-gcc/bin/../lib/gcc/arm-none-eabi/8.2.1/../../../../arm-none-eabi/lib/thumb/v7e-m+fp/hard\libc_nano.a(lib_a-putchar.o)
                              app/src/enigma.o (putchar)
c:/ciaa/ciaa_software_1.1-win/tools/arm-none-eabi-gcc/bin/../lib/gcc/arm-none-eabi/8.2.1/../../../../arm-none-eabi/lib/thumb/v7e-m+fp/hard\libc_nano.a(lib_a-strchr.o)
                              app/src/enigma.o (strchr)
c:/ciaa/ciaa_software_1.1-win/tools/arm-none-eabi-gcc/bin/../lib/gcc/arm-none-eabi/8.2.1/../../../../arm-none-eabi/lib/thumb/v7e-m+fp/hard\libc_nano.a(lib_a-findfp.o)
                              c:/ciaa/ciaa_software_1.1-win/tools/arm-none-eabi-gcc/bin/../lib/gcc/arm-none-eabi/8.2.1/../../../../arm-none-eabi/lib/thumb/v7e-m+fp/hard\libc_nano.a(lib_a-printf.o) (__sinit)
c:/ciaa/ciaa_software_1.1-win/tools/arm-none-eabi-gcc/bin/../lib/gcc/arm-none-eabi/8.2.1/../../../../arm-none-eabi/lib/thumb/v7e-m+fp/hard\libc_nano.a(lib_a-fwalk.o)
                              c:/ciaa/ciaa_software_1.1-win/tools/arm-none-eabi-gcc/bin/../lib/gcc/arm-none-eabi/8.2.1/../../../../arm-none-eabi/lib/thumb/v7e-m+fp/hard\libc_nano.a(lib_a-findfp.o) (_fwalk)
c:/ciaa/ciaa_software_1.1-win/tools/arm-none-eabi-gcc/bin/../lib/gcc/arm-none-eabi/8.2.1/../../../../arm-none-eabi/lib/thumb/v7e-m+fp/hard\libc_nano.a(lib_a-impure.o)
                              c:/ciaa/ciaa_software_1.1-win/tools/arm-none-eabi-gcc/bin/../lib/gcc/arm-none-eabi/8.2.1/../../../../arm-none-eabi/lib/thumb/v7e-m+fp/hard\libc_nano.a(lib_a-findfp.o) (_global_impure_ptr)
c:/ciaa/ciaa_software_1.1-win/tools/arm-none-eabi-gcc/bin/../lib/gcc/arm-none-eabi/8.2.1/../../../../arm-none-eabi/lib/thumb/v7e-m+fp/hard\libc_nano.a(lib_a-lock.o)
                              c:/ciaa/ciaa_software_1.1-win/tools/arm-none-eabi-gcc/bin/../lib/gcc/arm-none-eabi/8.2.1/../../../../arm-none-eabi/lib/thumb/v7e-m+fp/hard\libc_nano.a(lib_a-findfp.o) (__retarget_lock_init_recursive)
c:/ciaa/ciaa_software_1.1-win/tools/arm-none-eabi-gcc/bin/../lib/gcc/arm-none-eabi/8.2.1/../../../../arm-none-eabi/lib/thumb/v7e-m+fp/hard\libc_nano.a(lib_a-nano-mallocr.o)
                              c:/ciaa/ciaa_software_1.1-win/tools/arm-none-eabi-gcc/bin/../lib/gcc/arm-none-eabi/8.2.1/../../../../arm-none-eabi/lib/thumb/v7e-m+fp/hard\libc_nano.a(lib_a-findfp.o) (_malloc_r)
c:/ciaa/ciaa_software_1.1-win/tools/arm-none-eabi-gcc/bin/../lib/gcc/arm-none-eabi/8.2.1/../../../../arm-none-eabi/lib/thumb/v7e-m+fp/hard\libc_nano.a(lib_a-nano-vfprintf.o)
                              c:/ciaa/ciaa_software_1.1-win/tools/arm-none-eabi-gcc/bin/../lib/gcc/arm-none-eabi/8.2.1/../../../../arm-none-eabi/lib/thumb/v7e-m+fp/hard\libc_nano.a(lib_a-printf.o) (_vfprintf_r)
c:/ciaa/ciaa_software_1.1-win/tools/arm-none-eabi-gcc/bin/../lib/gcc/arm-none-eabi/8.2.1/../../../../arm-none-eabi/lib/thumb/v7e-m+fp/hard\libc_nano.a(lib_a-nano-vfprintf_i.o)
                              c:/ciaa/ciaa_software_1.1-win/tools/arm-none-eabi-gcc/bin/../lib/gcc/arm-none-eabi/8.2.1/../../../../arm-none-eabi/lib/thumb/v7e-m+fp/hard\libc_nano.a(lib_a-nano-vfprintf.o) (_printf_i)
[...]
Memory Configuration

Name             Origin             Length             Attributes
MFlashA512       0x1a000000         0x00080000         xr
MFlashB512       0x1b000000         0x00080000         xr
RamLoc32         0x10000000         0x00008000         xrw
RamLoc40         0x10080000         0x0000a000         xrw
RamAHB32         0x20000000         0x00008000         xrw
RamAHB16         0x20008000         0x00004000         xrw
RamAHB_ETB16     0x2000c000         0x00004000         xrw
*default*        0x00000000         0xffffffff

Linker script and memory map

LOAD app/src/enigma.o
LOAD app/src/main.o
LOAD app/src/my_program.o
LOAD lpc_chip_43xx/src/adc_18xx_43xx.o
LOAD lpc_chip_43xx/src/evrt_18xx_43xx.o
LOAD lpc_chip_43xx/src/ccan_18xx_43xx.o
LOAD lpc_chip_43xx/src/sysinit_18xx_43xx.o
LOAD lpc_chip_43xx/src/sdmmc_18xx_43xx.o
LOAD lpc_chip_43xx/src/fpu_init.o
LOAD lpc_chip_43xx/src/chip_18xx_43xx.o
LOAD lpc_chip_43xx/src/rtc_18xx_43xx.o
LOAD lpc_chip_43xx/src/eeprom_18xx_43xx.o
LOAD lpc_chip_43xx/src/pinint_18xx_43xx.o
LOAD lpc_chip_43xx/src/i2cm_18xx_43xx.o
LOAD lpc_chip_43xx/src/timer_18xx_43xx.o
LOAD lpc_chip_43xx/src/sdio_18xx_43xx.o
LOAD lpc_chip_43xx/src/i2s_18xx_43xx.o
LOAD lpc_chip_43xx/src/aes_18xx_43xx.o
LOAD lpc_chip_43xx/src/otp_18xx_43xx.o
LOAD lpc_chip_43xx/src/emc_18xx_43xx.o
LOAD lpc_chip_43xx/src/dac_18xx_43xx.o
LOAD lpc_chip_43xx/src/gpiogroup_18xx_43xx.o
LOAD lpc_chip_43xx/src/pmc_18xx_43xx.o
LOAD lpc_chip_43xx/src/uart_18xx_43xx.o
LOAD lpc_chip_43xx/src/ssp_18xx_43xx.o
LOAD lpc_chip_43xx/src/enet_18xx_43xx.o
LOAD lpc_chip_43xx/src/gpdma_18xx_43xx.o
LOAD lpc_chip_43xx/src/gpio_18xx_43xx.o
LOAD lpc_chip_43xx/src/spi_18xx_43xx.o
LOAD lpc_chip_43xx/src/wwdt_18xx_43xx.o
LOAD lpc_chip_43xx/src/iap_18xx_43xx.o
LOAD lpc_chip_43xx/src/stopwatch_18xx_43xx.o
LOAD lpc_chip_43xx/src/atimer_18xx_43xx.o
LOAD lpc_chip_43xx/src/sct_pwm_18xx_43xx.o
LOAD lpc_chip_43xx/src/clock_18xx_43xx.o
LOAD lpc_chip_43xx/src/sdif_18xx_43xx.o
LOAD lpc_chip_43xx/src/ring_buffer.o
LOAD lpc_chip_43xx/src/lcd_18xx_43xx.o
LOAD lpc_chip_43xx/src/i2c_18xx_43xx.o
LOAD lpc_chip_43xx/src/ritimer_18xx_43xx.o
LOAD lpc_chip_43xx/src/sct_18xx_43xx.o
LOAD lpc_chip_43xx/src/hsadc_18xx_43xx.o
LOAD lpc_board_ciaa_edu_4337/src/sysinit.o
LOAD lpc_board_ciaa_edu_4337/src/system.o
LOAD lpc_board_ciaa_edu_4337/src/crp.o
LOAD lpc_board_ciaa_edu_4337/src/board_sysinit.o
LOAD lpc_board_ciaa_edu_4337/src/cr_startup_lpc43xx.o
LOAD lpc_board_ciaa_edu_4337/src/board.o
START GROUP
LOAD c:/ciaa/ciaa_software_1.1-win/tools/arm-none-eabi-gcc/bin/../lib/gcc/arm-none-eabi/8.2.1/thumb/v7e-m+fp/hard\libgcc.a
LOAD c:/ciaa/ciaa_software_1.1-win/tools/arm-none-eabi-gcc/bin/../lib/gcc/arm-none-eabi/8.2.1/../../../../arm-none-eabi/lib/thumb/v7e-m+fp/hard\libc_nano.a
END GROUP
START GROUP
LOAD c:/ciaa/ciaa_software_1.1-win/tools/arm-none-eabi-gcc/bin/../lib/gcc/arm-none-eabi/8.2.1/thumb/v7e-m+fp/hard\libgcc.a
LOAD c:/ciaa/ciaa_software_1.1-win/tools/arm-none-eabi-gcc/bin/../lib/gcc/arm-none-eabi/8.2.1/../../../../arm-none-eabi/lib/thumb/v7e-m+fp/hard\libc_nano.a
END GROUP
START GROUP
LOAD c:/ciaa/ciaa_software_1.1-win/tools/arm-none-eabi-gcc/bin/../lib/gcc/arm-none-eabi/8.2.1/thumb/v7e-m+fp/hard\libgcc.a
LOAD c:/ciaa/ciaa_software_1.1-win/tools/arm-none-eabi-gcc/bin/../lib/gcc/arm-none-eabi/8.2.1/../../../../arm-none-eabi/lib/thumb/v7e-m+fp/hard\libc.a
LOAD c:/ciaa/ciaa_software_1.1-win/tools/arm-none-eabi-gcc/bin/../lib/gcc/arm-none-eabi/8.2.1/../../../../arm-none-eabi/lib/thumb/v7e-m+fp/hard\libm.a
END GROUP
                0x1a080000                __top_MFlashA512 = 0x1a080000
                0x1b080000                __top_MFlashB512 = 0x1b080000
                0x10008000                __top_RamLoc32 = 0x10008000
                0x1008a000                __top_RamLoc40 = 0x1008a000
                0x20008000                __top_RamAHB32 = 0x20008000
                0x2000c000                __top_RamAHB16 = 0x2000c000
                0x20010000                __top_RamAHB_ETB16 = 0x20010000

.text_Flash2    0x1b000000        0x0
 FILL mask 0xff
 *(.text_Flash2*)
 *(.text_MFlashB512*)
 *(.text.$Flash2*)
 *(.text.$MFlashB512*)
 *(.rodata.$Flash2*)
 *(.rodata.$MFlashB512*)

.text           0x1a000000     0x285c
 FILL mask 0xff
                0x1a000000                __vectors_start__ = ABSOLUTE (.)
 *(.isr_vector)
 .isr_vector    0x1a000000      0x114 lpc_board_ciaa_edu_4337/src/cr_startup_lpc43xx.o
                0x1a000000                g_pfnVectors
                0x1a000114                . = ALIGN (0x4)
                0x1a000114                __section_table_start = .
                0x1a000114                __data_section_table = .
                0x1a000114        0x4 LONG 0x1a002864 LOADADDR (.data)
                0x1a000118        0x4 LONG 0x10000000 ADDR (.data)
                0x1a00011c        0x4 LONG 0xd4 SIZEOF (.data)
                0x1a000120        0x4 LONG 0x1a002864 LOADADDR (.data_RAM2)
                0x1a000124        0x4 LONG 0x10080000 ADDR (.data_RAM2)
                0x1a000128        0x4 LONG 0x0 SIZEOF (.data_RAM2)
                0x1a00012c        0x4 LONG 0x1a002864 LOADADDR (.data_RAM3)
                0x1a000130        0x4 LONG 0x20000000 ADDR (.data_RAM3)
                0x1a000134        0x4 LONG 0x0 SIZEOF (.data_RAM3)
                0x1a000138        0x4 LONG 0x1a002864 LOADADDR (.data_RAM4)
                0x1a00013c        0x4 LONG 0x20008000 ADDR (.data_RAM4)
                0x1a000140        0x4 LONG 0x0 SIZEOF (.data_RAM4)
                0x1a000144        0x4 LONG 0x1a002864 LOADADDR (.data_RAM5)
                0x1a000148        0x4 LONG 0x2000c000 ADDR (.data_RAM5)
                0x1a00014c        0x4 LONG 0x0 SIZEOF (.data_RAM5)
                0x1a000150                __data_section_table_end = .
                0x1a000150                __bss_section_table = .
                0x1a000150        0x4 LONG 0x100000d4 ADDR (.bss)
                0x1a000154        0x4 LONG 0xd0 SIZEOF (.bss)
                0x1a000158        0x4 LONG 0x10080000 ADDR (.bss_RAM2)
                0x1a00015c        0x4 LONG 0x0 SIZEOF (.bss_RAM2)
                0x1a000160        0x4 LONG 0x20000000 ADDR (.bss_RAM3)
                0x1a000164        0x4 LONG 0x0 SIZEOF (.bss_RAM3)
                0x1a000168        0x4 LONG 0x20008000 ADDR (.bss_RAM4)
                0x1a00016c        0x4 LONG 0x0 SIZEOF (.bss_RAM4)
                0x1a000170        0x4 LONG 0x2000c000 ADDR (.bss_RAM5)
                0x1a000174        0x4 LONG 0x0 SIZEOF (.bss_RAM5)
                0x1a000178                __bss_section_table_end = .
                0x1a000178                __section_table_end = .
 *(.after_vectors*)
 .after_vectors
                0x1a000178       0x44 lpc_board_ciaa_edu_4337/src/cr_startup_lpc43xx.o
                0x1a000178                NMI_Handler
                0x1a00017a                HardFault_Handler
                0x1a00017c                MemManage_Handler
                0x1a00017e                BusFault_Handler
                0x1a000180                UsageFault_Handler
                0x1a000182                SVC_Handler
                0x1a000184                DebugMon_Handler
                0x1a000186                PendSV_Handler
                0x1a00018a                ATIMER_IRQHandler
                0x1a00018a                SDIO_IRQHandler
                0x1a00018a                ADCHS_IRQHandler
                0x1a00018a                I2C1_IRQHandler
                0x1a00018a                UART1_IRQHandler
                0x1a00018a                GPIO5_IRQHandler
                0x1a00018a                CAN1_IRQHandler
                0x1a00018a                USB1_IRQHandler
                0x1a00018a                I2S0_IRQHandler
                0x1a00018a                TIMER3_IRQHandler
                0x1a00018a                UART0_IRQHandler
                0x1a00018a                GINT1_IRQHandler
                0x1a00018a                SGPIO_IRQHandler
                0x1a00018a                ADC0_IRQHandler
                0x1a00018a                RIT_IRQHandler
                0x1a00018a                FLASH_EEPROM_IRQHandler
                0x1a00018a                IntDefaultHandler
                0x1a00018a                GPIO1_IRQHandler
                0x1a00018a                SSP0_IRQHandler
                0x1a00018a                ADC1_IRQHandler
                0x1a00018a                RTC_IRQHandler
                0x1a00018a                TIMER0_IRQHandler
                0x1a00018a                SPI_IRQHandler
                0x1a00018a                LCD_IRQHandler
                0x1a00018a                M0APP_IRQHandler
                0x1a00018a                TIMER1_IRQHandler
                0x1a00018a                UART2_IRQHandler
                0x1a00018a                GPIO2_IRQHandler
                0x1a00018a                I2S1_IRQHandler
                0x1a00018a                SSP1_IRQHandler
                0x1a00018a                USB0_IRQHandler
                0x1a00018a                GPIO3_IRQHandler
                0x1a00018a                SCT_IRQHandler
                0x1a00018a                GPIO6_IRQHandler
                0x1a00018a                WDT_IRQHandler
                0x1a00018a                I2C0_IRQHandler
                0x1a00018a                GPIO7_IRQHandler
                0x1a00018a                SPIFI_IRQHandler
                0x1a00018a                QEI_IRQHandler
                0x1a00018a                ETH_IRQHandler
                0x1a00018a                CAN0_IRQHandler
                0x1a00018a                GINT0_IRQHandler
                0x1a00018a                DAC_IRQHandler
                0x1a00018a                M0SUB_IRQHandler
                0x1a00018a                GPIO0_IRQHandler
                0x1a00018a                DMA_IRQHandler
                0x1a00018a                EVRT_IRQHandler
                0x1a00018a                TIMER2_IRQHandler
                0x1a00018a                UART3_IRQHandler
                0x1a00018a                MCPWM_IRQHandler
                0x1a00018a                GPIO4_IRQHandler
                0x1a00018c                data_init
                0x1a0001aa                bss_init
                0x000002fc                . = 0x2fc
 *fill*         0x1a0001bc      0x140 ff
                0x1a0002fc                PROVIDE (__CRP_WORD_START__ = .)
 *(.crp)
 .crp           0x1a0002fc        0x4 lpc_board_ciaa_edu_4337/src/crp.o
                0x1a0002fc                CRP_WORD
                0x1a000300                PROVIDE (__CRP_WORD_END__ = .)
                0x00000001                ASSERT (! ((__CRP_WORD_START__ == __CRP_WORD_END__)), Linker CRP Enabled, but no CRP_WORD provided within application)
 *(.text*)
 .text.new_rotor
                0x1a000300       0x3c app/src/enigma.o
                0x1a000300                new_rotor
 .text.str_index
                0x1a00033c       0x14 app/src/enigma.o
                0x1a00033c                str_index
 .text.rotor_cycle
                0x1a000350       0x3c app/src/enigma.o
                0x1a000350                rotor_cycle
 .text.rotor_forward
                0x1a00038c       0x40 app/src/enigma.o
                0x1a00038c                rotor_forward
 .text.rotor_reverse
                0x1a0003cc       0x40 app/src/enigma.o
                0x1a0003cc                rotor_reverse
 .text.enigma_init
                0x1a00040c       0x6c app/src/enigma.o
                0x1a00040c                enigma_init
 .text.encrypt_char
                0x1a000478       0xec app/src/enigma.o
                0x1a000478                encrypt_char
 .text.SysTick_Handler
                0x1a000564       0x10 app/src/main.o
                0x1a000564                SysTick_Handler
 .text.delay    0x1a000574       0x18 app/src/main.o
                0x1a000574                delay
 .text.main     0x1a00058c       0x88 app/src/main.o
                0x1a00058c                main
 .text.Chip_SetupCoreClock
                0x1a000614      0x158 lpc_chip_43xx/src/sysinit_18xx_43xx.o
                0x1a000614                Chip_SetupCoreClock
 .text.fpuInit  0x1a00076c       0x54 lpc_chip_43xx/src/fpu_init.o
                0x1a00076c                fpuInit
 .text.SystemCoreClockUpdate
                0x1a0007c0       0x14 lpc_chip_43xx/src/chip_18xx_43xx.o
                0x1a0007c0                SystemCoreClockUpdate
 .text.Chip_UART_GetIndex
                0x1a0007d4       0x2c lpc_chip_43xx/src/uart_18xx_43xx.o
 .text.Chip_UART_Init
                0x1a000800       0x54 lpc_chip_43xx/src/uart_18xx_43xx.o
                0x1a000800                Chip_UART_Init
 .text.Chip_UART_SetBaudFDR
                0x1a000854       0xdc lpc_chip_43xx/src/uart_18xx_43xx.o
                0x1a000854                Chip_UART_SetBaudFDR
 .text.Chip_GPIO_Init
                0x1a000930        0x2 lpc_chip_43xx/src/gpio_18xx_43xx.o
                0x1a000930                Chip_GPIO_Init
 *fill*         0x1a000932        0x2 ff
 .text.pll_calc_divs
                0x1a000934       0xa0 lpc_chip_43xx/src/clock_18xx_43xx.o
 .text.pll_get_frac
                0x1a0009d4      0x100 lpc_chip_43xx/src/clock_18xx_43xx.o
 .text.Chip_Clock_FindBaseClock
                0x1a000ad4       0x4c lpc_chip_43xx/src/clock_18xx_43xx.o
 .text.Chip_Clock_EnableCrystal
                0x1a000b20       0x4c lpc_chip_43xx/src/clock_18xx_43xx.o
                0x1a000b20                Chip_Clock_EnableCrystal
 .text.Chip_Clock_GetDividerSource
                0x1a000b6c       0x1c lpc_chip_43xx/src/clock_18xx_43xx.o
                0x1a000b6c                Chip_Clock_GetDividerSource
 .text.Chip_Clock_GetDividerDivisor
                0x1a000b88       0x1c lpc_chip_43xx/src/clock_18xx_43xx.o
                0x1a000b88                Chip_Clock_GetDividerDivisor
 .text.Chip_Clock_GetClockInputHz
                0x1a000ba4       0xb8 lpc_chip_43xx/src/clock_18xx_43xx.o
                0x1a000ba4                Chip_Clock_GetClockInputHz
 .text.Chip_Clock_CalcMainPLLValue
                0x1a000c5c       0x80 lpc_chip_43xx/src/clock_18xx_43xx.o
                0x1a000c5c                Chip_Clock_CalcMainPLLValue
 .text.Chip_Clock_GetMainPLLHz
                0x1a000cdc       0x6c lpc_chip_43xx/src/clock_18xx_43xx.o
                0x1a000cdc                Chip_Clock_GetMainPLLHz
 .text.Chip_Clock_GetDivRate
                0x1a000d48       0x22 lpc_chip_43xx/src/clock_18xx_43xx.o
 *fill*         0x1a000d6a        0x2 ff
 .text.Chip_Clock_SetBaseClock
                0x1a000d6c       0x58 lpc_chip_43xx/src/clock_18xx_43xx.o
                0x1a000d6c                Chip_Clock_SetBaseClock
 .text.Chip_Clock_GetBaseClock
                0x1a000dc4       0x26 lpc_chip_43xx/src/clock_18xx_43xx.o
                0x1a000dc4                Chip_Clock_GetBaseClock
 .text.Chip_Clock_GetBaseClocktHz
                0x1a000dea        0xc lpc_chip_43xx/src/clock_18xx_43xx.o
                0x1a000dea                Chip_Clock_GetBaseClocktHz
 *fill*         0x1a000df6        0x2 ff
 .text.Chip_Clock_EnableOpts
                0x1a000df8       0x3c lpc_chip_43xx/src/clock_18xx_43xx.o
                0x1a000df8                Chip_Clock_EnableOpts
 .text.Chip_Clock_GetRate
                0x1a000e34       0x4c lpc_chip_43xx/src/clock_18xx_43xx.o
                0x1a000e34                Chip_Clock_GetRate
 .text.SystemInit
                0x1a000e80        0xc lpc_board_ciaa_edu_4337/src/sysinit.o
                0x1a000e80                SystemInit
 .text._close_r
                0x1a000e8c        0xa lpc_board_ciaa_edu_4337/src/system.o
                0x1a000e8c                _close_r
 .text._fstat_r
                0x1a000e96        0xa lpc_board_ciaa_edu_4337/src/system.o
                0x1a000e96                _fstat_r
 .text._isatty_r
                0x1a000ea0       0x12 lpc_board_ciaa_edu_4337/src/system.o
                0x1a000ea0                _isatty_r
 .text._lseek_r
                0x1a000eb2        0xa lpc_board_ciaa_edu_4337/src/system.o
                0x1a000eb2                _lseek_r
 .text._read_r  0x1a000ebc       0x28 lpc_board_ciaa_edu_4337/src/system.o
                0x1a000ebc                _read_r
 .text._sbrk_r  0x1a000ee4       0x20 lpc_board_ciaa_edu_4337/src/system.o
                0x1a000ee4                _sbrk_r
 .text._write_r
                0x1a000f04       0x28 lpc_board_ciaa_edu_4337/src/system.o
                0x1a000f04                _write_r
 .text.Board_SetupMuxing
                0x1a000f2c       0x38 lpc_board_ciaa_edu_4337/src/board_sysinit.o
                0x1a000f2c                Board_SetupMuxing
 .text.Board_SetupClocking
                0x1a000f64       0x6c lpc_board_ciaa_edu_4337/src/board_sysinit.o
                0x1a000f64                Board_SetupClocking
 .text.Board_SystemInit
                0x1a000fd0        0xc lpc_board_ciaa_edu_4337/src/board_sysinit.o
                0x1a000fd0                Board_SystemInit
 .text.ResetISR
                0x1a000fdc       0x7c lpc_board_ciaa_edu_4337/src/cr_startup_lpc43xx.o
                0x1a000fdc                ResetISR
 .text.Board_LED_Init
                0x1a001058       0x44 lpc_board_ciaa_edu_4337/src/board.o
 .text.Board_UART_Init
                0x1a00109c       0x14 lpc_board_ciaa_edu_4337/src/board.o
                0x1a00109c                Board_UART_Init
 .text.Board_Debug_Init
                0x1a0010b0       0x28 lpc_board_ciaa_edu_4337/src/board.o
                0x1a0010b0                Board_Debug_Init
 .text.Board_UARTPutChar
                0x1a0010d8       0x14 lpc_board_ciaa_edu_4337/src/board.o
                0x1a0010d8                Board_UARTPutChar
 .text.Board_UARTGetChar
                0x1a0010ec       0x1c lpc_board_ciaa_edu_4337/src/board.o
                0x1a0010ec                Board_UARTGetChar
 .text.Board_LED_Set
                0x1a001108       0x28 lpc_board_ciaa_edu_4337/src/board.o
                0x1a001108                Board_LED_Set
 .text.Board_LED_Test
                0x1a001130       0x2c lpc_board_ciaa_edu_4337/src/board.o
                0x1a001130                Board_LED_Test
 .text.Board_LED_Toggle
                0x1a00115c       0x16 lpc_board_ciaa_edu_4337/src/board.o
                0x1a00115c                Board_LED_Toggle
 *fill*         0x1a001172        0x2 ff
 .text.Board_Init
                0x1a001174       0x28 lpc_board_ciaa_edu_4337/src/board.o
                0x1a001174                Board_Init
 .text          0x1a00119c       0x30 c:/ciaa/ciaa_software_1.1-win/tools/arm-none-eabi-gcc/bin/../lib/gcc/arm-none-eabi/8.2.1/thumb/v7e-m+fp/hard\libgcc.a(_aeabi_uldivmod.o)
                0x1a00119c                __aeabi_uldivmod
 .text.__udivmoddi4
                0x1a0011cc      0x2d0 c:/ciaa/ciaa_software_1.1-win/tools/arm-none-eabi-gcc/bin/../lib/gcc/arm-none-eabi/8.2.1/thumb/v7e-m+fp/hard\libgcc.a(_udivmoddi4.o)
                0x1a0011cc                __udivmoddi4
 .text          0x1a00149c        0x4 c:/ciaa/ciaa_software_1.1-win/tools/arm-none-eabi-gcc/bin/../lib/gcc/arm-none-eabi/8.2.1/thumb/v7e-m+fp/hard\libgcc.a(_dvmd_tls.o)
                0x1a00149c                __aeabi_idiv0
                0x1a00149c                __aeabi_ldiv0
 .text.memset   0x1a0014a0       0x10 c:/ciaa/ciaa_software_1.1-win/tools/arm-none-eabi-gcc/bin/../lib/gcc/arm-none-eabi/8.2.1/../../../../arm-none-eabi/lib/thumb/v7e-m+fp/hard\libc_nano.a(lib_a-memset.o)
                0x1a0014a0                memset
 .text.printf   0x1a0014b0       0x30 c:/ciaa/ciaa_software_1.1-win/tools/arm-none-eabi-gcc/bin/../lib/gcc/arm-none-eabi/8.2.1/../../../../arm-none-eabi/lib/thumb/v7e-m+fp/hard\libc_nano.a(lib_a-printf.o)
                0x1a0014b0                iprintf
                0x1a0014b0                printf
 .text.putchar  0x1a0014e0       0x28 c:/ciaa/ciaa_software_1.1-win/tools/arm-none-eabi-gcc/bin/../lib/gcc/arm-none-eabi/8.2.1/../../../../arm-none-eabi/lib/thumb/v7e-m+fp/hard\libc_nano.a(lib_a-putchar.o)
                0x1a0014e0                putchar
 .text.strchr   0x1a001508       0x1a c:/ciaa/ciaa_software_1.1-win/tools/arm-none-eabi-gcc/bin/../lib/gcc/arm-none-eabi/8.2.1/../../../../arm-none-eabi/lib/thumb/v7e-m+fp/hard\libc_nano.a(lib_a-strchr.o)
                0x1a001508                strchr
 *fill*         0x1a001522        0x2 ff
 .text.std      0x1a001524       0x48 c:/ciaa/ciaa_software_1.1-win/tools/arm-none-eabi-gcc/bin/../lib/gcc/arm-none-eabi/8.2.1/../../../../arm-none-eabi/lib/thumb/v7e-m+fp/hard\libc_nano.a(lib_a-findfp.o)
 .text._cleanup_r
                0x1a00156c        0xc c:/ciaa/ciaa_software_1.1-win/tools/arm-none-eabi-gcc/bin/../lib/gcc/arm-none-eabi/8.2.1/../../../../arm-none-eabi/lib/thumb/v7e-m+fp/hard\libc_nano.a(lib_a-findfp.o)
                0x1a00156c                _cleanup_r
 .text.__sfmoreglue
                0x1a001578       0x2c c:/ciaa/ciaa_software_1.1-win/tools/arm-none-eabi-gcc/bin/../lib/gcc/arm-none-eabi/8.2.1/../../../../arm-none-eabi/lib/thumb/v7e-m+fp/hard\libc_nano.a(lib_a-findfp.o)
                0x1a001578                __sfmoreglue
 .text.__sfp_lock_acquire
                0x1a0015a4        0xc c:/ciaa/ciaa_software_1.1-win/tools/arm-none-eabi-gcc/bin/../lib/gcc/arm-none-eabi/8.2.1/../../../../arm-none-eabi/lib/thumb/v7e-m+fp/hard\libc_nano.a(lib_a-findfp.o)
                0x1a0015a4                __sfp_lock_acquire
 .text.__sfp_lock_release
                0x1a0015b0        0xc c:/ciaa/ciaa_software_1.1-win/tools/arm-none-eabi-gcc/bin/../lib/gcc/arm-none-eabi/8.2.1/../../../../arm-none-eabi/lib/thumb/v7e-m+fp/hard\libc_nano.a(lib_a-findfp.o)
                0x1a0015b0                __sfp_lock_release
 .text.__sinit_lock_acquire
                0x1a0015bc        0xc c:/ciaa/ciaa_software_1.1-win/tools/arm-none-eabi-gcc/bin/../lib/gcc/arm-none-eabi/8.2.1/../../../../arm-none-eabi/lib/thumb/v7e-m+fp/hard\libc_nano.a(lib_a-findfp.o)
                0x1a0015bc                __sinit_lock_acquire
 .text.__sinit_lock_release
                0x1a0015c8        0xc c:/ciaa/ciaa_software_1.1-win/tools/arm-none-eabi-gcc/bin/../lib/gcc/arm-none-eabi/8.2.1/../../../../arm-none-eabi/lib/thumb/v7e-m+fp/hard\libc_nano.a(lib_a-findfp.o)
                0x1a0015c8                __sinit_lock_release
 .text.__sinit  0x1a0015d4       0x70 c:/ciaa/ciaa_software_1.1-win/tools/arm-none-eabi-gcc/bin/../lib/gcc/arm-none-eabi/8.2.1/../../../../arm-none-eabi/lib/thumb/v7e-m+fp/hard\libc_nano.a(lib_a-findfp.o)
                0x1a0015d4                __sinit
 .text.__sfp    0x1a001644       0x8c c:/ciaa/ciaa_software_1.1-win/tools/arm-none-eabi-gcc/bin/../lib/gcc/arm-none-eabi/8.2.1/../../../../arm-none-eabi/lib/thumb/v7e-m+fp/hard\libc_nano.a(lib_a-findfp.o)
                0x1a001644                __sfp
 .text._fwalk_reent
                0x1a0016d0       0x3c c:/ciaa/ciaa_software_1.1-win/tools/arm-none-eabi-gcc/bin/../lib/gcc/arm-none-eabi/8.2.1/../../../../arm-none-eabi/lib/thumb/v7e-m+fp/hard\libc_nano.a(lib_a-fwalk.o)
                0x1a0016d0                _fwalk_reent
 .text.__retarget_lock_init_recursive
                0x1a00170c        0x2 c:/ciaa/ciaa_software_1.1-win/tools/arm-none-eabi-gcc/bin/../lib/gcc/arm-none-eabi/8.2.1/../../../../arm-none-eabi/lib/thumb/v7e-m+fp/hard\libc_nano.a(lib_a-lock.o)
                0x1a00170c                __retarget_lock_init_recursive
 .text.__retarget_lock_acquire_recursive
                0x1a00170e        0x2 c:/ciaa/ciaa_software_1.1-win/tools/arm-none-eabi-gcc/bin/../lib/gcc/arm-none-eabi/8.2.1/../../../../arm-none-eabi/lib/thumb/v7e-m+fp/hard\libc_nano.a(lib_a-lock.o)
                0x1a00170e                __retarget_lock_acquire_recursive
 .text.__retarget_lock_release_recursive
                0x1a001710        0x2 c:/ciaa/ciaa_software_1.1-win/tools/arm-none-eabi-gcc/bin/../lib/gcc/arm-none-eabi/8.2.1/../../../../arm-none-eabi/lib/thumb/v7e-m+fp/hard\libc_nano.a(lib_a-lock.o)
                0x1a001710                __retarget_lock_release_recursive
 *fill*         0x1a001712        0x2 ff
 .text._malloc_r
                0x1a001714       0xb4 c:/ciaa/ciaa_software_1.1-win/tools/arm-none-eabi-gcc/bin/../lib/gcc/arm-none-eabi/8.2.1/../../../../arm-none-eabi/lib/thumb/v7e-m+fp/hard\libc_nano.a(lib_a-nano-mallocr.o)
                0x1a001714                _malloc_r
 .text.__sfputc_r
                0x1a0017c8       0x2e c:/ciaa/ciaa_software_1.1-win/tools/arm-none-eabi-gcc/bin/../lib/gcc/arm-none-eabi/8.2.1/../../../../arm-none-eabi/lib/thumb/v7e-m+fp/hard\libc_nano.a(lib_a-nano-vfprintf.o)
 .text.__sfputs_r
                0x1a0017f6       0x24 c:/ciaa/ciaa_software_1.1-win/tools/arm-none-eabi-gcc/bin/../lib/gcc/arm-none-eabi/8.2.1/../../../../arm-none-eabi/lib/thumb/v7e-m+fp/hard\libc_nano.a(lib_a-nano-vfprintf.o)
                0x1a0017f6                __sfputs_r
 *fill*         0x1a00181a        0x2 ff
 .text._vfprintf_r
                0x1a00181c      0x250 c:/ciaa/ciaa_software_1.1-win/tools/arm-none-eabi-gcc/bin/../lib/gcc/arm-none-eabi/8.2.1/../../../../arm-none-eabi/lib/thumb/v7e-m+fp/hard\libc_nano.a(lib_a-nano-vfprintf.o)
                0x1a00181c                _vfprintf_r
                0x1a00181c                _vfiprintf_r
 .text._printf_common
                0x1a001a6c       0xea c:/ciaa/ciaa_software_1.1-win/tools/arm-none-eabi-gcc/bin/../lib/gcc/arm-none-eabi/8.2.1/../../../../arm-none-eabi/lib/thumb/v7e-m+fp/hard\libc_nano.a(lib_a-nano-vfprintf_i.o)
                0x1a001a6c                _printf_common
 *fill*         0x1a001b56        0x2 ff
 .text._printf_i
                0x1a001b58      0x228 c:/ciaa/ciaa_software_1.1-win/tools/arm-none-eabi-gcc/bin/../lib/gcc/arm-none-eabi/8.2.1/../../../../arm-none-eabi/lib/thumb/v7e-m+fp/hard\libc_nano.a(lib_a-nano-vfprintf_i.o)
                0x1a001b58                _printf_i
 .text._putc_r  0x1a001d80       0x90 c:/ciaa/ciaa_software_1.1-win/tools/arm-none-eabi-gcc/bin/../lib/gcc/arm-none-eabi/8.2.1/../../../../arm-none-eabi/lib/thumb/v7e-m+fp/hard\libc_nano.a(lib_a-putc.o)
                0x1a001d80                _putc_r
 .text.__sread  0x1a001e10       0x22 c:/ciaa/ciaa_software_1.1-win/tools/arm-none-eabi-gcc/bin/../lib/gcc/arm-none-eabi/8.2.1/../../../../arm-none-eabi/lib/thumb/v7e-m+fp/hard\libc_nano.a(lib_a-stdio.o)
                0x1a001e10                __sread
 .text.__swrite
                0x1a001e32       0x38 c:/ciaa/ciaa_software_1.1-win/tools/arm-none-eabi-gcc/bin/../lib/gcc/arm-none-eabi/8.2.1/../../../../arm-none-eabi/lib/thumb/v7e-m+fp/hard\libc_nano.a(lib_a-stdio.o)
                0x1a001e32                __swrite
 .text.__sseek  0x1a001e6a       0x24 c:/ciaa/ciaa_software_1.1-win/tools/arm-none-eabi-gcc/bin/../lib/gcc/arm-none-eabi/8.2.1/../../../../arm-none-eabi/lib/thumb/v7e-m+fp/hard\libc_nano.a(lib_a-stdio.o)
                0x1a001e6a                __sseek
 .text.__sclose
                0x1a001e8e        0x8 c:/ciaa/ciaa_software_1.1-win/tools/arm-none-eabi-gcc/bin/../lib/gcc/arm-none-eabi/8.2.1/../../../../arm-none-eabi/lib/thumb/v7e-m+fp/hard\libc_nano.a(lib_a-stdio.o)
                0x1a001e8e                __sclose
 *fill*         0x1a001e96        0x2 ff
 .text.__swbuf_r
                0x1a001e98       0xa4 c:/ciaa/ciaa_software_1.1-win/tools/arm-none-eabi-gcc/bin/../lib/gcc/arm-none-eabi/8.2.1/../../../../arm-none-eabi/lib/thumb/v7e-m+fp/hard\libc_nano.a(lib_a-wbuf.o)
                0x1a001e98                __swbuf_r
 .text.__swsetup_r
                0x1a001f3c       0xdc c:/ciaa/ciaa_software_1.1-win/tools/arm-none-eabi-gcc/bin/../lib/gcc/arm-none-eabi/8.2.1/../../../../arm-none-eabi/lib/thumb/v7e-m+fp/hard\libc_nano.a(lib_a-wsetup.o)
                0x1a001f3c                __swsetup_r
 .text.__sflush_r
                0x1a002018      0x10c c:/ciaa/ciaa_software_1.1-win/tools/arm-none-eabi-gcc/bin/../lib/gcc/arm-none-eabi/8.2.1/../../../../arm-none-eabi/lib/thumb/v7e-m+fp/hard\libc_nano.a(lib_a-fflush.o)
                0x1a002018                __sflush_r
 .text._fflush_r
                0x1a002124       0x78 c:/ciaa/ciaa_software_1.1-win/tools/arm-none-eabi-gcc/bin/../lib/gcc/arm-none-eabi/8.2.1/../../../../arm-none-eabi/lib/thumb/v7e-m+fp/hard\libc_nano.a(lib_a-fflush.o)
                0x1a002124                _fflush_r
 .text.__swhatbuf_r
                0x1a00219c       0x48 c:/ciaa/ciaa_software_1.1-win/tools/arm-none-eabi-gcc/bin/../lib/gcc/arm-none-eabi/8.2.1/../../../../arm-none-eabi/lib/thumb/v7e-m+fp/hard\libc_nano.a(lib_a-makebuf.o)
                0x1a00219c                __swhatbuf_r
 .text.__smakebuf_r
                0x1a0021e4       0x80 c:/ciaa/ciaa_software_1.1-win/tools/arm-none-eabi-gcc/bin/../lib/gcc/arm-none-eabi/8.2.1/../../../../arm-none-eabi/lib/thumb/v7e-m+fp/hard\libc_nano.a(lib_a-makebuf.o)
                0x1a0021e4                __smakebuf_r
 *fill*         0x1a002264        0xc ff
 .text          0x1a002270       0xa0 c:/ciaa/ciaa_software_1.1-win/tools/arm-none-eabi-gcc/bin/../lib/gcc/arm-none-eabi/8.2.1/../../../../arm-none-eabi/lib/thumb/v7e-m+fp/hard\libc_nano.a(lib_a-memchr.o)
                0x1a002270                memchr
 .text.__malloc_lock
                0x1a002310        0xc c:/ciaa/ciaa_software_1.1-win/tools/arm-none-eabi-gcc/bin/../lib/gcc/arm-none-eabi/8.2.1/../../../../arm-none-eabi/lib/thumb/v7e-m+fp/hard\libc_nano.a(lib_a-mlock.o)
                0x1a002310                __malloc_lock
 .text.__malloc_unlock
                0x1a00231c        0xc c:/ciaa/ciaa_software_1.1-win/tools/arm-none-eabi-gcc/bin/../lib/gcc/arm-none-eabi/8.2.1/../../../../arm-none-eabi/lib/thumb/v7e-m+fp/hard\libc_nano.a(lib_a-mlock.o)
                0x1a00231c                __malloc_unlock
 .text._free_r  0x1a002328       0x9c c:/ciaa/ciaa_software_1.1-win/tools/arm-none-eabi-gcc/bin/../lib/gcc/arm-none-eabi/8.2.1/../../../../arm-none-eabi/lib/thumb/v7e-m+fp/hard\libc_nano.a(lib_a-nano-freer.o)
                0x1a002328                _free_r
 *(.rodata .rodata.* .constdata .constdata.*)
 .rodata.str1.4
                0x1a0023c4      0x17f app/src/enigma.o
 *fill*         0x1a002543        0x1 ff
 .rodata.main.str1.4
                0x1a002544       0x2a app/src/main.o
 *fill*         0x1a00256e        0x2 ff
 .rodata.InitClkStates
                0x1a002570       0x48 lpc_chip_43xx/src/sysinit_18xx_43xx.o
 .rodata.UART_BClock
                0x1a0025b8        0x8 lpc_chip_43xx/src/uart_18xx_43xx.o
 .rodata.UART_PClock
                0x1a0025c0        0x8 lpc_chip_43xx/src/uart_18xx_43xx.o
 .rodata        0x1a0025c8        0x4 lpc_chip_43xx/src/clock_18xx_43xx.o
 .rodata.Chip_Clock_SetDivider.str1.4
                0x1a0025cc        0x8 lpc_chip_43xx/src/clock_18xx_43xx.o
                                  0x6 (size before relaxing)
 .rodata.periph_to_base
                0x1a0025d4       0x6c lpc_chip_43xx/src/clock_18xx_43xx.o
 .rodata.InitClkStates
                0x1a002640        0xc lpc_board_ciaa_edu_4337/src/board_sysinit.o
 .rodata.pinmuxing
                0x1a00264c       0x60 lpc_board_ciaa_edu_4337/src/board_sysinit.o
 .rodata.ExtRateIn
                0x1a0026ac        0x4 lpc_board_ciaa_edu_4337/src/board.o
                0x1a0026ac                ExtRateIn
 .rodata.OscRateIn
                0x1a0026b0        0x4 lpc_board_ciaa_edu_4337/src/board.o
                0x1a0026b0                OscRateIn
 .rodata.gpioLEDBits
                0x1a0026b4        0xc lpc_board_ciaa_edu_4337/src/board.o
 .rodata._ctype_
                0x1a0026c0      0x101 c:/ciaa/ciaa_software_1.1-win/tools/arm-none-eabi-gcc/bin/../lib/gcc/arm-none-eabi/8.2.1/../../../../arm-none-eabi/lib/thumb/v7e-m+fp/hard\libc_nano.a(lib_a-ctype_.o)
                0x1a0026c0                _ctype_
 *fill*         0x1a0027c1        0x3 ff
 .rodata.__sf_fake_stderr
                0x1a0027c4       0x20 c:/ciaa/ciaa_software_1.1-win/tools/arm-none-eabi-gcc/bin/../lib/gcc/arm-none-eabi/8.2.1/../../../../arm-none-eabi/lib/thumb/v7e-m+fp/hard\libc_nano.a(lib_a-findfp.o)
                0x1a0027c4                __sf_fake_stderr
 .rodata.__sf_fake_stdin
                0x1a0027e4       0x20 c:/ciaa/ciaa_software_1.1-win/tools/arm-none-eabi-gcc/bin/../lib/gcc/arm-none-eabi/8.2.1/../../../../arm-none-eabi/lib/thumb/v7e-m+fp/hard\libc_nano.a(lib_a-findfp.o)
                0x1a0027e4                __sf_fake_stdin
 .rodata.__sf_fake_stdout
                0x1a002804       0x20 c:/ciaa/ciaa_software_1.1-win/tools/arm-none-eabi-gcc/bin/../lib/gcc/arm-none-eabi/8.2.1/../../../../arm-none-eabi/lib/thumb/v7e-m+fp/hard\libc_nano.a(lib_a-findfp.o)
                0x1a002804                __sf_fake_stdout
 .rodata._global_impure_ptr
                0x1a002824        0x4 c:/ciaa/ciaa_software_1.1-win/tools/arm-none-eabi-gcc/bin/../lib/gcc/arm-none-eabi/8.2.1/../../../../arm-none-eabi/lib/thumb/v7e-m+fp/hard\libc_nano.a(lib_a-impure.o)
                0x1a002824                _global_impure_ptr
 .rodata._vfprintf_r.str1.1
                0x1a002828       0x11 c:/ciaa/ciaa_software_1.1-win/tools/arm-none-eabi-gcc/bin/../lib/gcc/arm-none-eabi/8.2.1/../../../../arm-none-eabi/lib/thumb/v7e-m+fp/hard\libc_nano.a(lib_a-nano-vfprintf.o)
 .rodata._printf_i.str1.1
                0x1a002839       0x22 c:/ciaa/ciaa_software_1.1-win/tools/arm-none-eabi-gcc/bin/../lib/gcc/arm-none-eabi/8.2.1/../../../../arm-none-eabi/lib/thumb/v7e-m+fp/hard\libc_nano.a(lib_a-nano-vfprintf_i.o)
                0x1a00285c                . = ALIGN (0x4)
 *fill*         0x1a00285b        0x1 ff

.glue_7         0x1a00285c        0x0
 .glue_7        0x1a00285c        0x0 linker stubs

.glue_7t        0x1a00285c        0x0
 .glue_7t       0x1a00285c        0x0 linker stubs

.vfp11_veneer   0x1a00285c        0x0
 .vfp11_veneer  0x1a00285c        0x0 linker stubs

.v4_bx          0x1a00285c        0x0
 .v4_bx         0x1a00285c        0x0 linker stubs

.iplt           0x1a00285c        0x0
 .iplt          0x1a00285c        0x0 app/src/enigma.o

.ARM.extab
 *(.ARM.extab* .gnu.linkonce.armextab.*)
                0x1a00285c                __exidx_start = .

.ARM.exidx      0x1a00285c        0x8
 *(.ARM.exidx* .gnu.linkonce.armexidx.*)
 .ARM.exidx.text.__udivmoddi4
                0x1a00285c        0x8 c:/ciaa/ciaa_software_1.1-win/tools/arm-none-eabi-gcc/bin/../lib/gcc/arm-none-eabi/8.2.1/thumb/v7e-m+fp/hard\libgcc.a(_udivmoddi4.o)
                0x1a002864                __exidx_end = .
                0x1a002864                _etext = .

.rel.dyn        0x1a002864        0x0
 .rel.iplt      0x1a002864        0x0 app/src/enigma.o

.data_RAM2      0x10080000        0x0 load address 0x1a002864
 FILL mask 0xff
 *(.ramfunc.$RAM2)
 *(.ramfunc.$RamLoc40)
 *(.data.$RAM2*)
 *(.data.$RamLoc40*)
                0x10080000                . = ALIGN (0x4)

.data_RAM3      0x20000000        0x0 load address 0x1a002864
 FILL mask 0xff
 *(.ramfunc.$RAM3)
 *(.ramfunc.$RamAHB32)
 *(.data.$RAM3*)
 *(.data.$RamAHB32*)
                0x20000000                . = ALIGN (0x4)

.data_RAM4      0x20008000        0x0 load address 0x1a002864
 FILL mask 0xff
 *(.ramfunc.$RAM4)
 *(.ramfunc.$RamAHB16)
 *(.data.$RAM4*)
 *(.data.$RamAHB16*)
                0x20008000                . = ALIGN (0x4)

.data_RAM5      0x2000c000        0x0 load address 0x1a002864
 FILL mask 0xff
 *(.ramfunc.$RAM5)
 *(.ramfunc.$RamAHB_ETB16)
 *(.data.$RAM5*)
 *(.data.$RamAHB_ETB16*)
                0x2000c000                . = ALIGN (0x4)

.uninit_RESERVED
                0x10000000        0x0
 *(.bss.$RESERVED*)
                0x10000000                . = ALIGN (0x4)
                0x10000000                _end_uninit_RESERVED = .

.data           0x10000000       0xd4 load address 0x1a002864
 FILL mask 0xff
                0x10000000                _data = .
 *(vtable)
 *(.ramfunc*)
 *(.data*)
 .data.alpha    0x10000000        0x4 app/src/enigma.o
                0x10000000                alpha
 .data.reflectors
                0x10000004        0xc app/src/enigma.o
                0x10000004                reflectors
 .data.rotor_ciphers
                0x10000010       0x20 app/src/enigma.o
                0x10000010                rotor_ciphers
 .data.rotor_notches
                0x10000030       0x20 app/src/enigma.o
                0x10000030                rotor_notches
 .data.rotor_turnovers
                0x10000050       0x20 app/src/enigma.o
                0x10000050                rotor_turnovers
 .data._impure_ptr
                0x10000070        0x4 c:/ciaa/ciaa_software_1.1-win/tools/arm-none-eabi-gcc/bin/../lib/gcc/arm-none-eabi/8.2.1/../../../../arm-none-eabi/lib/thumb/v7e-m+fp/hard\libc_nano.a(lib_a-impure.o)
                0x10000070                _impure_ptr
 .data.impure_data
                0x10000074       0x60 c:/ciaa/ciaa_software_1.1-win/tools/arm-none-eabi-gcc/bin/../lib/gcc/arm-none-eabi/8.2.1/../../../../arm-none-eabi/lib/thumb/v7e-m+fp/hard\libc_nano.a(lib_a-impure.o)
                0x100000d4                . = ALIGN (0x4)
                0x100000d4                _edata = .

.igot.plt       0x100000d4        0x0 load address 0x1a002938
 .igot.plt      0x100000d4        0x0 app/src/enigma.o

.bss_RAM2       0x10080000        0x0
 *(.bss.$RAM2*)
 *(.bss.$RamLoc40*)
                0x10080000                . = ALIGN (0x4)

.bss_RAM3       0x20000000        0x0
 *(.bss.$RAM3*)
 *(.bss.$RamAHB32*)
                0x20000000                . = ALIGN (0x4)

.bss_RAM4       0x20008000        0x0
 *(.bss.$RAM4*)
 *(.bss.$RamAHB16*)
                0x20008000                . = ALIGN (0x4)

.bss_RAM5       0x2000c000        0x0
 *(.bss.$RAM5*)
 *(.bss.$RamAHB_ETB16*)
                0x2000c000                . = ALIGN (0x4)

.bss            0x100000d4       0xd0
                0x100000d4                _bss = .
 *(.bss*)
 .bss.machine   0x100000d4       0xa8 app/src/enigma.o
 .bss.tick_ct   0x1000017c        0x4 app/src/main.o
 .bss.audio_usb_pll_freq
                0x10000180        0x8 lpc_chip_43xx/src/clock_18xx_43xx.o
 .bss.heap_end.11990
                0x10000188        0x4 lpc_board_ciaa_edu_4337/src/system.o
 .bss.__malloc_free_list
                0x1000018c        0x4 c:/ciaa/ciaa_software_1.1-win/tools/arm-none-eabi-gcc/bin/../lib/gcc/arm-none-eabi/8.2.1/../../../../arm-none-eabi/lib/thumb/v7e-m+fp/hard\libc_nano.a(lib_a-nano-mallocr.o)
                0x1000018c                __malloc_free_list
 .bss.__malloc_sbrk_start
                0x10000190        0x4 c:/ciaa/ciaa_software_1.1-win/tools/arm-none-eabi-gcc/bin/../lib/gcc/arm-none-eabi/8.2.1/../../../../arm-none-eabi/lib/thumb/v7e-m+fp/hard\libc_nano.a(lib_a-nano-mallocr.o)
                0x10000190                __malloc_sbrk_start
 *(COMMON)
 COMMON         0x10000194        0x4 lpc_chip_43xx/src/chip_18xx_43xx.o
                0x10000194                SystemCoreClock
 COMMON         0x10000198        0x9 c:/ciaa/ciaa_software_1.1-win/tools/arm-none-eabi-gcc/bin/../lib/gcc/arm-none-eabi/8.2.1/../../../../arm-none-eabi/lib/thumb/v7e-m+fp/hard\libc_nano.a(lib_a-lock.o)
                0x10000198                __lock___atexit_recursive_mutex
                0x10000199                __lock___arc4random_mutex
                0x1000019a                __lock___env_recursive_mutex
                0x1000019b                __lock___sinit_recursive_mutex
                0x1000019c                __lock___malloc_recursive_mutex
                0x1000019d                __lock___at_quick_exit_mutex
                0x1000019e                __lock___dd_hash_mutex
                0x1000019f                __lock___tz_mutex
                0x100001a0                __lock___sfp_recursive_mutex
                0x100001a4                . = ALIGN (0x4)
 *fill*         0x100001a1        0x3 
                0x100001a4                _ebss = .
                [!provide]                PROVIDE (end = .)

.noinit_RAM2    0x10080000        0x0
 *(.noinit.$RAM2*)
 *(.noinit.$RamLoc40*)
                0x10080000                . = ALIGN (0x4)

.noinit_RAM3    0x20000000        0x0
 *(.noinit.$RAM3*)
 *(.noinit.$RamAHB32*)
                0x20000000                . = ALIGN (0x4)

.noinit_RAM4    0x20008000        0x0
 *(.noinit.$RAM4*)
 *(.noinit.$RamAHB16*)
                0x20008000                . = ALIGN (0x4)

.noinit_RAM5    0x2000c000        0x0
 *(.noinit.$RAM5*)
 *(.noinit.$RamAHB_ETB16*)
                0x2000c000                . = ALIGN (0x4)

.noinit         0x100001a4        0x0
                0x100001a4                _noinit = .
 *(.noinit*)
                0x100001a4                . = ALIGN (0x4)
                0x100001a4                _end_noinit = .
                0x100001a4                PROVIDE (_pvHeapStart = .)
                0x10008000                PROVIDE (_vStackTop = (__top_RamLoc32 - 0x0))
OUTPUT(blinking.elf elf32-littlearm)

.debug_info     0x00000000     0xd5c6
 .debug_info    0x00000000     0x13ad app/src/enigma.o
 .debug_info    0x000013ad     0x157f app/src/main.o
 .debug_info    0x0000292c      0xb94 lpc_chip_43xx/src/sysinit_18xx_43xx.o
 .debug_info    0x000034c0      0x156 lpc_chip_43xx/src/fpu_init.o
 .debug_info    0x00003616      0xc97 lpc_chip_43xx/src/chip_18xx_43xx.o
 .debug_info    0x000042ad     0x1981 lpc_chip_43xx/src/uart_18xx_43xx.o
 .debug_info    0x00005c2e      0x568 lpc_chip_43xx/src/gpio_18xx_43xx.o
 .debug_info    0x00006196     0x1b68 lpc_chip_43xx/src/clock_18xx_43xx.o
 .debug_info    0x00007cfe      0x9e3 lpc_board_ciaa_edu_4337/src/sysinit.o
 .debug_info    0x000086e1     0x1138 lpc_board_ciaa_edu_4337/src/system.o
 .debug_info    0x00009819       0x40 lpc_board_ciaa_edu_4337/src/crp.o
 .debug_info    0x00009859     0x15bc lpc_board_ciaa_edu_4337/src/board_sysinit.o
 .debug_info    0x0000ae15      0x33f lpc_board_ciaa_edu_4337/src/cr_startup_lpc43xx.o
 .debug_info    0x0000b154     0x2472 lpc_board_ciaa_edu_4337/src/board.o

.debug_abbrev   0x00000000     0x23a4
 .debug_abbrev  0x00000000      0x32a app/src/enigma.o
 .debug_abbrev  0x0000032a      0x3a3 app/src/main.o
 .debug_abbrev  0x000006cd      0x250 lpc_chip_43xx/src/sysinit_18xx_43xx.o
 .debug_abbrev  0x0000091d       0xb1 lpc_chip_43xx/src/fpu_init.o
 .debug_abbrev  0x000009ce      0x1ee lpc_chip_43xx/src/chip_18xx_43xx.o
 .debug_abbrev  0x00000bbc      0x42c lpc_chip_43xx/src/uart_18xx_43xx.o
 .debug_abbrev  0x00000fe8      0x1af lpc_chip_43xx/src/gpio_18xx_43xx.o
 .debug_abbrev  0x00001197      0x3ef lpc_chip_43xx/src/clock_18xx_43xx.o
 .debug_abbrev  0x00001586      0x20a lpc_board_ciaa_edu_4337/src/sysinit.o
 .debug_abbrev  0x00001790      0x301 lpc_board_ciaa_edu_4337/src/system.o
 .debug_abbrev  0x00001a91       0x38 lpc_board_ciaa_edu_4337/src/crp.o
 .debug_abbrev  0x00001ac9      0x356 lpc_board_ciaa_edu_4337/src/board_sysinit.o
 .debug_abbrev  0x00001e1f      0x130 lpc_board_ciaa_edu_4337/src/cr_startup_lpc43xx.o
 .debug_abbrev  0x00001f4f      0x455 lpc_board_ciaa_edu_4337/src/board.o

.debug_loc      0x00000000     0x3efb
 .debug_loc     0x00000000      0x4cc app/src/enigma.o
 .debug_loc     0x000004cc       0xb2 app/src/main.o
 .debug_loc     0x0000057e      0x15a lpc_chip_43xx/src/sysinit_18xx_43xx.o
 .debug_loc     0x000006d8       0x31 lpc_chip_43xx/src/fpu_init.o
 .debug_loc     0x00000709      0xf38 lpc_chip_43xx/src/uart_18xx_43xx.o
 .debug_loc     0x00001641      0x39e lpc_chip_43xx/src/gpio_18xx_43xx.o
 .debug_loc     0x000019df     0x1505 lpc_chip_43xx/src/clock_18xx_43xx.o
 .debug_loc     0x00002ee4      0x60b lpc_board_ciaa_edu_4337/src/system.o
 .debug_loc     0x000034ef       0xd9 lpc_board_ciaa_edu_4337/src/board_sysinit.o
 .debug_loc     0x000035c8      0x282 lpc_board_ciaa_edu_4337/src/cr_startup_lpc43xx.o
 .debug_loc     0x0000384a      0x6b1 lpc_board_ciaa_edu_4337/src/board.o

.debug_aranges  0x00000000      0x568
 .debug_aranges
                0x00000000       0x50 app/src/enigma.o
 .debug_aranges
                0x00000050       0x30 app/src/main.o
 .debug_aranges
                0x00000080       0x38 lpc_chip_43xx/src/sysinit_18xx_43xx.o
 .debug_aranges
                0x000000b8       0x20 lpc_chip_43xx/src/fpu_init.o
 .debug_aranges
                0x000000d8       0x38 lpc_chip_43xx/src/chip_18xx_43xx.o
 .debug_aranges
                0x00000110       0xa8 lpc_chip_43xx/src/uart_18xx_43xx.o
 .debug_aranges
                0x000001b8       0x48 lpc_chip_43xx/src/gpio_18xx_43xx.o
 .debug_aranges
                0x00000200      0x128 lpc_chip_43xx/src/clock_18xx_43xx.o
 .debug_aranges
                0x00000328       0x20 lpc_board_ciaa_edu_4337/src/sysinit.o
 .debug_aranges
                0x00000348       0xc8 lpc_board_ciaa_edu_4337/src/system.o
 .debug_aranges
                0x00000410       0x18 lpc_board_ciaa_edu_4337/src/crp.o
 .debug_aranges
                0x00000428       0x30 lpc_board_ciaa_edu_4337/src/board_sysinit.o
 .debug_aranges
                0x00000458       0x80 lpc_board_ciaa_edu_4337/src/cr_startup_lpc43xx.o
 .debug_aranges
                0x000004d8       0x90 lpc_board_ciaa_edu_4337/src/board.o

.debug_ranges   0x00000000      0x548
 .debug_ranges  0x00000000       0x58 app/src/enigma.o
 .debug_ranges  0x00000058       0x20 app/src/main.o
 .debug_ranges  0x00000078       0x28 lpc_chip_43xx/src/sysinit_18xx_43xx.o
 .debug_ranges  0x000000a0       0x10 lpc_chip_43xx/src/fpu_init.o
 .debug_ranges  0x000000b0       0x28 lpc_chip_43xx/src/chip_18xx_43xx.o
 .debug_ranges  0x000000d8       0xb0 lpc_chip_43xx/src/uart_18xx_43xx.o
 .debug_ranges  0x00000188       0x38 lpc_chip_43xx/src/gpio_18xx_43xx.o
 .debug_ranges  0x000001c0      0x198 lpc_chip_43xx/src/clock_18xx_43xx.o
 .debug_ranges  0x00000358       0x10 lpc_board_ciaa_edu_4337/src/sysinit.o
 .debug_ranges  0x00000368       0xb8 lpc_board_ciaa_edu_4337/src/system.o
 .debug_ranges  0x00000420       0x38 lpc_board_ciaa_edu_4337/src/board_sysinit.o
 .debug_ranges  0x00000458       0x70 lpc_board_ciaa_edu_4337/src/cr_startup_lpc43xx.o
 .debug_ranges  0x000004c8       0x80 lpc_board_ciaa_edu_4337/src/board.o

.debug_macro    0x00000000     0x8333
 .debug_macro   0x00000000      0x4f3 app/src/enigma.o
 .debug_macro   0x000004f3      0xa9c app/src/enigma.o
 .debug_macro   0x00000f8f       0x10 app/src/enigma.o
 .debug_macro   0x00000f9f       0x22 app/src/enigma.o
 .debug_macro   0x00000fc1       0x8e app/src/enigma.o
 .debug_macro   0x0000104f       0x51 app/src/enigma.o
 .debug_macro   0x000010a0       0xef app/src/enigma.o
 .debug_macro   0x0000118f       0x6a app/src/enigma.o
 .debug_macro   0x000011f9      0x1df app/src/enigma.o
 .debug_macro   0x000013d8       0x22 app/src/enigma.o
 .debug_macro   0x000013fa       0x66 app/src/enigma.o
 .debug_macro   0x00001460       0x28 app/src/enigma.o
 .debug_macro   0x00001488       0x3b app/src/enigma.o
 .debug_macro   0x000014c3       0x2d app/src/enigma.o
 .debug_macro   0x000014f0       0x42 app/src/enigma.o
 .debug_macro   0x00001532      0xd39 app/src/enigma.o
 .debug_macro   0x0000226b      0x2bc app/src/enigma.o
 .debug_macro   0x00002527      0x112 app/src/enigma.o
 .debug_macro   0x00002639       0x11 app/src/enigma.o
 .debug_macro   0x0000264a       0x2a app/src/enigma.o
 .debug_macro   0x00002674       0x16 app/src/enigma.o
 .debug_macro   0x0000268a      0x2e6 app/src/enigma.o
 .debug_macro   0x00002970       0x82 app/src/enigma.o
 .debug_macro   0x000029f2      0x13d app/src/enigma.o
 .debug_macro   0x00002b2f      0x198 app/src/enigma.o
 .debug_macro   0x00002cc7       0x34 app/src/enigma.o
 .debug_macro   0x00002cfb       0x58 app/src/enigma.o
 .debug_macro   0x00002d53      0x236 app/src/enigma.o
 .debug_macro   0x00002f89      0x572 app/src/enigma.o
 .debug_macro   0x000034fb       0x16 app/src/enigma.o
 .debug_macro   0x00003511      0x18a app/src/enigma.o
 .debug_macro   0x0000369b       0x88 app/src/enigma.o
 .debug_macro   0x00003723      0x1b9 app/src/enigma.o
 .debug_macro   0x000038dc      0x1da app/src/enigma.o
 .debug_macro   0x00003ab6       0x40 app/src/enigma.o
 .debug_macro   0x00003af6       0x1c app/src/enigma.o
 .debug_macro   0x00003b12       0x2e app/src/enigma.o
 .debug_macro   0x00003b40       0x2e app/src/enigma.o
 .debug_macro   0x00003b6e       0x22 app/src/enigma.o
 .debug_macro   0x00003b90      0x201 app/src/enigma.o
 .debug_macro   0x00003d91       0xe0 app/src/enigma.o
 .debug_macro   0x00003e71      0x34c app/src/enigma.o
 .debug_macro   0x000041bd       0xdc app/src/enigma.o
 .debug_macro   0x00004299       0xc4 app/src/enigma.o
 .debug_macro   0x0000435d       0x94 app/src/enigma.o
 .debug_macro   0x000043f1       0xb8 app/src/enigma.o
 .debug_macro   0x000044a9       0x4c app/src/enigma.o
 .debug_macro   0x000044f5       0x16 app/src/enigma.o
 .debug_macro   0x0000450b      0x328 app/src/enigma.o
 .debug_macro   0x00004833       0x3a app/src/enigma.o
 .debug_macro   0x0000486d       0xd0 app/src/enigma.o
 .debug_macro   0x0000493d       0x18 app/src/enigma.o
 .debug_macro   0x00004955       0x22 app/src/enigma.o
 .debug_macro   0x00004977       0x40 app/src/enigma.o
 .debug_macro   0x000049b7       0x46 app/src/enigma.o
 .debug_macro   0x000049fd       0x64 app/src/enigma.o
 .debug_macro   0x00004a61       0x18 app/src/enigma.o
 .debug_macro   0x00004a79       0x35 app/src/enigma.o
 .debug_macro   0x00004aae       0x34 app/src/enigma.o
 .debug_macro   0x00004ae2       0x16 app/src/enigma.o
 .debug_macro   0x00004af8       0x97 app/src/enigma.o
 .debug_macro   0x00004b8f      0x339 app/src/enigma.o
 .debug_macro   0x00004ec8       0xfd app/src/enigma.o
 .debug_macro   0x00004fc5       0x10 app/src/enigma.o
 .debug_macro   0x00004fd5       0x58 app/src/enigma.o
 .debug_macro   0x0000502d       0x1f app/src/enigma.o
 .debug_macro   0x0000504c       0x43 app/src/enigma.o
 .debug_macro   0x0000508f       0x20 app/src/enigma.o
 .debug_macro   0x000050af      0x18e app/src/enigma.o
 .debug_macro   0x0000523d       0x10 app/src/enigma.o
 .debug_macro   0x0000524d       0x1c app/src/enigma.o
 .debug_macro   0x00005269       0x52 app/src/enigma.o
 .debug_macro   0x000052bb       0x40 app/src/enigma.o
 .debug_macro   0x000052fb       0x10 app/src/enigma.o
 .debug_macro   0x0000530b       0x40 app/src/enigma.o
 .debug_macro   0x0000534b       0xd7 app/src/enigma.o
 .debug_macro   0x00005422       0x1c app/src/enigma.o
 .debug_macro   0x0000543e       0x3d app/src/enigma.o
 .debug_macro   0x0000547b       0x16 app/src/enigma.o
 .debug_macro   0x00005491      0x16f app/src/enigma.o
 .debug_macro   0x00005600       0x20 app/src/enigma.o
 .debug_macro   0x00005620      0x119 app/src/enigma.o
 .debug_macro   0x00005739       0x16 app/src/enigma.o
 .debug_macro   0x0000574f       0x35 app/src/enigma.o
 .debug_macro   0x00005784       0x16 app/src/enigma.o
 .debug_macro   0x0000579a       0x29 app/src/enigma.o
 .debug_macro   0x000057c3       0x16 app/src/enigma.o
 .debug_macro   0x000057d9      0x48f app/src/main.o
 .debug_macro   0x00005c68      0x301 lpc_chip_43xx/src/sysinit_18xx_43xx.o
 .debug_macro   0x00005f69       0xe7 lpc_chip_43xx/src/fpu_init.o
 .debug_macro   0x00006050      0x301 lpc_chip_43xx/src/chip_18xx_43xx.o
 .debug_macro   0x00006351      0x301 lpc_chip_43xx/src/uart_18xx_43xx.o
 .debug_macro   0x00006652      0x301 lpc_chip_43xx/src/gpio_18xx_43xx.o
 .debug_macro   0x00006953      0x307 lpc_chip_43xx/src/clock_18xx_43xx.o
 .debug_macro   0x00006c5a      0x47f lpc_board_ciaa_edu_4337/src/sysinit.o
 .debug_macro   0x000070d9      0x4c0 lpc_board_ciaa_edu_4337/src/system.o
 .debug_macro   0x00007599       0x10 lpc_board_ciaa_edu_4337/src/system.o
 .debug_macro   0x000075a9       0x10 lpc_board_ciaa_edu_4337/src/system.o
 .debug_macro   0x000075b9      0x241 lpc_board_ciaa_edu_4337/src/system.o
 .debug_macro   0x000077fa      0x183 lpc_board_ciaa_edu_4337/src/system.o
 .debug_macro   0x0000797d       0x16 lpc_board_ciaa_edu_4337/src/system.o
 .debug_macro   0x00007993       0x11 lpc_board_ciaa_edu_4337/src/system.o
 .debug_macro   0x000079a4       0x1c lpc_board_ciaa_edu_4337/src/system.o
 .debug_macro   0x000079c0       0x10 lpc_board_ciaa_edu_4337/src/system.o
 .debug_macro   0x000079d0       0x17 lpc_board_ciaa_edu_4337/src/crp.o
 .debug_macro   0x000079e7      0x47f lpc_board_ciaa_edu_4337/src/board_sysinit.o
 .debug_macro   0x00007e66       0x1d lpc_board_ciaa_edu_4337/src/cr_startup_lpc43xx.o
 .debug_macro   0x00007e83      0x4b0 lpc_board_ciaa_edu_4337/src/board.o

.debug_line     0x00000000     0x7d51
 .debug_line    0x00000000      0xb2f app/src/enigma.o
 .debug_line    0x00000b2f      0x8de app/src/main.o
 .debug_line    0x0000140d      0x8eb lpc_chip_43xx/src/sysinit_18xx_43xx.o
 .debug_line    0x00001cf8      0x306 lpc_chip_43xx/src/fpu_init.o
 .debug_line    0x00001ffe      0x749 lpc_chip_43xx/src/chip_18xx_43xx.o
 .debug_line    0x00002747      0xe7b lpc_chip_43xx/src/uart_18xx_43xx.o
 .debug_line    0x000035c2      0x7e3 lpc_chip_43xx/src/gpio_18xx_43xx.o
 .debug_line    0x00003da5     0x13e1 lpc_chip_43xx/src/clock_18xx_43xx.o
 .debug_line    0x00005186      0x819 lpc_board_ciaa_edu_4337/src/sysinit.o
 .debug_line    0x0000599f      0xb63 lpc_board_ciaa_edu_4337/src/system.o
 .debug_line    0x00006502       0x42 lpc_board_ciaa_edu_4337/src/crp.o
 .debug_line    0x00006544      0x8fb lpc_board_ciaa_edu_4337/src/board_sysinit.o
 .debug_line    0x00006e3f      0x24b lpc_board_ciaa_edu_4337/src/cr_startup_lpc43xx.o
 .debug_line    0x0000708a      0xcc7 lpc_board_ciaa_edu_4337/src/board.o

.debug_str      0x00000000    0x1cc25
 .debug_str     0x00000000    0x1a50c app/src/enigma.o
                              0x1a7d8 (size before relaxing)
 .debug_str     0x0001a50c      0x480 app/src/main.o
                              0x1a1ec (size before relaxing)
 .debug_str     0x0001a98c      0x33f lpc_chip_43xx/src/sysinit_18xx_43xx.o
                              0x15ddf (size before relaxing)
 .debug_str     0x0001accb       0xc0 lpc_chip_43xx/src/fpu_init.o
                               0x993e (size before relaxing)
 .debug_str     0x0001ad8b      0x272 lpc_chip_43xx/src/chip_18xx_43xx.o
                              0x15e81 (size before relaxing)
 .debug_str     0x0001affd      0x492 lpc_chip_43xx/src/uart_18xx_43xx.o
                              0x15f91 (size before relaxing)
 .debug_str     0x0001b48f      0x145 lpc_chip_43xx/src/gpio_18xx_43xx.o
                              0x151cf (size before relaxing)
 .debug_str     0x0001b5d4      0x400 lpc_chip_43xx/src/clock_18xx_43xx.o
                              0x16354 (size before relaxing)
 .debug_str     0x0001b9d4       0x41 lpc_board_ciaa_edu_4337/src/sysinit.o
                              0x1933d (size before relaxing)
 .debug_str     0x0001ba15      0x9f3 lpc_board_ciaa_edu_4337/src/system.o
                              0x19cf1 (size before relaxing)
 .debug_str     0x0001c408       0x41 lpc_board_ciaa_edu_4337/src/crp.o
                               0x2dde (size before relaxing)
 .debug_str     0x0001c449       0xf0 lpc_board_ciaa_edu_4337/src/board_sysinit.o
                              0x1a116 (size before relaxing)
 .debug_str     0x0001c539      0x1f7 lpc_board_ciaa_edu_4337/src/cr_startup_lpc43xx.o
                               0x2fbf (size before relaxing)
 .debug_str     0x0001c730      0x4f5 lpc_board_ciaa_edu_4337/src/board.o
                              0x1a575 (size before relaxing)

.comment        0x00000000       0x68
 .comment       0x00000000       0x68 app/src/enigma.o
                                 0x69 (size before relaxing)
 .comment       0x00000068       0x69 app/src/main.o
 .comment       0x00000068       0x69 lpc_chip_43xx/src/sysinit_18xx_43xx.o
 .comment       0x00000068       0x69 lpc_chip_43xx/src/fpu_init.o
 .comment       0x00000068       0x69 lpc_chip_43xx/src/chip_18xx_43xx.o
 .comment       0x00000068       0x69 lpc_chip_43xx/src/uart_18xx_43xx.o
 .comment       0x00000068       0x69 lpc_chip_43xx/src/gpio_18xx_43xx.o
 .comment       0x00000068       0x69 lpc_chip_43xx/src/clock_18xx_43xx.o
 .comment       0x00000068       0x69 lpc_board_ciaa_edu_4337/src/sysinit.o
 .comment       0x00000068       0x69 lpc_board_ciaa_edu_4337/src/system.o
 .comment       0x00000068       0x69 lpc_board_ciaa_edu_4337/src/crp.o
 .comment       0x00000068       0x69 lpc_board_ciaa_edu_4337/src/board_sysinit.o
 .comment       0x00000068       0x69 lpc_board_ciaa_edu_4337/src/cr_startup_lpc43xx.o
 .comment       0x00000068       0x69 lpc_board_ciaa_edu_4337/src/board.o

.ARM.attributes
                0x00000000       0x32
 .ARM.attributes
                0x00000000       0x34 app/src/enigma.o
 .ARM.attributes
                0x00000034       0x34 app/src/main.o
 .ARM.attributes
                0x00000068       0x34 lpc_chip_43xx/src/sysinit_18xx_43xx.o
 .ARM.attributes
                0x0000009c       0x34 lpc_chip_43xx/src/fpu_init.o
 .ARM.attributes
                0x000000d0       0x34 lpc_chip_43xx/src/chip_18xx_43xx.o
 .ARM.attributes
                0x00000104       0x34 lpc_chip_43xx/src/uart_18xx_43xx.o
 .ARM.attributes
                0x00000138       0x34 lpc_chip_43xx/src/gpio_18xx_43xx.o
 .ARM.attributes
                0x0000016c       0x34 lpc_chip_43xx/src/clock_18xx_43xx.o
 .ARM.attributes
                0x000001a0       0x34 lpc_board_ciaa_edu_4337/src/sysinit.o
 .ARM.attributes
                0x000001d4       0x34 lpc_board_ciaa_edu_4337/src/system.o
 .ARM.attributes
                0x00000208       0x39 lpc_board_ciaa_edu_4337/src/crp.o
 .ARM.attributes
                0x00000241       0x34 lpc_board_ciaa_edu_4337/src/board_sysinit.o
 .ARM.attributes
                0x00000275       0x34 lpc_board_ciaa_edu_4337/src/cr_startup_lpc43xx.o
 .ARM.attributes
                0x000002a9       0x34 lpc_board_ciaa_edu_4337/src/board.o
 .ARM.attributes
                0x000002dd       0x1e c:/ciaa/ciaa_software_1.1-win/tools/arm-none-eabi-gcc/bin/../lib/gcc/arm-none-eabi/8.2.1/thumb/v7e-m+fp/hard\libgcc.a(_aeabi_uldivmod.o)
 .ARM.attributes
                0x000002fb       0x34 c:/ciaa/ciaa_software_1.1-win/tools/arm-none-eabi-gcc/bin/../lib/gcc/arm-none-eabi/8.2.1/thumb/v7e-m+fp/hard\libgcc.a(_udivmoddi4.o)
 .ARM.attributes
                0x0000032f       0x1e c:/ciaa/ciaa_software_1.1-win/tools/arm-none-eabi-gcc/bin/../lib/gcc/arm-none-eabi/8.2.1/thumb/v7e-m+fp/hard\libgcc.a(_dvmd_tls.o)
 .ARM.attributes
                0x0000034d       0x32 c:/ciaa/ciaa_software_1.1-win/tools/arm-none-eabi-gcc/bin/../lib/gcc/arm-none-eabi/8.2.1/../../../../arm-none-eabi/lib/thumb/v7e-m+fp/hard\libc_nano.a(lib_a-ctype_.o)
 .ARM.attributes
                0x0000037f       0x34 c:/ciaa/ciaa_software_1.1-win/tools/arm-none-eabi-gcc/bin/../lib/gcc/arm-none-eabi/8.2.1/../../../../arm-none-eabi/lib/thumb/v7e-m+fp/hard\libc_nano.a(lib_a-memset.o)
 .ARM.attributes
                0x000003b3       0x34 c:/ciaa/ciaa_software_1.1-win/tools/arm-none-eabi-gcc/bin/../lib/gcc/arm-none-eabi/8.2.1/../../../../arm-none-eabi/lib/thumb/v7e-m+fp/hard\libc_nano.a(lib_a-printf.o)
 .ARM.attributes
                0x000003e7       0x34 c:/ciaa/ciaa_software_1.1-win/tools/arm-none-eabi-gcc/bin/../lib/gcc/arm-none-eabi/8.2.1/../../../../arm-none-eabi/lib/thumb/v7e-m+fp/hard\libc_nano.a(lib_a-putchar.o)
 .ARM.attributes
                0x0000041b       0x34 c:/ciaa/ciaa_software_1.1-win/tools/arm-none-eabi-gcc/bin/../lib/gcc/arm-none-eabi/8.2.1/../../../../arm-none-eabi/lib/thumb/v7e-m+fp/hard\libc_nano.a(lib_a-strchr.o)
 .ARM.attributes
                0x0000044f       0x34 c:/ciaa/ciaa_software_1.1-win/tools/arm-none-eabi-gcc/bin/../lib/gcc/arm-none-eabi/8.2.1/../../../../arm-none-eabi/lib/thumb/v7e-m+fp/hard\libc_nano.a(lib_a-findfp.o)
 .ARM.attributes
                0x00000483       0x34 c:/ciaa/ciaa_software_1.1-win/tools/arm-none-eabi-gcc/bin/../lib/gcc/arm-none-eabi/8.2.1/../../../../arm-none-eabi/lib/thumb/v7e-m+fp/hard\libc_nano.a(lib_a-fwalk.o)
 .ARM.attributes
                0x000004b7       0x32 c:/ciaa/ciaa_software_1.1-win/tools/arm-none-eabi-gcc/bin/../lib/gcc/arm-none-eabi/8.2.1/../../../../arm-none-eabi/lib/thumb/v7e-m+fp/hard\libc_nano.a(lib_a-impure.o)
 .ARM.attributes
                0x000004e9       0x34 c:/ciaa/ciaa_software_1.1-win/tools/arm-none-eabi-gcc/bin/../lib/gcc/arm-none-eabi/8.2.1/../../../../arm-none-eabi/lib/thumb/v7e-m+fp/hard\libc_nano.a(lib_a-lock.o)
 .ARM.attributes
                0x0000051d       0x34 c:/ciaa/ciaa_software_1.1-win/tools/arm-none-eabi-gcc/bin/../lib/gcc/arm-none-eabi/8.2.1/../../../../arm-none-eabi/lib/thumb/v7e-m+fp/hard\libc_nano.a(lib_a-nano-mallocr.o)
 .ARM.attributes
                0x00000551       0x34 c:/ciaa/ciaa_software_1.1-win/tools/arm-none-eabi-gcc/bin/../lib/gcc/arm-none-eabi/8.2.1/../../../../arm-none-eabi/lib/thumb/v7e-m+fp/hard\libc_nano.a(lib_a-nano-vfprintf.o)
 .ARM.attributes
                0x00000585       0x34 c:/ciaa/ciaa_software_1.1-win/tools/arm-none-eabi-gcc/bin/../lib/gcc/arm-none-eabi/8.2.1/../../../../arm-none-eabi/lib/thumb/v7e-m+fp/hard\libc_nano.a(lib_a-nano-vfprintf_i.o)
 .ARM.attributes
                0x000005b9       0x34 c:/ciaa/ciaa_software_1.1-win/tools/arm-none-eabi-gcc/bin/../lib/gcc/arm-none-eabi/8.2.1/../../../../arm-none-eabi/lib/thumb/v7e-m+fp/hard\libc_nano.a(lib_a-putc.o)
 .ARM.attributes
                0x000005ed       0x34 c:/ciaa/ciaa_software_1.1-win/tools/arm-none-eabi-gcc/bin/../lib/gcc/arm-none-eabi/8.2.1/../../../../arm-none-eabi/lib/thumb/v7e-m+fp/hard\libc_nano.a(lib_a-stdio.o)
 .ARM.attributes
                0x00000621       0x34 c:/ciaa/ciaa_software_1.1-win/tools/arm-none-eabi-gcc/bin/../lib/gcc/arm-none-eabi/8.2.1/../../../../arm-none-eabi/lib/thumb/v7e-m+fp/hard\libc_nano.a(lib_a-wbuf.o)
 .ARM.attributes
                0x00000655       0x34 c:/ciaa/ciaa_software_1.1-win/tools/arm-none-eabi-gcc/bin/../lib/gcc/arm-none-eabi/8.2.1/../../../../arm-none-eabi/lib/thumb/v7e-m+fp/hard\libc_nano.a(lib_a-wsetup.o)
 .ARM.attributes
                0x00000689       0x34 c:/ciaa/ciaa_software_1.1-win/tools/arm-none-eabi-gcc/bin/../lib/gcc/arm-none-eabi/8.2.1/../../../../arm-none-eabi/lib/thumb/v7e-m+fp/hard\libc_nano.a(lib_a-fflush.o)
 .ARM.attributes
                0x000006bd       0x34 c:/ciaa/ciaa_software_1.1-win/tools/arm-none-eabi-gcc/bin/../lib/gcc/arm-none-eabi/8.2.1/../../../../arm-none-eabi/lib/thumb/v7e-m+fp/hard\libc_nano.a(lib_a-makebuf.o)
 .ARM.attributes
                0x000006f1       0x1c c:/ciaa/ciaa_software_1.1-win/tools/arm-none-eabi-gcc/bin/../lib/gcc/arm-none-eabi/8.2.1/../../../../arm-none-eabi/lib/thumb/v7e-m+fp/hard\libc_nano.a(lib_a-memchr.o)
 .ARM.attributes
                0x0000070d       0x34 c:/ciaa/ciaa_software_1.1-win/tools/arm-none-eabi-gcc/bin/../lib/gcc/arm-none-eabi/8.2.1/../../../../arm-none-eabi/lib/thumb/v7e-m+fp/hard\libc_nano.a(lib_a-mlock.o)
 .ARM.attributes
                0x00000741       0x34 c:/ciaa/ciaa_software_1.1-win/tools/arm-none-eabi-gcc/bin/../lib/gcc/arm-none-eabi/8.2.1/../../../../arm-none-eabi/lib/thumb/v7e-m+fp/hard\libc_nano.a(lib_a-nano-freer.o)

.debug_frame    0x00000000     0x137c
 .debug_frame   0x00000000       0xdc app/src/enigma.o
 .debug_frame   0x000000dc       0x4c app/src/main.o
 .debug_frame   0x00000128       0x80 lpc_chip_43xx/src/sysinit_18xx_43xx.o
 .debug_frame   0x000001a8       0x2c lpc_chip_43xx/src/fpu_init.o
 .debug_frame   0x000001d4       0x70 lpc_chip_43xx/src/chip_18xx_43xx.o
 .debug_frame   0x00000244      0x1f4 lpc_chip_43xx/src/uart_18xx_43xx.o
 .debug_frame   0x00000438       0x90 lpc_chip_43xx/src/gpio_18xx_43xx.o
 .debug_frame   0x000004c8      0x31c lpc_chip_43xx/src/clock_18xx_43xx.o
 .debug_frame   0x000007e4       0x28 lpc_board_ciaa_edu_4337/src/sysinit.o
 .debug_frame   0x0000080c      0x1a4 lpc_board_ciaa_edu_4337/src/system.o
 .debug_frame   0x000009b0       0x5c lpc_board_ciaa_edu_4337/src/board_sysinit.o
 .debug_frame   0x00000a0c       0xf4 lpc_board_ciaa_edu_4337/src/cr_startup_lpc43xx.o
 .debug_frame   0x00000b00      0x138 lpc_board_ciaa_edu_4337/src/board.o
 .debug_frame   0x00000c38       0x2c c:/ciaa/ciaa_software_1.1-win/tools/arm-none-eabi-gcc/bin/../lib/gcc/arm-none-eabi/8.2.1/thumb/v7e-m+fp/hard\libgcc.a(_aeabi_uldivmod.o)
 .debug_frame   0x00000c64       0x34 c:/ciaa/ciaa_software_1.1-win/tools/arm-none-eabi-gcc/bin/../lib/gcc/arm-none-eabi/8.2.1/thumb/v7e-m+fp/hard\libgcc.a(_udivmoddi4.o)
 .debug_frame   0x00000c98       0x20 c:/ciaa/ciaa_software_1.1-win/tools/arm-none-eabi-gcc/bin/../lib/gcc/arm-none-eabi/8.2.1/../../../../arm-none-eabi/lib/thumb/v7e-m+fp/hard\libc_nano.a(lib_a-memset.o)
 .debug_frame   0x00000cb8       0x74 c:/ciaa/ciaa_software_1.1-win/tools/arm-none-eabi-gcc/bin/../lib/gcc/arm-none-eabi/8.2.1/../../../../arm-none-eabi/lib/thumb/v7e-m+fp/hard\libc_nano.a(lib_a-printf.o)
 .debug_frame   0x00000d2c       0x58 c:/ciaa/ciaa_software_1.1-win/tools/arm-none-eabi-gcc/bin/../lib/gcc/arm-none-eabi/8.2.1/../../../../arm-none-eabi/lib/thumb/v7e-m+fp/hard\libc_nano.a(lib_a-putchar.o)
 .debug_frame   0x00000d84       0x20 c:/ciaa/ciaa_software_1.1-win/tools/arm-none-eabi-gcc/bin/../lib/gcc/arm-none-eabi/8.2.1/../../../../arm-none-eabi/lib/thumb/v7e-m+fp/hard\libc_nano.a(lib_a-strchr.o)
 .debug_frame   0x00000da4      0x14c c:/ciaa/ciaa_software_1.1-win/tools/arm-none-eabi-gcc/bin/../lib/gcc/arm-none-eabi/8.2.1/../../../../arm-none-eabi/lib/thumb/v7e-m+fp/hard\libc_nano.a(lib_a-findfp.o)
 .debug_frame   0x00000ef0       0x54 c:/ciaa/ciaa_software_1.1-win/tools/arm-none-eabi-gcc/bin/../lib/gcc/arm-none-eabi/8.2.1/../../../../arm-none-eabi/lib/thumb/v7e-m+fp/hard\libc_nano.a(lib_a-fwalk.o)
 .debug_frame   0x00000f44       0xb0 c:/ciaa/ciaa_software_1.1-win/tools/arm-none-eabi-gcc/bin/../lib/gcc/arm-none-eabi/8.2.1/../../../../arm-none-eabi/lib/thumb/v7e-m+fp/hard\libc_nano.a(lib_a-lock.o)
 .debug_frame   0x00000ff4       0x30 c:/ciaa/ciaa_software_1.1-win/tools/arm-none-eabi-gcc/bin/../lib/gcc/arm-none-eabi/8.2.1/../../../../arm-none-eabi/lib/thumb/v7e-m+fp/hard\libc_nano.a(lib_a-nano-mallocr.o)
 .debug_frame   0x00001024       0xac c:/ciaa/ciaa_software_1.1-win/tools/arm-none-eabi-gcc/bin/../lib/gcc/arm-none-eabi/8.2.1/../../../../arm-none-eabi/lib/thumb/v7e-m+fp/hard\libc_nano.a(lib_a-nano-vfprintf.o)
 .debug_frame   0x000010d0       0x60 c:/ciaa/ciaa_software_1.1-win/tools/arm-none-eabi-gcc/bin/../lib/gcc/arm-none-eabi/8.2.1/../../../../arm-none-eabi/lib/thumb/v7e-m+fp/hard\libc_nano.a(lib_a-nano-vfprintf_i.o)
 .debug_frame   0x00001130       0x3c c:/ciaa/ciaa_software_1.1-win/tools/arm-none-eabi-gcc/bin/../lib/gcc/arm-none-eabi/8.2.1/../../../../arm-none-eabi/lib/thumb/v7e-m+fp/hard\libc_nano.a(lib_a-putc.o)
 .debug_frame   0x0000116c       0x88 c:/ciaa/ciaa_software_1.1-win/tools/arm-none-eabi-gcc/bin/../lib/gcc/arm-none-eabi/8.2.1/../../../../arm-none-eabi/lib/thumb/v7e-m+fp/hard\libc_nano.a(lib_a-stdio.o)
 .debug_frame   0x000011f4       0x40 c:/ciaa/ciaa_software_1.1-win/tools/arm-none-eabi-gcc/bin/../lib/gcc/arm-none-eabi/8.2.1/../../../../arm-none-eabi/lib/thumb/v7e-m+fp/hard\libc_nano.a(lib_a-wbuf.o)
 .debug_frame   0x00001234       0x2c c:/ciaa/ciaa_software_1.1-win/tools/arm-none-eabi-gcc/bin/../lib/gcc/arm-none-eabi/8.2.1/../../../../arm-none-eabi/lib/thumb/v7e-m+fp/hard\libc_nano.a(lib_a-wsetup.o)
 .debug_frame   0x00001260       0x5c c:/ciaa/ciaa_software_1.1-win/tools/arm-none-eabi-gcc/bin/../lib/gcc/arm-none-eabi/8.2.1/../../../../arm-none-eabi/lib/thumb/v7e-m+fp/hard\libc_nano.a(lib_a-fflush.o)
 .debug_frame   0x000012bc       0x58 c:/ciaa/ciaa_software_1.1-win/tools/arm-none-eabi-gcc/bin/../lib/gcc/arm-none-eabi/8.2.1/../../../../arm-none-eabi/lib/thumb/v7e-m+fp/hard\libc_nano.a(lib_a-makebuf.o)
 .debug_frame   0x00001314       0x30 c:/ciaa/ciaa_software_1.1-win/tools/arm-none-eabi-gcc/bin/../lib/gcc/arm-none-eabi/8.2.1/../../../../arm-none-eabi/lib/thumb/v7e-m+fp/hard\libc_nano.a(lib_a-mlock.o)
 .debug_frame   0x00001344       0x38 c:/ciaa/ciaa_software_1.1-win/tools/arm-none-eabi-gcc/bin/../lib/gcc/arm-none-eabi/8.2.1/../../../../arm-none-eabi/lib/thumb/v7e-m+fp/hard\libc_nano.a(lib_a-nano-freer.o)

Cross Reference Table

Symbol                                            File
ADC0_IRQHandler                                   lpc_board_ciaa_edu_4337/src/cr_startup_lpc43xx.o
ADC1_IRQHandler                                   lpc_board_ciaa_edu_4337/src/cr_startup_lpc43xx.o
ADCHS_IRQHandler                                  lpc_board_ciaa_edu_4337/src/cr_startup_lpc43xx.o
ATIMER_IRQHandler                                 lpc_board_ciaa_edu_4337/src/cr_startup_lpc43xx.o
Board_DAC_Init                                    lpc_board_ciaa_edu_4337/src/board.o
Board_Debug_Init                                  lpc_board_ciaa_edu_4337/src/board.o
Board_ENET_GetMacADDR                             lpc_board_ciaa_edu_4337/src/board.o
Board_I2C_Init                                    lpc_board_ciaa_edu_4337/src/board.o
Board_Init                                        lpc_board_ciaa_edu_4337/src/board.o
                                                  app/src/main.o
Board_LED_Set                                     lpc_board_ciaa_edu_4337/src/board.o
Board_LED_Test                                    lpc_board_ciaa_edu_4337/src/board.o
Board_LED_Toggle                                  lpc_board_ciaa_edu_4337/src/board.o
                                                  app/src/main.o
Board_SDMMC_Init                                  lpc_board_ciaa_edu_4337/src/board.o
Board_SSP_Init                                    lpc_board_ciaa_edu_4337/src/board.o
Board_SetupClocking                               lpc_board_ciaa_edu_4337/src/board_sysinit.o
Board_SetupMuxing                                 lpc_board_ciaa_edu_4337/src/board_sysinit.o
Board_SystemInit                                  lpc_board_ciaa_edu_4337/src/board_sysinit.o
                                                  lpc_board_ciaa_edu_4337/src/sysinit.o
Board_UARTGetChar                                 lpc_board_ciaa_edu_4337/src/board.o
                                                  lpc_board_ciaa_edu_4337/src/system.o
Board_UARTPutChar                                 lpc_board_ciaa_edu_4337/src/board.o
                                                  lpc_board_ciaa_edu_4337/src/system.o
Board_UARTPutSTR                                  lpc_board_ciaa_edu_4337/src/board.o
Board_UART_Init                                   lpc_board_ciaa_edu_4337/src/board.o
BusFault_Handler                                  lpc_board_ciaa_edu_4337/src/cr_startup_lpc43xx.o
CAN0_IRQHandler                                   lpc_board_ciaa_edu_4337/src/cr_startup_lpc43xx.o
CAN1_IRQHandler                                   lpc_board_ciaa_edu_4337/src/cr_startup_lpc43xx.o
CRP_WORD                                          lpc_board_ciaa_edu_4337/src/crp.o
Chip_ADC_DeInit                                   lpc_chip_43xx/src/adc_18xx_43xx.o
Chip_ADC_EnableChannel                            lpc_chip_43xx/src/adc_18xx_43xx.o
Chip_ADC_Init                                     lpc_chip_43xx/src/adc_18xx_43xx.o
Chip_ADC_Int_SetChannelCmd                        lpc_chip_43xx/src/adc_18xx_43xx.o
Chip_ADC_ReadByte                                 lpc_chip_43xx/src/adc_18xx_43xx.o
Chip_ADC_ReadStatus                               lpc_chip_43xx/src/adc_18xx_43xx.o
Chip_ADC_ReadValue                                lpc_chip_43xx/src/adc_18xx_43xx.o
Chip_ADC_SetBurstCmd                              lpc_chip_43xx/src/adc_18xx_43xx.o
Chip_ADC_SetResolution                            lpc_chip_43xx/src/adc_18xx_43xx.o
Chip_ADC_SetSampleRate                            lpc_chip_43xx/src/adc_18xx_43xx.o
Chip_ADC_SetStartMode                             lpc_chip_43xx/src/adc_18xx_43xx.o
Chip_AES_Config_DMA                               lpc_chip_43xx/src/aes_18xx_43xx.o
Chip_AES_GetStatusDMA                             lpc_chip_43xx/src/aes_18xx_43xx.o
Chip_AES_Init                                     lpc_chip_43xx/src/aes_18xx_43xx.o
Chip_AES_LoadIV_IC                                lpc_chip_43xx/src/aes_18xx_43xx.o
Chip_AES_LoadIV_SW                                lpc_chip_43xx/src/aes_18xx_43xx.o
Chip_AES_LoadKey                                  lpc_chip_43xx/src/aes_18xx_43xx.o
Chip_AES_LoadKeyRNG                               lpc_chip_43xx/src/aes_18xx_43xx.o
Chip_AES_LoadKeySW                                lpc_chip_43xx/src/aes_18xx_43xx.o
Chip_AES_Operate                                  lpc_chip_43xx/src/aes_18xx_43xx.o
Chip_AES_OperateDMA                               lpc_chip_43xx/src/aes_18xx_43xx.o
Chip_AES_ProgramKey                               lpc_chip_43xx/src/aes_18xx_43xx.o
Chip_AES_SetMode                                  lpc_chip_43xx/src/aes_18xx_43xx.o
Chip_ATIMER_DeInit                                lpc_chip_43xx/src/atimer_18xx_43xx.o
Chip_ATIMER_Init                                  lpc_chip_43xx/src/atimer_18xx_43xx.o
Chip_CCAN_AddReceiveID                            lpc_chip_43xx/src/ccan_18xx_43xx.o
Chip_CCAN_ClearStatus                             lpc_chip_43xx/src/ccan_18xx_43xx.o
Chip_CCAN_DeInit                                  lpc_chip_43xx/src/ccan_18xx_43xx.o
Chip_CCAN_DeleteReceiveID                         lpc_chip_43xx/src/ccan_18xx_43xx.o
Chip_CCAN_GetMsgObject                            lpc_chip_43xx/src/ccan_18xx_43xx.o
Chip_CCAN_Init                                    lpc_chip_43xx/src/ccan_18xx_43xx.o
Chip_CCAN_Send                                    lpc_chip_43xx/src/ccan_18xx_43xx.o
Chip_CCAN_SetBitRate                              lpc_chip_43xx/src/ccan_18xx_43xx.o
Chip_CCAN_SetMsgObject                            lpc_chip_43xx/src/ccan_18xx_43xx.o
Chip_CCAN_SetValidMsg                             lpc_chip_43xx/src/ccan_18xx_43xx.o
Chip_CCAN_TransferMsgObject                       lpc_chip_43xx/src/ccan_18xx_43xx.o
Chip_Clock_CalcMainPLLValue                       lpc_chip_43xx/src/clock_18xx_43xx.o
                                                  lpc_chip_43xx/src/sysinit_18xx_43xx.o
Chip_Clock_ClearPowerDown                         lpc_chip_43xx/src/clock_18xx_43xx.o
Chip_Clock_Disable                                lpc_chip_43xx/src/clock_18xx_43xx.o
                                                  lpc_chip_43xx/src/hsadc_18xx_43xx.o
                                                  lpc_chip_43xx/src/sct_18xx_43xx.o
                                                  lpc_chip_43xx/src/ritimer_18xx_43xx.o
                                                  lpc_chip_43xx/src/i2c_18xx_43xx.o
                                                  lpc_chip_43xx/src/lcd_18xx_43xx.o
                                                  lpc_chip_43xx/src/sdif_18xx_43xx.o
                                                  lpc_chip_43xx/src/spi_18xx_43xx.o
                                                  lpc_chip_43xx/src/gpdma_18xx_43xx.o
                                                  lpc_chip_43xx/src/enet_18xx_43xx.o
                                                  lpc_chip_43xx/src/ssp_18xx_43xx.o
                                                  lpc_chip_43xx/src/uart_18xx_43xx.o
                                                  lpc_chip_43xx/src/dac_18xx_43xx.o
                                                  lpc_chip_43xx/src/i2s_18xx_43xx.o
                                                  lpc_chip_43xx/src/timer_18xx_43xx.o
                                                  lpc_chip_43xx/src/i2cm_18xx_43xx.o
                                                  lpc_chip_43xx/src/ccan_18xx_43xx.o
                                                  lpc_chip_43xx/src/adc_18xx_43xx.o
Chip_Clock_DisableBaseClock                       lpc_chip_43xx/src/clock_18xx_43xx.o
Chip_Clock_DisableCrystal                         lpc_chip_43xx/src/clock_18xx_43xx.o
Chip_Clock_DisablePLL                             lpc_chip_43xx/src/clock_18xx_43xx.o
Chip_Clock_Enable                                 lpc_chip_43xx/src/clock_18xx_43xx.o
                                                  lpc_chip_43xx/src/hsadc_18xx_43xx.o
                                                  lpc_chip_43xx/src/i2c_18xx_43xx.o
                                                  lpc_chip_43xx/src/spi_18xx_43xx.o
                                                  lpc_chip_43xx/src/ssp_18xx_43xx.o
                                                  lpc_chip_43xx/src/i2s_18xx_43xx.o
                                                  lpc_chip_43xx/src/timer_18xx_43xx.o
                                                  lpc_chip_43xx/src/i2cm_18xx_43xx.o
Chip_Clock_EnableBaseClock                        lpc_chip_43xx/src/clock_18xx_43xx.o
                                                  lpc_chip_43xx/src/chip_18xx_43xx.o
Chip_Clock_EnableCrystal                          lpc_chip_43xx/src/clock_18xx_43xx.o
                                                  lpc_chip_43xx/src/sysinit_18xx_43xx.o
Chip_Clock_EnableOpts                             lpc_chip_43xx/src/clock_18xx_43xx.o
                                                  lpc_chip_43xx/src/hsadc_18xx_43xx.o
                                                  lpc_chip_43xx/src/sct_18xx_43xx.o
                                                  lpc_chip_43xx/src/ritimer_18xx_43xx.o
                                                  lpc_chip_43xx/src/lcd_18xx_43xx.o
                                                  lpc_chip_43xx/src/sdif_18xx_43xx.o
                                                  lpc_chip_43xx/src/gpdma_18xx_43xx.o
                                                  lpc_chip_43xx/src/enet_18xx_43xx.o
                                                  lpc_chip_43xx/src/uart_18xx_43xx.o
                                                  lpc_chip_43xx/src/dac_18xx_43xx.o
                                                  lpc_chip_43xx/src/chip_18xx_43xx.o
                                                  lpc_chip_43xx/src/ccan_18xx_43xx.o
                                                  lpc_chip_43xx/src/adc_18xx_43xx.o
Chip_Clock_EnablePLL                              lpc_chip_43xx/src/clock_18xx_43xx.o
                                                  lpc_chip_43xx/src/chip_18xx_43xx.o
Chip_Clock_GetBaseClock                           lpc_chip_43xx/src/clock_18xx_43xx.o
Chip_Clock_GetBaseClockOpts                       lpc_chip_43xx/src/clock_18xx_43xx.o
Chip_Clock_GetBaseClocktHz                        lpc_chip_43xx/src/clock_18xx_43xx.o
                                                  lpc_chip_43xx/src/sdio_18xx_43xx.o
                                                  lpc_chip_43xx/src/sdmmc_18xx_43xx.o
Chip_Clock_GetClockInputHz                        lpc_chip_43xx/src/clock_18xx_43xx.o
                                                  lpc_chip_43xx/src/chip_18xx_43xx.o
Chip_Clock_GetDividerDivisor                      lpc_chip_43xx/src/clock_18xx_43xx.o
Chip_Clock_GetDividerSource                       lpc_chip_43xx/src/clock_18xx_43xx.o
Chip_Clock_GetEMCRate                             lpc_chip_43xx/src/clock_18xx_43xx.o
                                                  lpc_chip_43xx/src/emc_18xx_43xx.o
Chip_Clock_GetMainPLLHz                           lpc_chip_43xx/src/clock_18xx_43xx.o
Chip_Clock_GetPLLStatus                           lpc_chip_43xx/src/clock_18xx_43xx.o
                                                  lpc_chip_43xx/src/chip_18xx_43xx.o
Chip_Clock_GetRate                                lpc_chip_43xx/src/clock_18xx_43xx.o
                                                  lpc_chip_43xx/src/hsadc_18xx_43xx.o
                                                  lpc_chip_43xx/src/ritimer_18xx_43xx.o
                                                  lpc_chip_43xx/src/i2c_18xx_43xx.o
                                                  lpc_chip_43xx/src/sct_pwm_18xx_43xx.o
                                                  lpc_chip_43xx/src/stopwatch_18xx_43xx.o
                                                  lpc_chip_43xx/src/spi_18xx_43xx.o
                                                  lpc_chip_43xx/src/ssp_18xx_43xx.o
                                                  lpc_chip_43xx/src/uart_18xx_43xx.o
                                                  lpc_chip_43xx/src/i2s_18xx_43xx.o
                                                  lpc_chip_43xx/src/i2cm_18xx_43xx.o
                                                  lpc_chip_43xx/src/eeprom_18xx_43xx.o
                                                  lpc_chip_43xx/src/chip_18xx_43xx.o
                                                  lpc_chip_43xx/src/ccan_18xx_43xx.o
                                                  lpc_chip_43xx/src/adc_18xx_43xx.o
Chip_Clock_IsBaseClockEnabled                     lpc_chip_43xx/src/clock_18xx_43xx.o
Chip_Clock_RTCEnable                              lpc_chip_43xx/src/clock_18xx_43xx.o
                                                  lpc_chip_43xx/src/rtc_18xx_43xx.o
Chip_Clock_SetBaseClock                           lpc_chip_43xx/src/clock_18xx_43xx.o
                                                  lpc_board_ciaa_edu_4337/src/board_sysinit.o
                                                  lpc_chip_43xx/src/chip_18xx_43xx.o
                                                  lpc_chip_43xx/src/sysinit_18xx_43xx.o
Chip_Clock_SetDivider                             lpc_chip_43xx/src/clock_18xx_43xx.o
                                                  lpc_chip_43xx/src/chip_18xx_43xx.o
Chip_Clock_SetupMainPLLHz                         lpc_chip_43xx/src/clock_18xx_43xx.o
Chip_Clock_SetupMainPLLMult                       lpc_chip_43xx/src/clock_18xx_43xx.o
Chip_Clock_SetupPLL                               lpc_chip_43xx/src/clock_18xx_43xx.o
                                                  lpc_chip_43xx/src/chip_18xx_43xx.o
Chip_Clock_StartPowerDown                         lpc_chip_43xx/src/clock_18xx_43xx.o
Chip_DAC_DeInit                                   lpc_chip_43xx/src/dac_18xx_43xx.o
Chip_DAC_Init                                     lpc_chip_43xx/src/dac_18xx_43xx.o
Chip_DAC_SetBias                                  lpc_chip_43xx/src/dac_18xx_43xx.o
Chip_DAC_UpdateValue                              lpc_chip_43xx/src/dac_18xx_43xx.o
Chip_EEPROM_EraseProgramPage                      lpc_chip_43xx/src/eeprom_18xx_43xx.o
Chip_EEPROM_Init                                  lpc_chip_43xx/src/eeprom_18xx_43xx.o
Chip_EEPROM_WaitForIntStatus                      lpc_chip_43xx/src/eeprom_18xx_43xx.o
Chip_EMC_Dynamic_Enable                           lpc_chip_43xx/src/emc_18xx_43xx.o
Chip_EMC_Dynamic_Init                             lpc_chip_43xx/src/emc_18xx_43xx.o
Chip_EMC_Enable                                   lpc_chip_43xx/src/emc_18xx_43xx.o
Chip_EMC_Init                                     lpc_chip_43xx/src/emc_18xx_43xx.o
Chip_EMC_LowPowerMode                             lpc_chip_43xx/src/emc_18xx_43xx.o
Chip_EMC_Mirror                                   lpc_chip_43xx/src/emc_18xx_43xx.o
Chip_EMC_Static_Init                              lpc_chip_43xx/src/emc_18xx_43xx.o
Chip_ENET_DeInit                                  lpc_chip_43xx/src/enet_18xx_43xx.o
Chip_ENET_Init                                    lpc_chip_43xx/src/enet_18xx_43xx.o
Chip_ENET_SetDuplex                               lpc_chip_43xx/src/enet_18xx_43xx.o
Chip_ENET_SetSpeed                                lpc_chip_43xx/src/enet_18xx_43xx.o
Chip_ENET_SetupMII                                lpc_chip_43xx/src/enet_18xx_43xx.o
Chip_ENET_StartMIIRead                            lpc_chip_43xx/src/enet_18xx_43xx.o
Chip_ENET_StartMIIWrite                           lpc_chip_43xx/src/enet_18xx_43xx.o
Chip_EVRT_ConfigIntSrcActiveType                  lpc_chip_43xx/src/evrt_18xx_43xx.o
Chip_EVRT_Init                                    lpc_chip_43xx/src/evrt_18xx_43xx.o
Chip_EVRT_IsSourceInterrupting                    lpc_chip_43xx/src/evrt_18xx_43xx.o
Chip_EVRT_SetUpIntSrc                             lpc_chip_43xx/src/evrt_18xx_43xx.o
Chip_GPDMA_ChannelCmd                             lpc_chip_43xx/src/gpdma_18xx_43xx.o
Chip_GPDMA_ClearIntPending                        lpc_chip_43xx/src/gpdma_18xx_43xx.o
Chip_GPDMA_DeInit                                 lpc_chip_43xx/src/gpdma_18xx_43xx.o
Chip_GPDMA_GetFreeChannel                         lpc_chip_43xx/src/gpdma_18xx_43xx.o
Chip_GPDMA_Init                                   lpc_chip_43xx/src/gpdma_18xx_43xx.o
Chip_GPDMA_InitChannelCfg                         lpc_chip_43xx/src/gpdma_18xx_43xx.o
Chip_GPDMA_IntGetStatus                           lpc_chip_43xx/src/gpdma_18xx_43xx.o
Chip_GPDMA_Interrupt                              lpc_chip_43xx/src/gpdma_18xx_43xx.o
Chip_GPDMA_PrepareDescriptor                      lpc_chip_43xx/src/gpdma_18xx_43xx.o
Chip_GPDMA_SGTransfer                             lpc_chip_43xx/src/gpdma_18xx_43xx.o
Chip_GPDMA_Stop                                   lpc_chip_43xx/src/gpdma_18xx_43xx.o
Chip_GPDMA_Transfer                               lpc_chip_43xx/src/gpdma_18xx_43xx.o
Chip_GPIO_DeInit                                  lpc_chip_43xx/src/gpio_18xx_43xx.o
Chip_GPIO_Init                                    lpc_chip_43xx/src/gpio_18xx_43xx.o
                                                  lpc_board_ciaa_edu_4337/src/board.o
Chip_GPIO_SetDir                                  lpc_chip_43xx/src/gpio_18xx_43xx.o
Chip_GPIO_SetPinDIR                               lpc_chip_43xx/src/gpio_18xx_43xx.o
Chip_GPIO_SetPortDIR                              lpc_chip_43xx/src/gpio_18xx_43xx.o
Chip_GPIO_WriteDirBit                             lpc_chip_43xx/src/gpio_18xx_43xx.o
Chip_HSADC_DeInit                                 lpc_chip_43xx/src/hsadc_18xx_43xx.o
Chip_HSADC_Init                                   lpc_chip_43xx/src/hsadc_18xx_43xx.o
Chip_HSADC_SetACDCBias                            lpc_chip_43xx/src/hsadc_18xx_43xx.o
Chip_HSADC_SetPowerSpeed                          lpc_chip_43xx/src/hsadc_18xx_43xx.o
Chip_HSADC_SetSpeed                               lpc_chip_43xx/src/hsadc_18xx_43xx.o
Chip_HSADC_SetThrHighValue                        lpc_chip_43xx/src/hsadc_18xx_43xx.o
Chip_HSADC_SetThrLowValue                         lpc_chip_43xx/src/hsadc_18xx_43xx.o
Chip_HSADC_SetupFIFO                              lpc_chip_43xx/src/hsadc_18xx_43xx.o
Chip_I2CM_DeInit                                  lpc_chip_43xx/src/i2cm_18xx_43xx.o
Chip_I2CM_Init                                    lpc_chip_43xx/src/i2cm_18xx_43xx.o
Chip_I2CM_Read                                    lpc_chip_43xx/src/i2cm_18xx_43xx.o
Chip_I2CM_SetBusSpeed                             lpc_chip_43xx/src/i2cm_18xx_43xx.o
Chip_I2CM_Write                                   lpc_chip_43xx/src/i2cm_18xx_43xx.o
Chip_I2CM_Xfer                                    lpc_chip_43xx/src/i2cm_18xx_43xx.o
Chip_I2CM_XferBlocking                            lpc_chip_43xx/src/i2cm_18xx_43xx.o
Chip_I2CM_XferHandler                             lpc_chip_43xx/src/i2cm_18xx_43xx.o
Chip_I2C_DeInit                                   lpc_chip_43xx/src/i2c_18xx_43xx.o
Chip_I2C_Disable                                  lpc_chip_43xx/src/i2c_18xx_43xx.o
Chip_I2C_EventHandler                             lpc_chip_43xx/src/i2c_18xx_43xx.o
Chip_I2C_EventHandlerPolling                      lpc_chip_43xx/src/i2c_18xx_43xx.o
Chip_I2C_GetClockRate                             lpc_chip_43xx/src/i2c_18xx_43xx.o
Chip_I2C_GetMasterEventHandler                    lpc_chip_43xx/src/i2c_18xx_43xx.o
Chip_I2C_Init                                     lpc_chip_43xx/src/i2c_18xx_43xx.o
Chip_I2C_IsMasterActive                           lpc_chip_43xx/src/i2c_18xx_43xx.o
Chip_I2C_IsStateChanged                           lpc_chip_43xx/src/i2c_18xx_43xx.o
Chip_I2C_MasterCmdRead                            lpc_chip_43xx/src/i2c_18xx_43xx.o
Chip_I2C_MasterRead                               lpc_chip_43xx/src/i2c_18xx_43xx.o
Chip_I2C_MasterSend                               lpc_chip_43xx/src/i2c_18xx_43xx.o
Chip_I2C_MasterStateHandler                       lpc_chip_43xx/src/i2c_18xx_43xx.o
Chip_I2C_MasterTransfer                           lpc_chip_43xx/src/i2c_18xx_43xx.o
Chip_I2C_SetClockRate                             lpc_chip_43xx/src/i2c_18xx_43xx.o
Chip_I2C_SetMasterEventHandler                    lpc_chip_43xx/src/i2c_18xx_43xx.o
Chip_I2C_SlaveSetup                               lpc_chip_43xx/src/i2c_18xx_43xx.o
Chip_I2C_SlaveStateHandler                        lpc_chip_43xx/src/i2c_18xx_43xx.o
Chip_I2S_DMA_RxCmd                                lpc_chip_43xx/src/i2s_18xx_43xx.o
Chip_I2S_DMA_TxCmd                                lpc_chip_43xx/src/i2s_18xx_43xx.o
Chip_I2S_DeInit                                   lpc_chip_43xx/src/i2s_18xx_43xx.o
Chip_I2S_Init                                     lpc_chip_43xx/src/i2s_18xx_43xx.o
Chip_I2S_Int_RxCmd                                lpc_chip_43xx/src/i2s_18xx_43xx.o
Chip_I2S_Int_TxCmd                                lpc_chip_43xx/src/i2s_18xx_43xx.o
Chip_I2S_RxConfig                                 lpc_chip_43xx/src/i2s_18xx_43xx.o
Chip_I2S_TxConfig                                 lpc_chip_43xx/src/i2s_18xx_43xx.o
Chip_IAP_BlankCheckSector                         lpc_chip_43xx/src/iap_18xx_43xx.o
Chip_IAP_Compare                                  lpc_chip_43xx/src/iap_18xx_43xx.o
Chip_IAP_CopyRamToFlash                           lpc_chip_43xx/src/iap_18xx_43xx.o
Chip_IAP_ErasePage                                lpc_chip_43xx/src/iap_18xx_43xx.o
Chip_IAP_EraseSector                              lpc_chip_43xx/src/iap_18xx_43xx.o
Chip_IAP_PreSectorForReadWrite                    lpc_chip_43xx/src/iap_18xx_43xx.o
Chip_IAP_ReadBootCode                             lpc_chip_43xx/src/iap_18xx_43xx.o
Chip_IAP_ReadPID                                  lpc_chip_43xx/src/iap_18xx_43xx.o
Chip_IAP_ReadUID                                  lpc_chip_43xx/src/iap_18xx_43xx.o
Chip_IAP_ReinvokeISP                              lpc_chip_43xx/src/iap_18xx_43xx.o
Chip_IAP_SetBootFlashBank                         lpc_chip_43xx/src/iap_18xx_43xx.o
Chip_LCD_Cursor_Config                            lpc_chip_43xx/src/lcd_18xx_43xx.o
Chip_LCD_Cursor_WriteImage                        lpc_chip_43xx/src/lcd_18xx_43xx.o
Chip_LCD_DeInit                                   lpc_chip_43xx/src/lcd_18xx_43xx.o
Chip_LCD_Init                                     lpc_chip_43xx/src/lcd_18xx_43xx.o
Chip_LCD_LoadPalette                              lpc_chip_43xx/src/lcd_18xx_43xx.o
Chip_OTP_GenRand                                  lpc_chip_43xx/src/otp_18xx_43xx.o
Chip_OTP_Init                                     lpc_chip_43xx/src/otp_18xx_43xx.o
Chip_OTP_ProgBootSrc                              lpc_chip_43xx/src/otp_18xx_43xx.o
Chip_OTP_ProgGPWord                               lpc_chip_43xx/src/otp_18xx_43xx.o
Chip_OTP_ProgJTAGDis                              lpc_chip_43xx/src/otp_18xx_43xx.o
Chip_OTP_ProgKey                                  lpc_chip_43xx/src/otp_18xx_43xx.o
Chip_OTP_ProgUSBID                                lpc_chip_43xx/src/otp_18xx_43xx.o
Chip_PMC_Set_PwrState                             lpc_chip_43xx/src/pmc_18xx_43xx.o
Chip_PMC_Sleep                                    lpc_chip_43xx/src/pmc_18xx_43xx.o
Chip_RIT_DeInit                                   lpc_chip_43xx/src/ritimer_18xx_43xx.o
Chip_RIT_GetIntStatus                             lpc_chip_43xx/src/ritimer_18xx_43xx.o
Chip_RIT_Init                                     lpc_chip_43xx/src/ritimer_18xx_43xx.o
Chip_RIT_SetTimerInterval                         lpc_chip_43xx/src/ritimer_18xx_43xx.o
Chip_RTC_AlarmIntConfig                           lpc_chip_43xx/src/rtc_18xx_43xx.o
Chip_RTC_CalibCounterCmd                          lpc_chip_43xx/src/rtc_18xx_43xx.o
Chip_RTC_CntIncrIntConfig                         lpc_chip_43xx/src/rtc_18xx_43xx.o
Chip_RTC_DeInit                                   lpc_chip_43xx/src/rtc_18xx_43xx.o
Chip_RTC_EV_GetFirstTimeStamp                     lpc_chip_43xx/src/rtc_18xx_43xx.o
Chip_RTC_EV_GetLastTimeStamp                      lpc_chip_43xx/src/rtc_18xx_43xx.o
Chip_RTC_Enable                                   lpc_chip_43xx/src/rtc_18xx_43xx.o
Chip_RTC_GetFullAlarmTime                         lpc_chip_43xx/src/rtc_18xx_43xx.o
Chip_RTC_GetFullTime                              lpc_chip_43xx/src/rtc_18xx_43xx.o
Chip_RTC_Init                                     lpc_chip_43xx/src/rtc_18xx_43xx.o
Chip_RTC_ResetClockTickCounter                    lpc_chip_43xx/src/rtc_18xx_43xx.o
Chip_RTC_SetFullAlarmTime                         lpc_chip_43xx/src/rtc_18xx_43xx.o
Chip_RTC_SetFullTime                              lpc_chip_43xx/src/rtc_18xx_43xx.o
Chip_SCTPWM_SetOutPin                             lpc_chip_43xx/src/sct_pwm_18xx_43xx.o
Chip_SCTPWM_SetRate                               lpc_chip_43xx/src/sct_pwm_18xx_43xx.o
Chip_SCT_DeInit                                   lpc_chip_43xx/src/sct_18xx_43xx.o
Chip_SCT_Init                                     lpc_chip_43xx/src/sct_18xx_43xx.o
Chip_SCT_SetClrControl                            lpc_chip_43xx/src/sct_18xx_43xx.o
Chip_SCT_SetConflictResolution                    lpc_chip_43xx/src/sct_18xx_43xx.o
Chip_SDIF_DeInit                                  lpc_chip_43xx/src/sdif_18xx_43xx.o
Chip_SDIF_DmaSetup                                lpc_chip_43xx/src/sdif_18xx_43xx.o
                                                  lpc_chip_43xx/src/sdio_18xx_43xx.o
                                                  lpc_chip_43xx/src/sdmmc_18xx_43xx.o
Chip_SDIF_GetResponse                             lpc_chip_43xx/src/sdif_18xx_43xx.o
                                                  lpc_chip_43xx/src/sdio_18xx_43xx.o
                                                  lpc_chip_43xx/src/sdmmc_18xx_43xx.o
Chip_SDIF_Init                                    lpc_chip_43xx/src/sdif_18xx_43xx.o
Chip_SDIF_SendCmd                                 lpc_chip_43xx/src/sdif_18xx_43xx.o
                                                  lpc_chip_43xx/src/sdio_18xx_43xx.o
                                                  lpc_chip_43xx/src/sdmmc_18xx_43xx.o
Chip_SDIF_SetClearIntFifo                         lpc_chip_43xx/src/sdif_18xx_43xx.o
                                                  lpc_chip_43xx/src/sdmmc_18xx_43xx.o
Chip_SDIF_SetClock                                lpc_chip_43xx/src/sdif_18xx_43xx.o
                                                  lpc_chip_43xx/src/sdio_18xx_43xx.o
                                                  lpc_chip_43xx/src/sdmmc_18xx_43xx.o
Chip_SDMMC_Acquire                                lpc_chip_43xx/src/sdmmc_18xx_43xx.o